Archive member included to satisfy reference by file (symbol)

e:/nucleistudio_ide_202212-win64/nucleistudio/toolchain/gcc/bin/../lib/gcc/riscv-nuclei-elf/10.2.0/../../../../riscv-nuclei-elf/lib/rv32imac/ilp32\libg_nano.a(lib_a-atexit.o)
                              ./hbird_sdk/SoC/hbirdv2/Common/Source/GCC/startup_hbirdv2.o (atexit)
e:/nucleistudio_ide_202212-win64/nucleistudio/toolchain/gcc/bin/../lib/gcc/riscv-nuclei-elf/10.2.0/../../../../riscv-nuclei-elf/lib/rv32imac/ilp32\libg_nano.a(lib_a-fini.o)
                              ./hbird_sdk/SoC/hbirdv2/Common/Source/GCC/startup_hbirdv2.o (__libc_fini_array)
e:/nucleistudio_ide_202212-win64/nucleistudio/toolchain/gcc/bin/../lib/gcc/riscv-nuclei-elf/10.2.0/../../../../riscv-nuclei-elf/lib/rv32imac/ilp32\libg_nano.a(lib_a-init.o)
                              ./hbird_sdk/SoC/hbirdv2/Common/Source/GCC/startup_hbirdv2.o (__libc_init_array)
e:/nucleistudio_ide_202212-win64/nucleistudio/toolchain/gcc/bin/../lib/gcc/riscv-nuclei-elf/10.2.0/../../../../riscv-nuclei-elf/lib/rv32imac/ilp32\libg_nano.a(lib_a-nano-vfprintf_float.o)
                              (_printf_float)
e:/nucleistudio_ide_202212-win64/nucleistudio/toolchain/gcc/bin/../lib/gcc/riscv-nuclei-elf/10.2.0/../../../../riscv-nuclei-elf/lib/rv32imac/ilp32\libg_nano.a(lib_a-nano-vfprintf_i.o)
                              e:/nucleistudio_ide_202212-win64/nucleistudio/toolchain/gcc/bin/../lib/gcc/riscv-nuclei-elf/10.2.0/../../../../riscv-nuclei-elf/lib/rv32imac/ilp32\libg_nano.a(lib_a-nano-vfprintf_float.o) (_printf_common)
e:/nucleistudio_ide_202212-win64/nucleistudio/toolchain/gcc/bin/../lib/gcc/riscv-nuclei-elf/10.2.0/../../../../riscv-nuclei-elf/lib/rv32imac/ilp32\libg_nano.a(lib_a-printf.o)
                              ./hbird_sdk/SoC/hbirdv2/Common/Source/system_hbirdv2.o (symbol from plugin) (printf)
e:/nucleistudio_ide_202212-win64/nucleistudio/toolchain/gcc/bin/../lib/gcc/riscv-nuclei-elf/10.2.0/../../../../riscv-nuclei-elf/lib/rv32imac/ilp32\libg_nano.a(lib_a-reent.o)
                              ./hbird_sdk/SoC/hbirdv2/Common/Source/Stubs/close.o (symbol from plugin) (errno)
e:/nucleistudio_ide_202212-win64/nucleistudio/toolchain/gcc/bin/../lib/gcc/riscv-nuclei-elf/10.2.0/../../../../riscv-nuclei-elf/lib/rv32imac/ilp32\libg_nano.a(lib_a-strlen.o)
                              e:/nucleistudio_ide_202212-win64/nucleistudio/toolchain/gcc/bin/../lib/gcc/riscv-nuclei-elf/10.2.0/../../../../riscv-nuclei-elf/lib/rv32imac/ilp32\libg_nano.a(lib_a-nano-vfprintf_float.o) (strlen)
e:/nucleistudio_ide_202212-win64/nucleistudio/toolchain/gcc/bin/../lib/gcc/riscv-nuclei-elf/10.2.0/../../../../riscv-nuclei-elf/lib/rv32imac/ilp32\libg_nano.a(lib_a-sysisatty.o)
                              ./hbird_sdk/SoC/hbirdv2/Common/Source/Stubs/write.o (symbol from plugin) (isatty)
e:/nucleistudio_ide_202212-win64/nucleistudio/toolchain/gcc/bin/../lib/gcc/riscv-nuclei-elf/10.2.0/../../../../riscv-nuclei-elf/lib/rv32imac/ilp32\libg_nano.a(lib_a-__atexit.o)
                              e:/nucleistudio_ide_202212-win64/nucleistudio/toolchain/gcc/bin/../lib/gcc/riscv-nuclei-elf/10.2.0/../../../../riscv-nuclei-elf/lib/rv32imac/ilp32\libg_nano.a(lib_a-atexit.o) (__register_exitproc)
e:/nucleistudio_ide_202212-win64/nucleistudio/toolchain/gcc/bin/../lib/gcc/riscv-nuclei-elf/10.2.0/../../../../riscv-nuclei-elf/lib/rv32imac/ilp32\libg_nano.a(lib_a-__call_atexit.o)
                              e:/nucleistudio_ide_202212-win64/nucleistudio/toolchain/gcc/bin/../lib/gcc/riscv-nuclei-elf/10.2.0/../../../../riscv-nuclei-elf/lib/rv32imac/ilp32\libg_nano.a(lib_a-__atexit.o) (__call_exitprocs)
e:/nucleistudio_ide_202212-win64/nucleistudio/toolchain/gcc/bin/../lib/gcc/riscv-nuclei-elf/10.2.0/../../../../riscv-nuclei-elf/lib/rv32imac/ilp32\libg_nano.a(lib_a-dtoa.o)
                              e:/nucleistudio_ide_202212-win64/nucleistudio/toolchain/gcc/bin/../lib/gcc/riscv-nuclei-elf/10.2.0/../../../../riscv-nuclei-elf/lib/rv32imac/ilp32\libg_nano.a(lib_a-nano-vfprintf_float.o) (_dtoa_r)
e:/nucleistudio_ide_202212-win64/nucleistudio/toolchain/gcc/bin/../lib/gcc/riscv-nuclei-elf/10.2.0/../../../../riscv-nuclei-elf/lib/rv32imac/ilp32\libg_nano.a(lib_a-findfp.o)
                              e:/nucleistudio_ide_202212-win64/nucleistudio/toolchain/gcc/bin/../lib/gcc/riscv-nuclei-elf/10.2.0/../../../../riscv-nuclei-elf/lib/rv32imac/ilp32\libg_nano.a(lib_a-printf.o) (__sinit)
e:/nucleistudio_ide_202212-win64/nucleistudio/toolchain/gcc/bin/../lib/gcc/riscv-nuclei-elf/10.2.0/../../../../riscv-nuclei-elf/lib/rv32imac/ilp32\libg_nano.a(lib_a-fwalk.o)
                              e:/nucleistudio_ide_202212-win64/nucleistudio/toolchain/gcc/bin/../lib/gcc/riscv-nuclei-elf/10.2.0/../../../../riscv-nuclei-elf/lib/rv32imac/ilp32\libg_nano.a(lib_a-findfp.o) (_fwalk)
e:/nucleistudio_ide_202212-win64/nucleistudio/toolchain/gcc/bin/../lib/gcc/riscv-nuclei-elf/10.2.0/../../../../riscv-nuclei-elf/lib/rv32imac/ilp32\libg_nano.a(lib_a-impure.o)
[...]
Memory Configuration

Name             Origin             Length             Attributes
ilm              0x0000000080000000 0x0000000000010000 axrl !w
ram              0x0000000090000000 0x0000000000010000 axw !rl
*default*        0x0000000000000000 0xffffffffffffffff

Linker script and memory map

LOAD ./hbird_sdk/SoC/hbirdv2/Common/Source/Stubs/clock_getres.o
LOAD C:\Users\54323\AppData\Local\Temp\e203Dhrystone_test.elf.OLiYsH.ltrans0.ltrans.o
LOAD C:\Users\54323\AppData\Local\Temp\cc05wSVX.debug.temp.o
LOAD C:\Users\54323\AppData\Local\Temp\cceuNGeC.debug.temp.o
LOAD C:\Users\54323\AppData\Local\Temp\ccG9ySak.debug.temp.o
LOAD C:\Users\54323\AppData\Local\Temp\ccsNiI21.debug.temp.o
LOAD C:\Users\54323\AppData\Local\Temp\ccer2xUJ.debug.temp.o
LOAD C:\Users\54323\AppData\Local\Temp\ccgVMkOq.debug.temp.o
LOAD C:\Users\54323\AppData\Local\Temp\ccipx7H7.debug.temp.o
LOAD C:\Users\54323\AppData\Local\Temp\ccyIqxxO.debug.temp.o
LOAD C:\Users\54323\AppData\Local\Temp\ccsAdwAv.debug.temp.o
LOAD C:\Users\54323\AppData\Local\Temp\ccms0uDc.debug.temp.o
LOAD C:\Users\54323\AppData\Local\Temp\ccyfu7BT.debug.temp.o
LOAD C:\Users\54323\AppData\Local\Temp\ccgXYhVz.debug.temp.o
LOAD C:\Users\54323\AppData\Local\Temp\cc6Yj9Eg.debug.temp.o
LOAD C:\Users\54323\AppData\Local\Temp\cc82wDs0.debug.temp.o
LOAD C:\Users\54323\AppData\Local\Temp\ccYmHyxK.debug.temp.o
LOAD C:\Users\54323\AppData\Local\Temp\ccySbZNt.debug.temp.o
LOAD C:\Users\54323\AppData\Local\Temp\cciJuzqd.debug.temp.o
LOAD C:\Users\54323\AppData\Local\Temp\cc2F65iW.debug.temp.o
LOAD C:\Users\54323\AppData\Local\Temp\cce9vJWI.debug.temp.o
LOAD C:\Users\54323\AppData\Local\Temp\ccqCVmAv.debug.temp.o
LOAD C:\Users\54323\AppData\Local\Temp\cckwpB8h.debug.temp.o
LOAD C:\Users\54323\AppData\Local\Temp\ccuYIzK3.debug.temp.o
LOAD C:\Users\54323\AppData\Local\Temp\ccqtbihP.debug.temp.o
LOAD C:\Users\54323\AppData\Local\Temp\ccKaoO1A.debug.temp.o
LOAD C:\Users\54323\AppData\Local\Temp\cc4RAkMm.debug.temp.o
LOAD C:\Users\54323\AppData\Local\Temp\ccCSpls8.debug.temp.o
LOAD C:\Users\54323\AppData\Local\Temp\cci33SkU.debug.temp.o
LOAD C:\Users\54323\AppData\Local\Temp\ccYdIqdG.debug.temp.o
LOAD C:\Users\54323\AppData\Local\Temp\ccAiyH1r.debug.temp.o
LOAD C:\Users\54323\AppData\Local\Temp\ccE99D3d.debug.temp.o
LOAD C:\Users\54323\AppData\Local\Temp\ccgO870Z.debug.temp.o
LOAD C:\Users\54323\AppData\Local\Temp\ccy4TI1K.debug.temp.o
LOAD C:\Users\54323\AppData\Local\Temp\ccQkFj2v.debug.temp.o
LOAD ./hbird_sdk/SoC/hbirdv2/Common/Source/Stubs/clock_gettime.o
LOAD ./hbird_sdk/SoC/hbirdv2/Common/Source/Stubs/clock_settime.o
LOAD ./hbird_sdk/SoC/hbirdv2/Common/Source/Stubs/close.o
LOAD ./hbird_sdk/SoC/hbirdv2/Common/Source/Stubs/execve.o
LOAD ./hbird_sdk/SoC/hbirdv2/Common/Source/Stubs/exit.o
LOAD ./hbird_sdk/SoC/hbirdv2/Common/Source/Stubs/fork.o
LOAD ./hbird_sdk/SoC/hbirdv2/Common/Source/Stubs/fstat.o
LOAD ./hbird_sdk/SoC/hbirdv2/Common/Source/Stubs/getpid.o
LOAD ./hbird_sdk/SoC/hbirdv2/Common/Source/Stubs/gettimeofday.o
LOAD ./hbird_sdk/SoC/hbirdv2/Common/Source/Stubs/isatty.o
LOAD ./hbird_sdk/SoC/hbirdv2/Common/Source/Stubs/kill.o
LOAD ./hbird_sdk/SoC/hbirdv2/Common/Source/Stubs/link.o
LOAD ./hbird_sdk/SoC/hbirdv2/Common/Source/Stubs/lseek.o
LOAD ./hbird_sdk/SoC/hbirdv2/Common/Source/Stubs/open.o
LOAD ./hbird_sdk/SoC/hbirdv2/Common/Source/Stubs/read.o
LOAD ./hbird_sdk/SoC/hbirdv2/Common/Source/Stubs/sbrk.o
LOAD ./hbird_sdk/SoC/hbirdv2/Common/Source/Stubs/stat.o
LOAD ./hbird_sdk/SoC/hbirdv2/Common/Source/Stubs/times.o
LOAD ./hbird_sdk/SoC/hbirdv2/Common/Source/Stubs/unlink.o
LOAD ./hbird_sdk/SoC/hbirdv2/Common/Source/Stubs/wait.o
LOAD ./hbird_sdk/SoC/hbirdv2/Common/Source/Stubs/write.o
LOAD ./hbird_sdk/SoC/hbirdv2/Common/Source/GCC/intexc_hbirdv2.o
LOAD ./hbird_sdk/SoC/hbirdv2/Common/Source/GCC/startup_hbirdv2.o
LOAD ./hbird_sdk/SoC/hbirdv2/Common/Source/Drivers/hbirdv2_gpio.o
LOAD ./hbird_sdk/SoC/hbirdv2/Common/Source/Drivers/hbirdv2_i2c.o
LOAD ./hbird_sdk/SoC/hbirdv2/Common/Source/Drivers/hbirdv2_pwm.o
LOAD ./hbird_sdk/SoC/hbirdv2/Common/Source/Drivers/hbirdv2_spi.o
LOAD ./hbird_sdk/SoC/hbirdv2/Common/Source/Drivers/hbirdv2_uart.o
LOAD ./hbird_sdk/SoC/hbirdv2/Common/Source/Drivers/htif.o
LOAD ./hbird_sdk/SoC/hbirdv2/Common/Source/hbirdv2_common.o
LOAD ./hbird_sdk/SoC/hbirdv2/Common/Source/system_hbirdv2.o
LOAD ./application/dhry_1.o
LOAD ./application/dhry_2.o
LOAD ./application/dhry_stubs.o
LOAD e:/nucleistudio_ide_202212-win64/nucleistudio/toolchain/gcc/bin/../lib/gcc/riscv-nuclei-elf/10.2.0/../../../../riscv-nuclei-elf/lib/rv32imac/ilp32\libstdc++.a
LOAD e:/nucleistudio_ide_202212-win64/nucleistudio/toolchain/gcc/bin/../lib/gcc/riscv-nuclei-elf/10.2.0/../../../../riscv-nuclei-elf/lib/rv32imac/ilp32\libstdc++.a
LOAD e:/nucleistudio_ide_202212-win64/nucleistudio/toolchain/gcc/bin/../lib/gcc/riscv-nuclei-elf/10.2.0/../../../../riscv-nuclei-elf/lib/rv32imac/ilp32\libm_nano.a
LOAD e:/nucleistudio_ide_202212-win64/nucleistudio/toolchain/gcc/bin/../lib/gcc/riscv-nuclei-elf/10.2.0/rv32imac/ilp32\libgcc.a
LOAD e:/nucleistudio_ide_202212-win64/nucleistudio/toolchain/gcc/bin/../lib/gcc/riscv-nuclei-elf/10.2.0/../../../../riscv-nuclei-elf/lib/rv32imac/ilp32\libg_nano.a
LOAD e:/nucleistudio_ide_202212-win64/nucleistudio/toolchain/gcc/bin/../lib/gcc/riscv-nuclei-elf/10.2.0/../../../../riscv-nuclei-elf/lib/rv32imac/ilp32\libc_nano.a
LOAD e:/nucleistudio_ide_202212-win64/nucleistudio/toolchain/gcc/bin/../lib/gcc/riscv-nuclei-elf/10.2.0/rv32imac/ilp32\libgcc.a
START GROUP
LOAD e:/nucleistudio_ide_202212-win64/nucleistudio/toolchain/gcc/bin/../lib/gcc/riscv-nuclei-elf/10.2.0/rv32imac/ilp32\libgcc.a
LOAD e:/nucleistudio_ide_202212-win64/nucleistudio/toolchain/gcc/bin/../lib/gcc/riscv-nuclei-elf/10.2.0/../../../../riscv-nuclei-elf/lib/rv32imac/ilp32\libc_nano.a
LOAD e:/nucleistudio_ide_202212-win64/nucleistudio/toolchain/gcc/bin/../lib/gcc/riscv-nuclei-elf/10.2.0/../../../../riscv-nuclei-elf/lib/rv32imac/ilp32\libnosys.a
END GROUP
START GROUP
LOAD e:/nucleistudio_ide_202212-win64/nucleistudio/toolchain/gcc/bin/../lib/gcc/riscv-nuclei-elf/10.2.0/rv32imac/ilp32\libgcc.a
LOAD e:/nucleistudio_ide_202212-win64/nucleistudio/toolchain/gcc/bin/../lib/gcc/riscv-nuclei-elf/10.2.0/../../../../riscv-nuclei-elf/lib/rv32imac/ilp32\libc_nano.a
LOAD e:/nucleistudio_ide_202212-win64/nucleistudio/toolchain/gcc/bin/../lib/gcc/riscv-nuclei-elf/10.2.0/../../../../riscv-nuclei-elf/lib/rv32imac/ilp32\libnosys.a
END GROUP
                0x0000000000000800                __stack_size = DEFINED (__stack_size)?__stack_size:0x800

.init           0x0000000080000000       0xbe
 *(.vtable)
 *(SORT_NONE(.init))
 .init          0x0000000080000000       0xbe ./hbird_sdk/SoC/hbirdv2/Common/Source/GCC/startup_hbirdv2.o
                0x0000000080000000                _start

.ilalign        0x00000000800000be        0x2
                0x00000000800000c0                . = ALIGN (0x4)
 *fill*         0x00000000800000be        0x2 
                0x00000000800000c0                PROVIDE (_ilm_lma = .)

.ialign         0x00000000800000c0        0x0
                0x00000000800000c0                PROVIDE (_ilm = .)

.text           0x00000000800000c0     0x682c
 *(.text.unlikely .text.unlikely.*)
 *(.text.startup .text.startup.*)
 .text.startup.main
                0x00000000800000c0      0x71c C:\Users\54323\AppData\Local\Temp\e203Dhrystone_test.elf.OLiYsH.ltrans0.ltrans.o
                0x00000000800000c0                main
 *(.text .text.*)
 .text.measure_cpu_freq
                0x00000000800007dc       0x70 C:\Users\54323\AppData\Local\Temp\e203Dhrystone_test.elf.OLiYsH.ltrans0.ltrans.o
 .text.get_cpu_freq
                0x000000008000084c       0x12 C:\Users\54323\AppData\Local\Temp\e203Dhrystone_test.elf.OLiYsH.ltrans0.ltrans.o
 *fill*         0x000000008000085e        0x2 
 .text.Exception_Init
                0x0000000080000860       0x3e C:\Users\54323\AppData\Local\Temp\e203Dhrystone_test.elf.OLiYsH.ltrans0.ltrans.o
 *fill*         0x000000008000089e        0x2 
 .text.Interrupt_Init
                0x00000000800008a0       0x86 C:\Users\54323\AppData\Local\Temp\e203Dhrystone_test.elf.OLiYsH.ltrans0.ltrans.o
 *fill*         0x0000000080000926        0x2 
 .text.core_exception_handler
                0x0000000080000928       0x42 C:\Users\54323\AppData\Local\Temp\e203Dhrystone_test.elf.OLiYsH.ltrans0.ltrans.o
 *fill*         0x000000008000096a        0x2 
 .text.Func_1   0x000000008000096c       0x10 C:\Users\54323\AppData\Local\Temp\e203Dhrystone_test.elf.OLiYsH.ltrans0.ltrans.o
 .text.Func_3   0x000000008000097c        0xa C:\Users\54323\AppData\Local\Temp\e203Dhrystone_test.elf.OLiYsH.ltrans0.ltrans.o
 *fill*         0x0000000080000986        0x2 
 .text.csr_cycle
                0x0000000080000988       0x2a C:\Users\54323\AppData\Local\Temp\e203Dhrystone_test.elf.OLiYsH.ltrans0.ltrans.o
 *fill*         0x00000000800009b2        0x2 
 .text.csr_instret
                0x00000000800009b4       0x2a C:\Users\54323\AppData\Local\Temp\e203Dhrystone_test.elf.OLiYsH.ltrans0.ltrans.o
 *fill*         0x00000000800009de        0x2 
 .text.time     0x00000000800009e0       0x1a C:\Users\54323\AppData\Local\Temp\e203Dhrystone_test.elf.OLiYsH.ltrans0.ltrans.o
 *fill*         0x00000000800009fa        0x2 
 .text.Proc_8.constprop.0.isra.0
                0x00000000800009fc       0x62 C:\Users\54323\AppData\Local\Temp\e203Dhrystone_test.elf.OLiYsH.ltrans0.ltrans.o
 *fill*         0x0000000080000a5e        0x2 
 .text.Proc_6.isra.0
                0x0000000080000a60       0x78 C:\Users\54323\AppData\Local\Temp\e203Dhrystone_test.elf.OLiYsH.ltrans0.ltrans.o
 *fill*         0x0000000080000ad8        0x0 
 .text.Proc_7.isra.0
                0x0000000080000ad8        0xe C:\Users\54323\AppData\Local\Temp\e203Dhrystone_test.elf.OLiYsH.ltrans0.ltrans.o
 *fill*         0x0000000080000ae6        0x2 
 .text.Proc_5.isra.0
                0x0000000080000ae8        0xe C:\Users\54323\AppData\Local\Temp\e203Dhrystone_test.elf.OLiYsH.ltrans0.ltrans.o
 *fill*         0x0000000080000af6        0x2 
 .text.Proc_4.isra.0
                0x0000000080000af8       0x26 C:\Users\54323\AppData\Local\Temp\e203Dhrystone_test.elf.OLiYsH.ltrans0.ltrans.o
 *fill*         0x0000000080000b1e        0x2 
 .text.Proc_3.isra.0
                0x0000000080000b20       0x18 C:\Users\54323\AppData\Local\Temp\e203Dhrystone_test.elf.OLiYsH.ltrans0.ltrans.o
 *fill*         0x0000000080000b38        0x0 
 .text.Proc_1.isra.0
                0x0000000080000b38      0x10c C:\Users\54323\AppData\Local\Temp\e203Dhrystone_test.elf.OLiYsH.ltrans0.ltrans.o
 *fill*         0x0000000080000c44        0x0 
 .text.Proc_2.isra.0
                0x0000000080000c44       0x26 C:\Users\54323\AppData\Local\Temp\e203Dhrystone_test.elf.OLiYsH.ltrans0.ltrans.o
 *fill*         0x0000000080000c6a        0x2 
 .text.system_default_exception_handler
                0x0000000080000c6c       0x46 C:\Users\54323\AppData\Local\Temp\e203Dhrystone_test.elf.OLiYsH.ltrans0.ltrans.o
 *fill*         0x0000000080000cb2        0x2 
 .text.system_default_interrupt_handler
                0x0000000080000cb4       0x4a C:\Users\54323\AppData\Local\Temp\e203Dhrystone_test.elf.OLiYsH.ltrans0.ltrans.o
 *fill*         0x0000000080000cfe        0x2 
 .text.SystemBannerPrint
                0x0000000080000d00       0x4e C:\Users\54323\AppData\Local\Temp\e203Dhrystone_test.elf.OLiYsH.ltrans0.ltrans.o
 *fill*         0x0000000080000d4e        0x2 
 .text.Func_2   0x0000000080000d50       0x40 C:\Users\54323\AppData\Local\Temp\e203Dhrystone_test.elf.OLiYsH.ltrans0.ltrans.o
 *fill*         0x0000000080000d90        0x0 
 .text.uart_read.constprop.0
                0x0000000080000d90       0x18 C:\Users\54323\AppData\Local\Temp\e203Dhrystone_test.elf.OLiYsH.ltrans0.ltrans.o
 .text.uart_write.constprop.0.isra.0
                0x0000000080000da8       0x14 C:\Users\54323\AppData\Local\Temp\e203Dhrystone_test.elf.OLiYsH.ltrans0.ltrans.o
 .text.gpio_iof_config.constprop.0.isra.0
                0x0000000080000dbc       0x16 C:\Users\54323\AppData\Local\Temp\e203Dhrystone_test.elf.OLiYsH.ltrans0.ltrans.o
 *fill*         0x0000000080000dd2        0x2 
 .text.uart_init.constprop.0.isra.0
                0x0000000080000dd4       0x46 C:\Users\54323\AppData\Local\Temp\e203Dhrystone_test.elf.OLiYsH.ltrans0.ltrans.o
 *fill*         0x0000000080000e1a        0x2 
 .text._close   0x0000000080000e1c        0xa C:\Users\54323\AppData\Local\Temp\e203Dhrystone_test.elf.OLiYsH.ltrans0.ltrans.o
                0x0000000080000e1c                _close
 *fill*         0x0000000080000e26        0x2 
 .text._exit    0x0000000080000e28        0x8 C:\Users\54323\AppData\Local\Temp\e203Dhrystone_test.elf.OLiYsH.ltrans0.ltrans.o
                0x0000000080000e28                _exit
 .text._fstat   0x0000000080000e30       0x1e C:\Users\54323\AppData\Local\Temp\e203Dhrystone_test.elf.OLiYsH.ltrans0.ltrans.o
                0x0000000080000e30                _fstat
 *fill*         0x0000000080000e4e        0x2 
 .text._getpid  0x0000000080000e50        0x6 C:\Users\54323\AppData\Local\Temp\e203Dhrystone_test.elf.OLiYsH.ltrans0.ltrans.o
                0x0000000080000e50                _getpid
 *fill*         0x0000000080000e56        0x2 
 .text._isatty  0x0000000080000e58        0x6 C:\Users\54323\AppData\Local\Temp\e203Dhrystone_test.elf.OLiYsH.ltrans0.ltrans.o
                0x0000000080000e58                _isatty
 *fill*         0x0000000080000e5e        0x2 
 .text._kill    0x0000000080000e60        0xa C:\Users\54323\AppData\Local\Temp\e203Dhrystone_test.elf.OLiYsH.ltrans0.ltrans.o
                0x0000000080000e60                _kill
 *fill*         0x0000000080000e6a        0x2 
 .text._lseek   0x0000000080000e6c        0x6 C:\Users\54323\AppData\Local\Temp\e203Dhrystone_test.elf.OLiYsH.ltrans0.ltrans.o
                0x0000000080000e6c                _lseek
 *fill*         0x0000000080000e72        0x2 
 .text._read    0x0000000080000e74       0x20 C:\Users\54323\AppData\Local\Temp\e203Dhrystone_test.elf.OLiYsH.ltrans0.ltrans.o
                0x0000000080000e74                _read
 *fill*         0x0000000080000e94        0x0 
 .text._sbrk    0x0000000080000e94       0x36 C:\Users\54323\AppData\Local\Temp\e203Dhrystone_test.elf.OLiYsH.ltrans0.ltrans.o
                0x0000000080000e94                _sbrk
 *fill*         0x0000000080000eca        0x2 
 .text._write   0x0000000080000ecc      0x1fa C:\Users\54323\AppData\Local\Temp\e203Dhrystone_test.elf.OLiYsH.ltrans0.ltrans.o
                0x0000000080000ecc                _write
 *fill*         0x00000000800010c6        0x2 
 .text.SystemInit
                0x00000000800010c8       0x12 C:\Users\54323\AppData\Local\Temp\e203Dhrystone_test.elf.OLiYsH.ltrans0.ltrans.o
                0x00000000800010c8                SystemInit
 *fill*         0x00000000800010da        0x2 
 .text.core_trap_handler
                0x00000000800010dc       0x8e C:\Users\54323\AppData\Local\Temp\e203Dhrystone_test.elf.OLiYsH.ltrans0.ltrans.o
                0x00000000800010dc                core_trap_handler
 *fill*         0x000000008000116a        0x2 
 .text._premain_init
                0x000000008000116c      0x22c C:\Users\54323\AppData\Local\Temp\e203Dhrystone_test.elf.OLiYsH.ltrans0.ltrans.o
                0x000000008000116c                _premain_init
 *fill*         0x0000000080001398        0x0 
 .text._postmain_fini
                0x0000000080001398        0x2 C:\Users\54323\AppData\Local\Temp\e203Dhrystone_test.elf.OLiYsH.ltrans0.ltrans.o
                0x0000000080001398                _postmain_fini
 *fill*         0x000000008000139a        0x2 
 .text.trap     0x000000008000139c       0x78 ./hbird_sdk/SoC/hbirdv2/Common/Source/GCC/intexc_hbirdv2.o
                0x000000008000139c                trap_entry
 .text.atexit   0x0000000080001414        0xc e:/nucleistudio_ide_202212-win64/nucleistudio/toolchain/gcc/bin/../lib/gcc/riscv-nuclei-elf/10.2.0/../../../../riscv-nuclei-elf/lib/rv32imac/ilp32\libg_nano.a(lib_a-atexit.o)
                0x0000000080001414                atexit
 .text.__libc_fini_array
                0x0000000080001420       0x36 e:/nucleistudio_ide_202212-win64/nucleistudio/toolchain/gcc/bin/../lib/gcc/riscv-nuclei-elf/10.2.0/../../../../riscv-nuclei-elf/lib/rv32imac/ilp32\libg_nano.a(lib_a-fini.o)
                0x0000000080001420                __libc_fini_array
 .text.__libc_init_array
                0x0000000080001456       0x5e e:/nucleistudio_ide_202212-win64/nucleistudio/toolchain/gcc/bin/../lib/gcc/riscv-nuclei-elf/10.2.0/../../../../riscv-nuclei-elf/lib/rv32imac/ilp32\libg_nano.a(lib_a-init.o)
                0x0000000080001456                __libc_init_array
 .text.__cvt    0x00000000800014b4       0xec e:/nucleistudio_ide_202212-win64/nucleistudio/toolchain/gcc/bin/../lib/gcc/riscv-nuclei-elf/10.2.0/../../../../riscv-nuclei-elf/lib/rv32imac/ilp32\libg_nano.a(lib_a-nano-vfprintf_float.o)
                0x00000000800014b4                __cvt
 .text.__exponent
                0x00000000800015a0       0x9c e:/nucleistudio_ide_202212-win64/nucleistudio/toolchain/gcc/bin/../lib/gcc/riscv-nuclei-elf/10.2.0/../../../../riscv-nuclei-elf/lib/rv32imac/ilp32\libg_nano.a(lib_a-nano-vfprintf_float.o)
                0x00000000800015a0                __exponent
 .text._printf_float
                0x000000008000163c      0x4d4 e:/nucleistudio_ide_202212-win64/nucleistudio/toolchain/gcc/bin/../lib/gcc/riscv-nuclei-elf/10.2.0/../../../../riscv-nuclei-elf/lib/rv32imac/ilp32\libg_nano.a(lib_a-nano-vfprintf_float.o)
                0x000000008000163c                _printf_float
 .text._printf_common
                0x0000000080001b10      0x10c e:/nucleistudio_ide_202212-win64/nucleistudio/toolchain/gcc/bin/../lib/gcc/riscv-nuclei-elf/10.2.0/../../../../riscv-nuclei-elf/lib/rv32imac/ilp32\libg_nano.a(lib_a-nano-vfprintf_i.o)
                0x0000000080001b10                _printf_common
 .text._printf_i
                0x0000000080001c1c      0x272 e:/nucleistudio_ide_202212-win64/nucleistudio/toolchain/gcc/bin/../lib/gcc/riscv-nuclei-elf/10.2.0/../../../../riscv-nuclei-elf/lib/rv32imac/ilp32\libg_nano.a(lib_a-nano-vfprintf_i.o)
                0x0000000080001c1c                _printf_i
 .text.printf   0x0000000080001e8e       0x40 e:/nucleistudio_ide_202212-win64/nucleistudio/toolchain/gcc/bin/../lib/gcc/riscv-nuclei-elf/10.2.0/../../../../riscv-nuclei-elf/lib/rv32imac/ilp32\libg_nano.a(lib_a-printf.o)
                0x0000000080001e8e                iprintf
                0x0000000080001e8e                printf
 .text.strlen   0x0000000080001ece       0x12 e:/nucleistudio_ide_202212-win64/nucleistudio/toolchain/gcc/bin/../lib/gcc/riscv-nuclei-elf/10.2.0/../../../../riscv-nuclei-elf/lib/rv32imac/ilp32\libg_nano.a(lib_a-strlen.o)
                0x0000000080001ece                strlen
 .text.isatty   0x0000000080001ee0        0x4 e:/nucleistudio_ide_202212-win64/nucleistudio/toolchain/gcc/bin/../lib/gcc/riscv-nuclei-elf/10.2.0/../../../../riscv-nuclei-elf/lib/rv32imac/ilp32\libg_nano.a(lib_a-sysisatty.o)
                0x0000000080001ee0                isatty
 .text.__register_exitproc
                0x0000000080001ee4       0x78 e:/nucleistudio_ide_202212-win64/nucleistudio/toolchain/gcc/bin/../lib/gcc/riscv-nuclei-elf/10.2.0/../../../../riscv-nuclei-elf/lib/rv32imac/ilp32\libg_nano.a(lib_a-__atexit.o)
                0x0000000080001ee4                __register_exitproc
 .text.quorem   0x0000000080001f5c      0x12c e:/nucleistudio_ide_202212-win64/nucleistudio/toolchain/gcc/bin/../lib/gcc/riscv-nuclei-elf/10.2.0/../../../../riscv-nuclei-elf/lib/rv32imac/ilp32\libg_nano.a(lib_a-dtoa.o)
 .text._dtoa_r  0x0000000080002088      0xc46 e:/nucleistudio_ide_202212-win64/nucleistudio/toolchain/gcc/bin/../lib/gcc/riscv-nuclei-elf/10.2.0/../../../../riscv-nuclei-elf/lib/rv32imac/ilp32\libg_nano.a(lib_a-dtoa.o)
                0x0000000080002088                _dtoa_r
 .text.std      0x0000000080002cce       0x68 e:/nucleistudio_ide_202212-win64/nucleistudio/toolchain/gcc/bin/../lib/gcc/riscv-nuclei-elf/10.2.0/../../../../riscv-nuclei-elf/lib/rv32imac/ilp32\libg_nano.a(lib_a-findfp.o)
 .text._cleanup_r
                0x0000000080002d36        0xa e:/nucleistudio_ide_202212-win64/nucleistudio/toolchain/gcc/bin/../lib/gcc/riscv-nuclei-elf/10.2.0/../../../../riscv-nuclei-elf/lib/rv32imac/ilp32\libg_nano.a(lib_a-findfp.o)
                0x0000000080002d36                _cleanup_r
 .text.__sfmoreglue
                0x0000000080002d40       0x46 e:/nucleistudio_ide_202212-win64/nucleistudio/toolchain/gcc/bin/../lib/gcc/riscv-nuclei-elf/10.2.0/../../../../riscv-nuclei-elf/lib/rv32imac/ilp32\libg_nano.a(lib_a-findfp.o)
                0x0000000080002d40                __sfmoreglue
 .text.__sinit  0x0000000080002d86       0x66 e:/nucleistudio_ide_202212-win64/nucleistudio/toolchain/gcc/bin/../lib/gcc/riscv-nuclei-elf/10.2.0/../../../../riscv-nuclei-elf/lib/rv32imac/ilp32\libg_nano.a(lib_a-findfp.o)
                0x0000000080002d86                __sinit
 .text.__sfp    0x0000000080002dec       0x98 e:/nucleistudio_ide_202212-win64/nucleistudio/toolchain/gcc/bin/../lib/gcc/riscv-nuclei-elf/10.2.0/../../../../riscv-nuclei-elf/lib/rv32imac/ilp32\libg_nano.a(lib_a-findfp.o)
                0x0000000080002dec                __sfp
 .text._fwalk_reent
                0x0000000080002e84       0x6a e:/nucleistudio_ide_202212-win64/nucleistudio/toolchain/gcc/bin/../lib/gcc/riscv-nuclei-elf/10.2.0/../../../../riscv-nuclei-elf/lib/rv32imac/ilp32\libg_nano.a(lib_a-fwalk.o)
                0x0000000080002e84                _fwalk_reent
 .text._localeconv_r
                0x0000000080002eee        0xa e:/nucleistudio_ide_202212-win64/nucleistudio/toolchain/gcc/bin/../lib/gcc/riscv-nuclei-elf/10.2.0/../../../../riscv-nuclei-elf/lib/rv32imac/ilp32\libg_nano.a(lib_a-localeconv.o)
                0x0000000080002eee                _localeconv_r
 .text.malloc   0x0000000080002ef8        0xe e:/nucleistudio_ide_202212-win64/nucleistudio/toolchain/gcc/bin/../lib/gcc/riscv-nuclei-elf/10.2.0/../../../../riscv-nuclei-elf/lib/rv32imac/ilp32\libg_nano.a(lib_a-malloc.o)
                0x0000000080002ef8                malloc
 .text.memchr   0x0000000080002f06       0x1a e:/nucleistudio_ide_202212-win64/nucleistudio/toolchain/gcc/bin/../lib/gcc/riscv-nuclei-elf/10.2.0/../../../../riscv-nuclei-elf/lib/rv32imac/ilp32\libg_nano.a(lib_a-memchr.o)
                0x0000000080002f06                memchr
 .text.memcpy   0x0000000080002f20       0xdc e:/nucleistudio_ide_202212-win64/nucleistudio/toolchain/gcc/bin/../lib/gcc/riscv-nuclei-elf/10.2.0/../../../../riscv-nuclei-elf/lib/rv32imac/ilp32\libg_nano.a(lib_a-memcpy.o)
                0x0000000080002f20                memcpy
 .text          0x0000000080002ffc       0xa8 e:/nucleistudio_ide_202212-win64/nucleistudio/toolchain/gcc/bin/../lib/gcc/riscv-nuclei-elf/10.2.0/../../../../riscv-nuclei-elf/lib/rv32imac/ilp32\libg_nano.a(lib_a-memset.o)
                0x0000000080002ffc                memset
 .text._Balloc  0x00000000800030a4       0xac e:/nucleistudio_ide_202212-win64/nucleistudio/toolchain/gcc/bin/../lib/gcc/riscv-nuclei-elf/10.2.0/../../../../riscv-nuclei-elf/lib/rv32imac/ilp32\libg_nano.a(lib_a-mprec.o)
                0x00000000800030a4                _Balloc
 .text._Bfree   0x0000000080003150       0x60 e:/nucleistudio_ide_202212-win64/nucleistudio/toolchain/gcc/bin/../lib/gcc/riscv-nuclei-elf/10.2.0/../../../../riscv-nuclei-elf/lib/rv32imac/ilp32\libg_nano.a(lib_a-mprec.o)
                0x0000000080003150                _Bfree
 .text.__multadd
                0x00000000800031b0       0xbc e:/nucleistudio_ide_202212-win64/nucleistudio/toolchain/gcc/bin/../lib/gcc/riscv-nuclei-elf/10.2.0/../../../../riscv-nuclei-elf/lib/rv32imac/ilp32\libg_nano.a(lib_a-mprec.o)
                0x00000000800031b0                __multadd
 .text.__hi0bits
                0x000000008000326c       0x46 e:/nucleistudio_ide_202212-win64/nucleistudio/toolchain/gcc/bin/../lib/gcc/riscv-nuclei-elf/10.2.0/../../../../riscv-nuclei-elf/lib/rv32imac/ilp32\libg_nano.a(lib_a-mprec.o)
                0x000000008000326c                __hi0bits
 .text.__lo0bits
                0x00000000800032b2       0x6a e:/nucleistudio_ide_202212-win64/nucleistudio/toolchain/gcc/bin/../lib/gcc/riscv-nuclei-elf/10.2.0/../../../../riscv-nuclei-elf/lib/rv32imac/ilp32\libg_nano.a(lib_a-mprec.o)
                0x00000000800032b2                __lo0bits
 .text.__i2b    0x000000008000331c       0x36 e:/nucleistudio_ide_202212-win64/nucleistudio/toolchain/gcc/bin/../lib/gcc/riscv-nuclei-elf/10.2.0/../../../../riscv-nuclei-elf/lib/rv32imac/ilp32\libg_nano.a(lib_a-mprec.o)
                0x000000008000331c                __i2b
 .text.__multiply
                0x0000000080003352      0x180 e:/nucleistudio_ide_202212-win64/nucleistudio/toolchain/gcc/bin/../lib/gcc/riscv-nuclei-elf/10.2.0/../../../../riscv-nuclei-elf/lib/rv32imac/ilp32\libg_nano.a(lib_a-mprec.o)
                0x0000000080003352                __multiply
 .text.__pow5mult
                0x00000000800034d2       0xd4 e:/nucleistudio_ide_202212-win64/nucleistudio/toolchain/gcc/bin/../lib/gcc/riscv-nuclei-elf/10.2.0/../../../../riscv-nuclei-elf/lib/rv32imac/ilp32\libg_nano.a(lib_a-mprec.o)
                0x00000000800034d2                __pow5mult
 .text.__lshift
                0x00000000800035a6      0x104 e:/nucleistudio_ide_202212-win64/nucleistudio/toolchain/gcc/bin/../lib/gcc/riscv-nuclei-elf/10.2.0/../../../../riscv-nuclei-elf/lib/rv32imac/ilp32\libg_nano.a(lib_a-mprec.o)
                0x00000000800035a6                __lshift
 .text.__mcmp   0x00000000800036aa       0x36 e:/nucleistudio_ide_202212-win64/nucleistudio/toolchain/gcc/bin/../lib/gcc/riscv-nuclei-elf/10.2.0/../../../../riscv-nuclei-elf/lib/rv32imac/ilp32\libg_nano.a(lib_a-mprec.o)
                0x00000000800036aa                __mcmp
 .text.__mdiff  0x00000000800036e0      0x15c e:/nucleistudio_ide_202212-win64/nucleistudio/toolchain/gcc/bin/../lib/gcc/riscv-nuclei-elf/10.2.0/../../../../riscv-nuclei-elf/lib/rv32imac/ilp32\libg_nano.a(lib_a-mprec.o)
                0x00000000800036e0                __mdiff
 .text.__d2b    0x000000008000383c       0xf0 e:/nucleistudio_ide_202212-win64/nucleistudio/toolchain/gcc/bin/../lib/gcc/riscv-nuclei-elf/10.2.0/../../../../riscv-nuclei-elf/lib/rv32imac/ilp32\libg_nano.a(lib_a-mprec.o)
                0x000000008000383c                __d2b
 .text._calloc_r
                0x000000008000392c       0x36 e:/nucleistudio_ide_202212-win64/nucleistudio/toolchain/gcc/bin/../lib/gcc/riscv-nuclei-elf/10.2.0/../../../../riscv-nuclei-elf/lib/rv32imac/ilp32\libg_nano.a(lib_a-nano-callocr.o)
                0x000000008000392c                _calloc_r
 .text._free_r  0x0000000080003962       0xa2 e:/nucleistudio_ide_202212-win64/nucleistudio/toolchain/gcc/bin/../lib/gcc/riscv-nuclei-elf/10.2.0/../../../../riscv-nuclei-elf/lib/rv32imac/ilp32\libg_nano.a(lib_a-nano-freer.o)
                0x0000000080003962                _free_r
 .text._malloc_r
                0x0000000080003a04       0xd6 e:/nucleistudio_ide_202212-win64/nucleistudio/toolchain/gcc/bin/../lib/gcc/riscv-nuclei-elf/10.2.0/../../../../riscv-nuclei-elf/lib/rv32imac/ilp32\libg_nano.a(lib_a-nano-mallocr.o)
                0x0000000080003a04                _malloc_r
 .text.__sfputc_r
                0x0000000080003ada       0x28 e:/nucleistudio_ide_202212-win64/nucleistudio/toolchain/gcc/bin/../lib/gcc/riscv-nuclei-elf/10.2.0/../../../../riscv-nuclei-elf/lib/rv32imac/ilp32\libg_nano.a(lib_a-nano-vfprintf.o)
 .text.__sfputs_r
                0x0000000080003b02       0x42 e:/nucleistudio_ide_202212-win64/nucleistudio/toolchain/gcc/bin/../lib/gcc/riscv-nuclei-elf/10.2.0/../../../../riscv-nuclei-elf/lib/rv32imac/ilp32\libg_nano.a(lib_a-nano-vfprintf.o)
                0x0000000080003b02                __sfputs_r
 .text._vfprintf_r
                0x0000000080003b44      0x29c e:/nucleistudio_ide_202212-win64/nucleistudio/toolchain/gcc/bin/../lib/gcc/riscv-nuclei-elf/10.2.0/../../../../riscv-nuclei-elf/lib/rv32imac/ilp32\libg_nano.a(lib_a-nano-vfprintf.o)
                0x0000000080003b44                _vfprintf_r
                0x0000000080003b44                _vfiprintf_r
 .text._sbrk_r  0x0000000080003de0       0x28 e:/nucleistudio_ide_202212-win64/nucleistudio/toolchain/gcc/bin/../lib/gcc/riscv-nuclei-elf/10.2.0/../../../../riscv-nuclei-elf/lib/rv32imac/ilp32\libg_nano.a(lib_a-sbrkr.o)
                0x0000000080003de0                _sbrk_r
 .text.__sread  0x0000000080003e08       0x30 e:/nucleistudio_ide_202212-win64/nucleistudio/toolchain/gcc/bin/../lib/gcc/riscv-nuclei-elf/10.2.0/../../../../riscv-nuclei-elf/lib/rv32imac/ilp32\libg_nano.a(lib_a-stdio.o)
                0x0000000080003e08                __sread
 .text.__swrite
                0x0000000080003e38       0x4e e:/nucleistudio_ide_202212-win64/nucleistudio/toolchain/gcc/bin/../lib/gcc/riscv-nuclei-elf/10.2.0/../../../../riscv-nuclei-elf/lib/rv32imac/ilp32\libg_nano.a(lib_a-stdio.o)
                0x0000000080003e38                __swrite
 .text.__sseek  0x0000000080003e86       0x36 e:/nucleistudio_ide_202212-win64/nucleistudio/toolchain/gcc/bin/../lib/gcc/riscv-nuclei-elf/10.2.0/../../../../riscv-nuclei-elf/lib/rv32imac/ilp32\libg_nano.a(lib_a-stdio.o)
                0x0000000080003e86                __sseek
 .text.__sclose
                0x0000000080003ebc        0x6 e:/nucleistudio_ide_202212-win64/nucleistudio/toolchain/gcc/bin/../lib/gcc/riscv-nuclei-elf/10.2.0/../../../../riscv-nuclei-elf/lib/rv32imac/ilp32\libg_nano.a(lib_a-stdio.o)
                0x0000000080003ebc                __sclose
 .text.__swbuf_r
                0x0000000080003ec2       0xc2 e:/nucleistudio_ide_202212-win64/nucleistudio/toolchain/gcc/bin/../lib/gcc/riscv-nuclei-elf/10.2.0/../../../../riscv-nuclei-elf/lib/rv32imac/ilp32\libg_nano.a(lib_a-wbuf.o)
                0x0000000080003ec2                __swbuf_r
 .text._write_r
                0x0000000080003f84       0x2c e:/nucleistudio_ide_202212-win64/nucleistudio/toolchain/gcc/bin/../lib/gcc/riscv-nuclei-elf/10.2.0/../../../../riscv-nuclei-elf/lib/rv32imac/ilp32\libg_nano.a(lib_a-writer.o)
                0x0000000080003f84                _write_r
 .text.__swsetup_r
                0x0000000080003fb0      0x10e e:/nucleistudio_ide_202212-win64/nucleistudio/toolchain/gcc/bin/../lib/gcc/riscv-nuclei-elf/10.2.0/../../../../riscv-nuclei-elf/lib/rv32imac/ilp32\libg_nano.a(lib_a-wsetup.o)
                0x0000000080003fb0                __swsetup_r
 .text.__assert_func
                0x00000000800040be       0x3a e:/nucleistudio_ide_202212-win64/nucleistudio/toolchain/gcc/bin/../lib/gcc/riscv-nuclei-elf/10.2.0/../../../../riscv-nuclei-elf/lib/rv32imac/ilp32\libg_nano.a(lib_a-assert.o)
                0x00000000800040be                __assert_func
 .text._close_r
                0x00000000800040f8       0x28 e:/nucleistudio_ide_202212-win64/nucleistudio/toolchain/gcc/bin/../lib/gcc/riscv-nuclei-elf/10.2.0/../../../../riscv-nuclei-elf/lib/rv32imac/ilp32\libg_nano.a(lib_a-closer.o)
                0x00000000800040f8                _close_r
 .text.__sflush_r
                0x0000000080004120      0x148 e:/nucleistudio_ide_202212-win64/nucleistudio/toolchain/gcc/bin/../lib/gcc/riscv-nuclei-elf/10.2.0/../../../../riscv-nuclei-elf/lib/rv32imac/ilp32\libg_nano.a(lib_a-fflush.o)
                0x0000000080004120                __sflush_r
 .text._fflush_r
                0x0000000080004268       0x66 e:/nucleistudio_ide_202212-win64/nucleistudio/toolchain/gcc/bin/../lib/gcc/riscv-nuclei-elf/10.2.0/../../../../riscv-nuclei-elf/lib/rv32imac/ilp32\libg_nano.a(lib_a-fflush.o)
                0x0000000080004268                _fflush_r
 .text.fprintf  0x00000000800042ce       0x2a e:/nucleistudio_ide_202212-win64/nucleistudio/toolchain/gcc/bin/../lib/gcc/riscv-nuclei-elf/10.2.0/../../../../riscv-nuclei-elf/lib/rv32imac/ilp32\libg_nano.a(lib_a-fprintf.o)
                0x00000000800042ce                fiprintf
                0x00000000800042ce                fprintf
 .text._lseek_r
                0x00000000800042f8       0x2c e:/nucleistudio_ide_202212-win64/nucleistudio/toolchain/gcc/bin/../lib/gcc/riscv-nuclei-elf/10.2.0/../../../../riscv-nuclei-elf/lib/rv32imac/ilp32\libg_nano.a(lib_a-lseekr.o)
                0x00000000800042f8                _lseek_r
 .text.__swhatbuf_r
                0x0000000080004324       0x5a e:/nucleistudio_ide_202212-win64/nucleistudio/toolchain/gcc/bin/../lib/gcc/riscv-nuclei-elf/10.2.0/../../../../riscv-nuclei-elf/lib/rv32imac/ilp32\libg_nano.a(lib_a-makebuf.o)
                0x0000000080004324                __swhatbuf_r
 .text.__smakebuf_r
                0x000000008000437e       0x9e e:/nucleistudio_ide_202212-win64/nucleistudio/toolchain/gcc/bin/../lib/gcc/riscv-nuclei-elf/10.2.0/../../../../riscv-nuclei-elf/lib/rv32imac/ilp32\libg_nano.a(lib_a-makebuf.o)
                0x000000008000437e                __smakebuf_r
 .text.__ascii_mbtowc
                0x000000008000441c       0x3a e:/nucleistudio_ide_202212-win64/nucleistudio/toolchain/gcc/bin/../lib/gcc/riscv-nuclei-elf/10.2.0/../../../../riscv-nuclei-elf/lib/rv32imac/ilp32\libg_nano.a(lib_a-mbtowc_r.o)
                0x000000008000441c                __ascii_mbtowc
 .text.__malloc_lock
                0x0000000080004456        0x2 e:/nucleistudio_ide_202212-win64/nucleistudio/toolchain/gcc/bin/../lib/gcc/riscv-nuclei-elf/10.2.0/../../../../riscv-nuclei-elf/lib/rv32imac/ilp32\libg_nano.a(lib_a-mlock.o)
                0x0000000080004456                __malloc_lock
 .text.__malloc_unlock
                0x0000000080004458        0x2 e:/nucleistudio_ide_202212-win64/nucleistudio/toolchain/gcc/bin/../lib/gcc/riscv-nuclei-elf/10.2.0/../../../../riscv-nuclei-elf/lib/rv32imac/ilp32\libg_nano.a(lib_a-mlock.o)
                0x0000000080004458                __malloc_unlock
 .text._read_r  0x000000008000445a       0x2c e:/nucleistudio_ide_202212-win64/nucleistudio/toolchain/gcc/bin/../lib/gcc/riscv-nuclei-elf/10.2.0/../../../../riscv-nuclei-elf/lib/rv32imac/ilp32\libg_nano.a(lib_a-readr.o)
                0x000000008000445a                _read_r
 .text          0x0000000080004486      0x11e e:/nucleistudio_ide_202212-win64/nucleistudio/toolchain/gcc/bin/../lib/gcc/riscv-nuclei-elf/10.2.0/../../../../riscv-nuclei-elf/lib/rv32imac/ilp32\libg_nano.a(lib_a-strcmp.o)
                0x0000000080004486                strcmp
 .text.__ascii_wctomb
                0x00000000800045a4       0x20 e:/nucleistudio_ide_202212-win64/nucleistudio/toolchain/gcc/bin/../lib/gcc/riscv-nuclei-elf/10.2.0/../../../../riscv-nuclei-elf/lib/rv32imac/ilp32\libg_nano.a(lib_a-wctomb_r.o)
                0x00000000800045a4                __ascii_wctomb
 .text.abort    0x00000000800045c4        0xe e:/nucleistudio_ide_202212-win64/nucleistudio/toolchain/gcc/bin/../lib/gcc/riscv-nuclei-elf/10.2.0/../../../../riscv-nuclei-elf/lib/rv32imac/ilp32\libg_nano.a(lib_a-abort.o)
                0x00000000800045c4                abort
 .text._fstat_r
                0x00000000800045d2       0x2a e:/nucleistudio_ide_202212-win64/nucleistudio/toolchain/gcc/bin/../lib/gcc/riscv-nuclei-elf/10.2.0/../../../../riscv-nuclei-elf/lib/rv32imac/ilp32\libg_nano.a(lib_a-fstatr.o)
                0x00000000800045d2                _fstat_r
 .text._isatty_r
                0x00000000800045fc       0x28 e:/nucleistudio_ide_202212-win64/nucleistudio/toolchain/gcc/bin/../lib/gcc/riscv-nuclei-elf/10.2.0/../../../../riscv-nuclei-elf/lib/rv32imac/ilp32\libg_nano.a(lib_a-isattyr.o)
                0x00000000800045fc                _isatty_r
 .text._raise_r
                0x0000000080004624       0x62 e:/nucleistudio_ide_202212-win64/nucleistudio/toolchain/gcc/bin/../lib/gcc/riscv-nuclei-elf/10.2.0/../../../../riscv-nuclei-elf/lib/rv32imac/ilp32\libg_nano.a(lib_a-signal.o)
                0x0000000080004624                _raise_r
 .text.raise    0x0000000080004686        0xc e:/nucleistudio_ide_202212-win64/nucleistudio/toolchain/gcc/bin/../lib/gcc/riscv-nuclei-elf/10.2.0/../../../../riscv-nuclei-elf/lib/rv32imac/ilp32\libg_nano.a(lib_a-signal.o)
                0x0000000080004686                raise
 .text._kill_r  0x0000000080004692       0x2a e:/nucleistudio_ide_202212-win64/nucleistudio/toolchain/gcc/bin/../lib/gcc/riscv-nuclei-elf/10.2.0/../../../../riscv-nuclei-elf/lib/rv32imac/ilp32\libg_nano.a(lib_a-signalr.o)
                0x0000000080004692                _kill_r
 .text._getpid_r
                0x00000000800046bc        0x4 e:/nucleistudio_ide_202212-win64/nucleistudio/toolchain/gcc/bin/../lib/gcc/riscv-nuclei-elf/10.2.0/../../../../riscv-nuclei-elf/lib/rv32imac/ilp32\libg_nano.a(lib_a-signalr.o)
                0x00000000800046bc                _getpid_r
 .text.__adddf3
                0x00000000800046c0      0x60a e:/nucleistudio_ide_202212-win64/nucleistudio/toolchain/gcc/bin/../lib/gcc/riscv-nuclei-elf/10.2.0/rv32imac/ilp32\libgcc.a(adddf3.o)
                0x00000000800046c0                __adddf3
 .text.__divdf3
                0x0000000080004cca      0x540 e:/nucleistudio_ide_202212-win64/nucleistudio/toolchain/gcc/bin/../lib/gcc/riscv-nuclei-elf/10.2.0/rv32imac/ilp32\libgcc.a(divdf3.o)
                0x0000000080004cca                __divdf3
 .text.__eqdf2  0x000000008000520a       0x6a e:/nucleistudio_ide_202212-win64/nucleistudio/toolchain/gcc/bin/../lib/gcc/riscv-nuclei-elf/10.2.0/rv32imac/ilp32\libgcc.a(eqdf2.o)
                0x000000008000520a                __nedf2
                0x000000008000520a                __eqdf2
 .text.__gedf2  0x0000000080005274       0xa6 e:/nucleistudio_ide_202212-win64/nucleistudio/toolchain/gcc/bin/../lib/gcc/riscv-nuclei-elf/10.2.0/rv32imac/ilp32\libgcc.a(gedf2.o)
                0x0000000080005274                __gedf2
                0x0000000080005274                __gtdf2
 .text.__ledf2  0x000000008000531a       0xa6 e:/nucleistudio_ide_202212-win64/nucleistudio/toolchain/gcc/bin/../lib/gcc/riscv-nuclei-elf/10.2.0/rv32imac/ilp32\libgcc.a(ledf2.o)
                0x000000008000531a                __ledf2
                0x000000008000531a                __ltdf2
 .text.__muldf3
                0x00000000800053c0      0x442 e:/nucleistudio_ide_202212-win64/nucleistudio/toolchain/gcc/bin/../lib/gcc/riscv-nuclei-elf/10.2.0/rv32imac/ilp32\libgcc.a(muldf3.o)
                0x00000000800053c0                __muldf3
 .text.__subdf3
                0x0000000080005802      0x618 e:/nucleistudio_ide_202212-win64/nucleistudio/toolchain/gcc/bin/../lib/gcc/riscv-nuclei-elf/10.2.0/rv32imac/ilp32\libgcc.a(subdf3.o)
                0x0000000080005802                __subdf3
 .text.__unorddf2
                0x0000000080005e1a       0x3a e:/nucleistudio_ide_202212-win64/nucleistudio/toolchain/gcc/bin/../lib/gcc/riscv-nuclei-elf/10.2.0/rv32imac/ilp32\libgcc.a(unorddf2.o)
                0x0000000080005e1a                __unorddf2
 .text.__fixdfsi
                0x0000000080005e54       0x64 e:/nucleistudio_ide_202212-win64/nucleistudio/toolchain/gcc/bin/../lib/gcc/riscv-nuclei-elf/10.2.0/rv32imac/ilp32\libgcc.a(fixdfsi.o)
                0x0000000080005e54                __fixdfsi
 .text.__floatsidf
                0x0000000080005eb8       0x66 e:/nucleistudio_ide_202212-win64/nucleistudio/toolchain/gcc/bin/../lib/gcc/riscv-nuclei-elf/10.2.0/rv32imac/ilp32\libgcc.a(floatsidf.o)
                0x0000000080005eb8                __floatsidf
 .text.__floatunsidf
                0x0000000080005f1e       0x4e e:/nucleistudio_ide_202212-win64/nucleistudio/toolchain/gcc/bin/../lib/gcc/riscv-nuclei-elf/10.2.0/rv32imac/ilp32\libgcc.a(floatunsidf.o)
                0x0000000080005f1e                __floatunsidf
 .text.__trunctfdf2
                0x0000000080005f6c      0x23c e:/nucleistudio_ide_202212-win64/nucleistudio/toolchain/gcc/bin/../lib/gcc/riscv-nuclei-elf/10.2.0/rv32imac/ilp32\libgcc.a(trunctfdf2.o)
                0x0000000080005f6c                __trunctfdf2
 .text.__clzsi2
                0x00000000800061a8       0x3c e:/nucleistudio_ide_202212-win64/nucleistudio/toolchain/gcc/bin/../lib/gcc/riscv-nuclei-elf/10.2.0/rv32imac/ilp32\libgcc.a(_clzsi2.o)
                0x00000000800061a8                __clzsi2
 .text.__udivdi3
                0x00000000800061e4      0x360 e:/nucleistudio_ide_202212-win64/nucleistudio/toolchain/gcc/bin/../lib/gcc/riscv-nuclei-elf/10.2.0/rv32imac/ilp32\libgcc.a(_udivdi3.o)
                0x00000000800061e4                __udivdi3
 .text.__divsf3
                0x0000000080006544      0x254 e:/nucleistudio_ide_202212-win64/nucleistudio/toolchain/gcc/bin/../lib/gcc/riscv-nuclei-elf/10.2.0/rv32imac/ilp32\libgcc.a(divsf3.o)
                0x0000000080006544                __divsf3
 .text.__floatsisf
                0x0000000080006798       0xbc e:/nucleistudio_ide_202212-win64/nucleistudio/toolchain/gcc/bin/../lib/gcc/riscv-nuclei-elf/10.2.0/rv32imac/ilp32\libgcc.a(floatsisf.o)
                0x0000000080006798                __floatsisf
 .text.__extendsfdf2
                0x0000000080006854       0x98 e:/nucleistudio_ide_202212-win64/nucleistudio/toolchain/gcc/bin/../lib/gcc/riscv-nuclei-elf/10.2.0/rv32imac/ilp32\libgcc.a(extendsfdf2.o)
                0x0000000080006854                __extendsfdf2
 *(.gnu.linkonce.t.*)

.rodata         0x00000000800068f0      0xce0
                0x00000000800068f0                . = ALIGN (0x4)
 *(.rdata)
 *(.rodata .rodata.*)
 .rodata.system_default_exception_handler.str1.4
                0x00000000800068f0       0x44 C:\Users\54323\AppData\Local\Temp\e203Dhrystone_test.elf.OLiYsH.ltrans0.ltrans.o
 .rodata.system_default_interrupt_handler.str1.4
                0x0000000080006934       0x14 C:\Users\54323\AppData\Local\Temp\e203Dhrystone_test.elf.OLiYsH.ltrans0.ltrans.o
 .rodata.SystemBannerPrint.str1.4
                0x0000000080006948       0x6f C:\Users\54323\AppData\Local\Temp\e203Dhrystone_test.elf.OLiYsH.ltrans0.ltrans.o
 *fill*         0x00000000800069b7        0x1 
 .rodata.main.str1.4
                0x00000000800069b8      0x623 C:\Users\54323\AppData\Local\Temp\e203Dhrystone_test.elf.OLiYsH.ltrans0.ltrans.o
                                        0x627 (size before relaxing)
 *fill*         0x0000000080006fdb        0x1 
 .rodata._printf_float.str1.4
                0x0000000080006fdc       0x12 e:/nucleistudio_ide_202212-win64/nucleistudio/toolchain/gcc/bin/../lib/gcc/riscv-nuclei-elf/10.2.0/../../../../riscv-nuclei-elf/lib/rv32imac/ilp32\libg_nano.a(lib_a-nano-vfprintf_float.o)
 *fill*         0x0000000080006fee        0x2 
 .rodata._printf_i.str1.4
                0x0000000080006ff0       0x25 e:/nucleistudio_ide_202212-win64/nucleistudio/toolchain/gcc/bin/../lib/gcc/riscv-nuclei-elf/10.2.0/../../../../riscv-nuclei-elf/lib/rv32imac/ilp32\libg_nano.a(lib_a-nano-vfprintf_i.o)
 *fill*         0x0000000080007015        0x3 
 .rodata._printf_i
                0x0000000080007018       0x58 e:/nucleistudio_ide_202212-win64/nucleistudio/toolchain/gcc/bin/../lib/gcc/riscv-nuclei-elf/10.2.0/../../../../riscv-nuclei-elf/lib/rv32imac/ilp32\libg_nano.a(lib_a-nano-vfprintf_i.o)
 .rodata._dtoa_r.str1.4
                0x0000000080007070       0x8d e:/nucleistudio_ide_202212-win64/nucleistudio/toolchain/gcc/bin/../lib/gcc/riscv-nuclei-elf/10.2.0/../../../../riscv-nuclei-elf/lib/rv32imac/ilp32\libg_nano.a(lib_a-dtoa.o)
                                         0x91 (size before relaxing)
 *fill*         0x00000000800070fd        0x3 
 .rodata.__sf_fake_stderr
                0x0000000080007100       0x20 e:/nucleistudio_ide_202212-win64/nucleistudio/toolchain/gcc/bin/../lib/gcc/riscv-nuclei-elf/10.2.0/../../../../riscv-nuclei-elf/lib/rv32imac/ilp32\libg_nano.a(lib_a-findfp.o)
                0x0000000080007100                __sf_fake_stderr
 .rodata.__sf_fake_stdin
                0x0000000080007120       0x20 e:/nucleistudio_ide_202212-win64/nucleistudio/toolchain/gcc/bin/../lib/gcc/riscv-nuclei-elf/10.2.0/../../../../riscv-nuclei-elf/lib/rv32imac/ilp32\libg_nano.a(lib_a-findfp.o)
                0x0000000080007120                __sf_fake_stdin
 .rodata.__sf_fake_stdout
                0x0000000080007140       0x20 e:/nucleistudio_ide_202212-win64/nucleistudio/toolchain/gcc/bin/../lib/gcc/riscv-nuclei-elf/10.2.0/../../../../riscv-nuclei-elf/lib/rv32imac/ilp32\libg_nano.a(lib_a-findfp.o)
                0x0000000080007140                __sf_fake_stdout
 .rodata._Balloc.str1.4
                0x0000000080007160       0x53 e:/nucleistudio_ide_202212-win64/nucleistudio/toolchain/gcc/bin/../lib/gcc/riscv-nuclei-elf/10.2.0/../../../../riscv-nuclei-elf/lib/rv32imac/ilp32\libg_nano.a(lib_a-mprec.o)
                                         0x6b (size before relaxing)
 .rodata.__multadd.str1.4
                0x00000000800071b3       0x11 e:/nucleistudio_ide_202212-win64/nucleistudio/toolchain/gcc/bin/../lib/gcc/riscv-nuclei-elf/10.2.0/../../../../riscv-nuclei-elf/lib/rv32imac/ilp32\libg_nano.a(lib_a-mprec.o)
 *fill*         0x00000000800071b3        0x5 
 .rodata.__mprec_bigtens
                0x00000000800071b8       0x28 e:/nucleistudio_ide_202212-win64/nucleistudio/toolchain/gcc/bin/../lib/gcc/riscv-nuclei-elf/10.2.0/../../../../riscv-nuclei-elf/lib/rv32imac/ilp32\libg_nano.a(lib_a-mprec.o)
                0x00000000800071b8                __mprec_bigtens
 .rodata.__mprec_tens
                0x00000000800071e0       0xc8 e:/nucleistudio_ide_202212-win64/nucleistudio/toolchain/gcc/bin/../lib/gcc/riscv-nuclei-elf/10.2.0/../../../../riscv-nuclei-elf/lib/rv32imac/ilp32\libg_nano.a(lib_a-mprec.o)
                0x00000000800071e0                __mprec_tens
 .rodata.p05.0  0x00000000800072a8        0xc e:/nucleistudio_ide_202212-win64/nucleistudio/toolchain/gcc/bin/../lib/gcc/riscv-nuclei-elf/10.2.0/../../../../riscv-nuclei-elf/lib/rv32imac/ilp32\libg_nano.a(lib_a-mprec.o)
 .rodata._vfprintf_r.str1.4
                0x00000000800072b4       0x13 e:/nucleistudio_ide_202212-win64/nucleistudio/toolchain/gcc/bin/../lib/gcc/riscv-nuclei-elf/10.2.0/../../../../riscv-nuclei-elf/lib/rv32imac/ilp32\libg_nano.a(lib_a-nano-vfprintf.o)
 *fill*         0x00000000800072c7        0x1 
 .rodata.__assert_func.str1.4
                0x00000000800072c8       0x3f e:/nucleistudio_ide_202212-win64/nucleistudio/toolchain/gcc/bin/../lib/gcc/riscv-nuclei-elf/10.2.0/../../../../riscv-nuclei-elf/lib/rv32imac/ilp32\libg_nano.a(lib_a-assert.o)
                                         0x43 (size before relaxing)
 *fill*         0x0000000080007307        0x1 
 .rodata._setlocale_r.str1.4
                0x0000000080007308        0xa e:/nucleistudio_ide_202212-win64/nucleistudio/toolchain/gcc/bin/../lib/gcc/riscv-nuclei-elf/10.2.0/../../../../riscv-nuclei-elf/lib/rv32imac/ilp32\libg_nano.a(lib_a-locale.o)
                                          0xd (size before relaxing)
 *fill*         0x0000000080007312        0x2 
 .rodata.str1.4
                0x0000000080007314        0x2 e:/nucleistudio_ide_202212-win64/nucleistudio/toolchain/gcc/bin/../lib/gcc/riscv-nuclei-elf/10.2.0/../../../../riscv-nuclei-elf/lib/rv32imac/ilp32\libg_nano.a(lib_a-locale.o)
 *fill*         0x0000000080007316        0x2 
 .rodata._ctype_
                0x0000000080007318      0x101 e:/nucleistudio_ide_202212-win64/nucleistudio/toolchain/gcc/bin/../lib/gcc/riscv-nuclei-elf/10.2.0/../../../../riscv-nuclei-elf/lib/rv32imac/ilp32\libg_nano.a(lib_a-ctype_.o)
                0x0000000080007318                _ctype_
 *fill*         0x0000000080007419        0x3 
 .rodata.__divdf3
                0x000000008000741c       0x3c e:/nucleistudio_ide_202212-win64/nucleistudio/toolchain/gcc/bin/../lib/gcc/riscv-nuclei-elf/10.2.0/rv32imac/ilp32\libgcc.a(divdf3.o)
 .rodata.__muldf3
                0x0000000080007458       0x3c e:/nucleistudio_ide_202212-win64/nucleistudio/toolchain/gcc/bin/../lib/gcc/riscv-nuclei-elf/10.2.0/rv32imac/ilp32\libgcc.a(muldf3.o)
 .rodata.__clz_tab
                0x0000000080007494      0x100 e:/nucleistudio_ide_202212-win64/nucleistudio/toolchain/gcc/bin/../lib/gcc/riscv-nuclei-elf/10.2.0/rv32imac/ilp32\libgcc.a(_clz.o)
                0x0000000080007494                __clz_tab
 .rodata.__divsf3
                0x0000000080007594       0x3c e:/nucleistudio_ide_202212-win64/nucleistudio/toolchain/gcc/bin/../lib/gcc/riscv-nuclei-elf/10.2.0/rv32imac/ilp32\libgcc.a(divsf3.o)
                0x00000000800075d0                . = ALIGN (0x4)
                0x00000000800075d0                __rt_init_start = .
 *(SORT_BY_NAME(.rti_fn*))
                0x00000000800075d0                __rt_init_end = .
                0x00000000800075d0                . = ALIGN (0x4)
                0x00000000800075d0                __fsymtab_start = .
 *(FSymTab)
                0x00000000800075d0                __fsymtab_end = .
                0x00000000800075d0                . = ALIGN (0x4)
                0x00000000800075d0                __vsymtab_start = .
 *(VSymTab)
                0x00000000800075d0                __vsymtab_end = .
 *(.gnu.linkonce.r.*)

.rela.dyn       0x00000000800075d0        0x0
 .rela.init     0x00000000800075d0        0x0 ./hbird_sdk/SoC/hbirdv2/Common/Source/GCC/intexc_hbirdv2.o
 .rela.text.__libc_fini_array
                0x00000000800075d0        0x0 ./hbird_sdk/SoC/hbirdv2/Common/Source/GCC/intexc_hbirdv2.o
 .rela.text.__libc_init_array
                0x00000000800075d0        0x0 ./hbird_sdk/SoC/hbirdv2/Common/Source/GCC/intexc_hbirdv2.o
 .rela.text.__register_exitproc
                0x00000000800075d0        0x0 ./hbird_sdk/SoC/hbirdv2/Common/Source/GCC/intexc_hbirdv2.o
 .rela.text._vfprintf_r
                0x00000000800075d0        0x0 ./hbird_sdk/SoC/hbirdv2/Common/Source/GCC/intexc_hbirdv2.o
 .rela.text._sbrk
                0x00000000800075d0        0x0 ./hbird_sdk/SoC/hbirdv2/Common/Source/GCC/intexc_hbirdv2.o
 .rela.sdata.curbrk.0
                0x00000000800075d0        0x0 ./hbird_sdk/SoC/hbirdv2/Common/Source/GCC/intexc_hbirdv2.o

.fini
 *(SORT_NONE(.fini))
                0x00000000800075d0                . = ALIGN (0x4)
                [!provide]                        PROVIDE (__etext = .)
                [!provide]                        PROVIDE (_etext = .)
                [!provide]                        PROVIDE (etext = .)
                0x00000000800075d0                PROVIDE (_eilm = .)

.preinit_array  0x00000000800075d0        0x0
                0x00000000800075d0                PROVIDE (__preinit_array_start = .)
 *(.preinit_array)
                0x00000000800075d0                PROVIDE (__preinit_array_end = .)

.init_array     0x00000000800075d0        0x0
                0x00000000800075d0                PROVIDE (__init_array_start = .)
 *(SORT_BY_INIT_PRIORITY(.init_array.*) SORT_BY_INIT_PRIORITY(.ctors.*))
 *(.init_array EXCLUDE_FILE(*crtend?.o *crtend.o *crtbegin?.o *crtbegin.o) .ctors)
                0x00000000800075d0                PROVIDE (__init_array_end = .)

.fini_array     0x00000000800075d0        0x0
                0x00000000800075d0                PROVIDE (__fini_array_start = .)
 *(SORT_BY_INIT_PRIORITY(.fini_array.*) SORT_BY_INIT_PRIORITY(.dtors.*))
 *(.fini_array EXCLUDE_FILE(*crtend?.o *crtend.o *crtbegin?.o *crtbegin.o) .dtors)
                0x00000000800075d0                PROVIDE (__fini_array_end = .)

.ctors
 *crtbegin.o(.ctors)
 *crtbegin?.o(.ctors)
 *(EXCLUDE_FILE(*crtend?.o *crtend.o) .ctors)
 *(SORT_BY_NAME(.ctors.*))
 *(.ctors)

.dtors
 *crtbegin.o(.dtors)
 *crtbegin?.o(.dtors)
 *(EXCLUDE_FILE(*crtend?.o *crtend.o) .dtors)
 *(SORT_BY_NAME(.dtors.*))
 *(.dtors)

.lalign         0x00000000800075d0        0x0
                0x00000000800075d0                . = ALIGN (0x4)
                0x00000000800075d0                PROVIDE (_data_lma = .)

.dalign         0x0000000090000000        0x0 load address 0x00000000800075d0
                0x0000000090000000                . = ALIGN (0x4)
                0x0000000090000000                PROVIDE (_data = .)

.data           0x0000000090000000      0x240 load address 0x00000000800075d0
 *(.data .data.*)
 .data.impure_data
                0x0000000090000000       0x60 e:/nucleistudio_ide_202212-win64/nucleistudio/toolchain/gcc/bin/../lib/gcc/riscv-nuclei-elf/10.2.0/../../../../riscv-nuclei-elf/lib/rv32imac/ilp32\libg_nano.a(lib_a-impure.o)
 .data.__global_locale
                0x0000000090000060      0x16c e:/nucleistudio_ide_202212-win64/nucleistudio/toolchain/gcc/bin/../lib/gcc/riscv-nuclei-elf/10.2.0/../../../../riscv-nuclei-elf/lib/rv32imac/ilp32\libg_nano.a(lib_a-locale.o)
                0x0000000090000060                __global_locale
 *(.gnu.linkonce.d.*)
                0x00000000900001d0                . = ALIGN (0x8)
 *fill*         0x00000000900001cc        0x4 
                0x00000000900009d0                PROVIDE (__global_pointer$ = (. + 0x800))
 *(.sdata .sdata.* .sdata*)
 .sdata.SystemCoreClock
                0x00000000900001d0        0x4 C:\Users\54323\AppData\Local\Temp\e203Dhrystone_test.elf.OLiYsH.ltrans0.ltrans.o
 .sdata.curbrk.0
                0x00000000900001d4        0x4 C:\Users\54323\AppData\Local\Temp\e203Dhrystone_test.elf.OLiYsH.ltrans0.ltrans.o
 .sdata._impure_ptr
                0x00000000900001d8        0x4 e:/nucleistudio_ide_202212-win64/nucleistudio/toolchain/gcc/bin/../lib/gcc/riscv-nuclei-elf/10.2.0/../../../../riscv-nuclei-elf/lib/rv32imac/ilp32\libg_nano.a(lib_a-impure.o)
                0x00000000900001d8                _impure_ptr
 *(.gnu.linkonce.s.*)
                0x00000000900001e0                . = ALIGN (0x8)
 *fill*         0x00000000900001dc        0x4 
 *(.srodata.cst16)
 *(.srodata.cst8)
 .srodata.cst8  0x00000000900001e0        0x8 e:/nucleistudio_ide_202212-win64/nucleistudio/toolchain/gcc/bin/../lib/gcc/riscv-nuclei-elf/10.2.0/../../../../riscv-nuclei-elf/lib/rv32imac/ilp32\libg_nano.a(lib_a-nano-vfprintf_float.o)
 .srodata.cst8  0x00000000900001e8       0x48 e:/nucleistudio_ide_202212-win64/nucleistudio/toolchain/gcc/bin/../lib/gcc/riscv-nuclei-elf/10.2.0/../../../../riscv-nuclei-elf/lib/rv32imac/ilp32\libg_nano.a(lib_a-dtoa.o)
 *(.srodata.cst4)
 .srodata.cst4  0x0000000090000230        0xc C:\Users\54323\AppData\Local\Temp\e203Dhrystone_test.elf.OLiYsH.ltrans0.ltrans.o
 *(.srodata.cst2)
 *(.srodata .srodata.*)
 .srodata._global_impure_ptr
                0x000000009000023c        0x4 e:/nucleistudio_ide_202212-win64/nucleistudio/toolchain/gcc/bin/../lib/gcc/riscv-nuclei-elf/10.2.0/../../../../riscv-nuclei-elf/lib/rv32imac/ilp32\libg_nano.a(lib_a-impure.o)
                0x000000009000023c                _global_impure_ptr
                0x0000000090000240                . = ALIGN (0x4)
                0x0000000090000240                PROVIDE (_edata = .)
                [!provide]                        PROVIDE (edata = .)
                [!provide]                        PROVIDE (_fbss = .)
                0x0000000090000240                PROVIDE (__bss_start = .)

.bss            0x0000000090000240     0x2940
 *(.sbss*)
 .sbss.Begin_Cycle
                0x0000000090000240        0x4 C:\Users\54323\AppData\Local\Temp\e203Dhrystone_test.elf.OLiYsH.ltrans0.ltrans.o
 .sbss.Begin_Instret
                0x0000000090000244        0x4 C:\Users\54323\AppData\Local\Temp\e203Dhrystone_test.elf.OLiYsH.ltrans0.ltrans.o
 .sbss.Begin_Time
                0x0000000090000248        0x4 C:\Users\54323\AppData\Local\Temp\e203Dhrystone_test.elf.OLiYsH.ltrans0.ltrans.o
 .sbss.Bool_Glob
                0x000000009000024c        0x4 C:\Users\54323\AppData\Local\Temp\e203Dhrystone_test.elf.OLiYsH.ltrans0.ltrans.o
 .sbss.Ch_1_Glob
                0x0000000090000250        0x1 C:\Users\54323\AppData\Local\Temp\e203Dhrystone_test.elf.OLiYsH.ltrans0.ltrans.o
 .sbss.Ch_2_Glob
                0x0000000090000251        0x1 C:\Users\54323\AppData\Local\Temp\e203Dhrystone_test.elf.OLiYsH.ltrans0.ltrans.o
 *fill*         0x0000000090000252        0x2 
 .sbss.DMIPS_MHZ
                0x0000000090000254        0x4 C:\Users\54323\AppData\Local\Temp\e203Dhrystone_test.elf.OLiYsH.ltrans0.ltrans.o
 .sbss.End_Cycle
                0x0000000090000258        0x4 C:\Users\54323\AppData\Local\Temp\e203Dhrystone_test.elf.OLiYsH.ltrans0.ltrans.o
 .sbss.End_Instret
                0x000000009000025c        0x4 C:\Users\54323\AppData\Local\Temp\e203Dhrystone_test.elf.OLiYsH.ltrans0.ltrans.o
 .sbss.End_Time
                0x0000000090000260        0x4 C:\Users\54323\AppData\Local\Temp\e203Dhrystone_test.elf.OLiYsH.ltrans0.ltrans.o
 .sbss.Int_Glob
                0x0000000090000264        0x4 C:\Users\54323\AppData\Local\Temp\e203Dhrystone_test.elf.OLiYsH.ltrans0.ltrans.o
 .sbss.Next_Ptr_Glob
                0x0000000090000268        0x4 C:\Users\54323\AppData\Local\Temp\e203Dhrystone_test.elf.OLiYsH.ltrans0.ltrans.o
 .sbss.Ptr_Glob
                0x000000009000026c        0x4 C:\Users\54323\AppData\Local\Temp\e203Dhrystone_test.elf.OLiYsH.ltrans0.ltrans.o
 .sbss.User_Cycle
                0x0000000090000270        0x4 C:\Users\54323\AppData\Local\Temp\e203Dhrystone_test.elf.OLiYsH.ltrans0.ltrans.o
 .sbss.errno    0x0000000090000274        0x4 e:/nucleistudio_ide_202212-win64/nucleistudio/toolchain/gcc/bin/../lib/gcc/riscv-nuclei-elf/10.2.0/../../../../riscv-nuclei-elf/lib/rv32imac/ilp32\libg_nano.a(lib_a-reent.o)
                0x0000000090000274                errno
 .sbss._global_atexit
                0x0000000090000278        0x4 e:/nucleistudio_ide_202212-win64/nucleistudio/toolchain/gcc/bin/../lib/gcc/riscv-nuclei-elf/10.2.0/../../../../riscv-nuclei-elf/lib/rv32imac/ilp32\libg_nano.a(lib_a-__call_atexit.o)
                0x0000000090000278                _global_atexit
 .sbss.__malloc_free_list
                0x000000009000027c        0x4 e:/nucleistudio_ide_202212-win64/nucleistudio/toolchain/gcc/bin/../lib/gcc/riscv-nuclei-elf/10.2.0/../../../../riscv-nuclei-elf/lib/rv32imac/ilp32\libg_nano.a(lib_a-nano-mallocr.o)
                0x000000009000027c                __malloc_free_list
 .sbss.__malloc_sbrk_start
                0x0000000090000280        0x4 e:/nucleistudio_ide_202212-win64/nucleistudio/toolchain/gcc/bin/../lib/gcc/riscv-nuclei-elf/10.2.0/../../../../riscv-nuclei-elf/lib/rv32imac/ilp32\libg_nano.a(lib_a-nano-mallocr.o)
                0x0000000090000280                __malloc_sbrk_start
 *(.gnu.linkonce.sb.*)
 *(.bss .bss.*)
 .bss.Arr_1_Glob
                0x0000000090000284       0xc8 C:\Users\54323\AppData\Local\Temp\e203Dhrystone_test.elf.OLiYsH.ltrans0.ltrans.o
 .bss.Arr_2_Glob
                0x000000009000034c     0x2710 C:\Users\54323\AppData\Local\Temp\e203Dhrystone_test.elf.OLiYsH.ltrans0.ltrans.o
 .bss.SystemCoreInterruptHandlers
                0x0000000090002a5c       0x28 C:\Users\54323\AppData\Local\Temp\e203Dhrystone_test.elf.OLiYsH.ltrans0.ltrans.o
 .bss.SystemExceptionHandlers
                0x0000000090002a84       0x2c C:\Users\54323\AppData\Local\Temp\e203Dhrystone_test.elf.OLiYsH.ltrans0.ltrans.o
 .bss.SystemExtInterruptHandlers
                0x0000000090002ab0       0x44 C:\Users\54323\AppData\Local\Temp\e203Dhrystone_test.elf.OLiYsH.ltrans0.ltrans.o
 .bss._global_atexit0
                0x0000000090002af4       0x8c e:/nucleistudio_ide_202212-win64/nucleistudio/toolchain/gcc/bin/../lib/gcc/riscv-nuclei-elf/10.2.0/../../../../riscv-nuclei-elf/lib/rv32imac/ilp32\libg_nano.a(lib_a-__atexit.o)
 *(.gnu.linkonce.b.*)
 *(COMMON)
                0x0000000090002b80                . = ALIGN (0x4)
                0x0000000090002b80                . = ALIGN (0x8)
                0x0000000090002b80                PROVIDE (_end = .)
                [!provide]                        PROVIDE (end = .)

.stack          0x000000009000f800      0x800 load address 0x0000000090002b80
                0x000000009000f800                PROVIDE (_heap_end = .)
                0x0000000000000800                . = __stack_size
 *fill*         0x000000009000f800      0x800 
                0x0000000090010000                PROVIDE (_sp = .)
OUTPUT(e203Dhrystone_test.elf elf32-littleriscv)

.debug_info     0x0000000000000000     0x8011
 .debug_info    0x0000000000000000     0x1766 C:\Users\54323\AppData\Local\Temp\e203Dhrystone_test.elf.OLiYsH.ltrans0.ltrans.o
 .debug_info    0x0000000000001766       0x96 C:\Users\54323\AppData\Local\Temp\ccsNiI21.debug.temp.o
                0x0000000000001766                close.c.89bb9304
 .debug_info    0x00000000000017fc       0x8c C:\Users\54323\AppData\Local\Temp\ccgVMkOq.debug.temp.o
                0x00000000000017fc                exit.c.04e3fae4
 .debug_info    0x0000000000001888      0x2b0 C:\Users\54323\AppData\Local\Temp\ccyIqxxO.debug.temp.o
                0x0000000000001888                fstat.c.7c6f492f
 .debug_info    0x0000000000001b38       0x7e C:\Users\54323\AppData\Local\Temp\ccsAdwAv.debug.temp.o
                0x0000000000001b38                getpid.c.f41a5da1
 .debug_info    0x0000000000001bb6       0x8a C:\Users\54323\AppData\Local\Temp\ccyfu7BT.debug.temp.o
                0x0000000000001bb6                isatty.c.210a5c7c
 .debug_info    0x0000000000001c40       0xa3 C:\Users\54323\AppData\Local\Temp\ccgXYhVz.debug.temp.o
                0x0000000000001c40                kill.c.a5fbf034
 .debug_info    0x0000000000001ce3       0xa3 C:\Users\54323\AppData\Local\Temp\cc82wDs0.debug.temp.o
                0x0000000000001ce3                lseek.c.c1fddf0d
 .debug_info    0x0000000000001d86      0x1ff C:\Users\54323\AppData\Local\Temp\ccySbZNt.debug.temp.o
                0x0000000000001d86                read.c.b1be53fd
 .debug_info    0x0000000000001f85       0xce C:\Users\54323\AppData\Local\Temp\cciJuzqd.debug.temp.o
                0x0000000000001f85                sbrk.c.7b1c6c32
 .debug_info    0x0000000000002053      0x215 C:\Users\54323\AppData\Local\Temp\ccuYIzK3.debug.temp.o
                0x0000000000002053                write.c.295d69ed
 .debug_info    0x0000000000002268      0x2de C:\Users\54323\AppData\Local\Temp\ccqtbihP.debug.temp.o
                0x0000000000002268                hbirdv2_gpio.c.8414b9b3
 .debug_info    0x0000000000002546      0x437 C:\Users\54323\AppData\Local\Temp\cci33SkU.debug.temp.o
                0x0000000000002546                hbirdv2_uart.c.f83399e3
 .debug_info    0x000000000000297d      0x22d C:\Users\54323\AppData\Local\Temp\ccAiyH1r.debug.temp.o
                0x000000000000297d                hbirdv2_common.c.185e376a
 .debug_info    0x0000000000002baa      0x881 C:\Users\54323\AppData\Local\Temp\ccE99D3d.debug.temp.o
                0x0000000000002baa                system_hbirdv2.c.724fed48
 .debug_info    0x000000000000342b      0x52a C:\Users\54323\AppData\Local\Temp\ccgO870Z.debug.temp.o
                0x000000000000342b                dhry_1.c.f1a19c8c
 .debug_info    0x0000000000003955      0x286 C:\Users\54323\AppData\Local\Temp\ccy4TI1K.debug.temp.o
                0x0000000000003955                dhry_2.c.3be98497
 .debug_info    0x0000000000003bdb      0x280 C:\Users\54323\AppData\Local\Temp\ccQkFj2v.debug.temp.o
                0x0000000000003bdb                dhry_stubs.c.ed1ece54
 .debug_info    0x0000000000003e5b       0x26 ./hbird_sdk/SoC/hbirdv2/Common/Source/GCC/intexc_hbirdv2.o
 .debug_info    0x0000000000003e81       0x26 ./hbird_sdk/SoC/hbirdv2/Common/Source/GCC/startup_hbirdv2.o
 .debug_info    0x0000000000003ea7      0x581 e:/nucleistudio_ide_202212-win64/nucleistudio/toolchain/gcc/bin/../lib/gcc/riscv-nuclei-elf/10.2.0/rv32imac/ilp32\libgcc.a(adddf3.o)
 .debug_info    0x0000000000004428      0x72a e:/nucleistudio_ide_202212-win64/nucleistudio/toolchain/gcc/bin/../lib/gcc/riscv-nuclei-elf/10.2.0/rv32imac/ilp32\libgcc.a(divdf3.o)
 .debug_info    0x0000000000004b52      0x255 e:/nucleistudio_ide_202212-win64/nucleistudio/toolchain/gcc/bin/../lib/gcc/riscv-nuclei-elf/10.2.0/rv32imac/ilp32\libgcc.a(eqdf2.o)
 .debug_info    0x0000000000004da7      0x253 e:/nucleistudio_ide_202212-win64/nucleistudio/toolchain/gcc/bin/../lib/gcc/riscv-nuclei-elf/10.2.0/rv32imac/ilp32\libgcc.a(gedf2.o)
 .debug_info    0x0000000000004ffa      0x253 e:/nucleistudio_ide_202212-win64/nucleistudio/toolchain/gcc/bin/../lib/gcc/riscv-nuclei-elf/10.2.0/rv32imac/ilp32\libgcc.a(ledf2.o)
 .debug_info    0x000000000000524d      0x766 e:/nucleistudio_ide_202212-win64/nucleistudio/toolchain/gcc/bin/../lib/gcc/riscv-nuclei-elf/10.2.0/rv32imac/ilp32\libgcc.a(muldf3.o)
 .debug_info    0x00000000000059b3      0x581 e:/nucleistudio_ide_202212-win64/nucleistudio/toolchain/gcc/bin/../lib/gcc/riscv-nuclei-elf/10.2.0/rv32imac/ilp32\libgcc.a(subdf3.o)
 .debug_info    0x0000000000005f34      0x256 e:/nucleistudio_ide_202212-win64/nucleistudio/toolchain/gcc/bin/../lib/gcc/riscv-nuclei-elf/10.2.0/rv32imac/ilp32\libgcc.a(unorddf2.o)
 .debug_info    0x000000000000618a      0x1e7 e:/nucleistudio_ide_202212-win64/nucleistudio/toolchain/gcc/bin/../lib/gcc/riscv-nuclei-elf/10.2.0/rv32imac/ilp32\libgcc.a(fixdfsi.o)
 .debug_info    0x0000000000006371      0x29b e:/nucleistudio_ide_202212-win64/nucleistudio/toolchain/gcc/bin/../lib/gcc/riscv-nuclei-elf/10.2.0/rv32imac/ilp32\libgcc.a(floatsidf.o)
 .debug_info    0x000000000000660c      0x28e e:/nucleistudio_ide_202212-win64/nucleistudio/toolchain/gcc/bin/../lib/gcc/riscv-nuclei-elf/10.2.0/rv32imac/ilp32\libgcc.a(floatunsidf.o)
 .debug_info    0x000000000000689a      0x516 e:/nucleistudio_ide_202212-win64/nucleistudio/toolchain/gcc/bin/../lib/gcc/riscv-nuclei-elf/10.2.0/rv32imac/ilp32\libgcc.a(trunctfdf2.o)
 .debug_info    0x0000000000006db0      0x152 e:/nucleistudio_ide_202212-win64/nucleistudio/toolchain/gcc/bin/../lib/gcc/riscv-nuclei-elf/10.2.0/rv32imac/ilp32\libgcc.a(_clzsi2.o)
 .debug_info    0x0000000000006f02       0xe5 e:/nucleistudio_ide_202212-win64/nucleistudio/toolchain/gcc/bin/../lib/gcc/riscv-nuclei-elf/10.2.0/rv32imac/ilp32\libgcc.a(_clz.o)
 .debug_info    0x0000000000006fe7      0x7c0 e:/nucleistudio_ide_202212-win64/nucleistudio/toolchain/gcc/bin/../lib/gcc/riscv-nuclei-elf/10.2.0/rv32imac/ilp32\libgcc.a(_udivdi3.o)
 .debug_info    0x00000000000077a7      0x3a3 e:/nucleistudio_ide_202212-win64/nucleistudio/toolchain/gcc/bin/../lib/gcc/riscv-nuclei-elf/10.2.0/rv32imac/ilp32\libgcc.a(divsf3.o)
 .debug_info    0x0000000000007b4a      0x23c e:/nucleistudio_ide_202212-win64/nucleistudio/toolchain/gcc/bin/../lib/gcc/riscv-nuclei-elf/10.2.0/rv32imac/ilp32\libgcc.a(floatsisf.o)
 .debug_info    0x0000000000007d86      0x28b e:/nucleistudio_ide_202212-win64/nucleistudio/toolchain/gcc/bin/../lib/gcc/riscv-nuclei-elf/10.2.0/rv32imac/ilp32\libgcc.a(extendsfdf2.o)

.debug_abbrev   0x0000000000000000     0x2747
 .debug_abbrev  0x0000000000000000      0x1d5 C:\Users\54323\AppData\Local\Temp\e203Dhrystone_test.elf.OLiYsH.ltrans0.ltrans.o
 .debug_abbrev  0x00000000000001d5       0x5b C:\Users\54323\AppData\Local\Temp\ccsNiI21.debug.temp.o
 .debug_abbrev  0x0000000000000230       0x5a C:\Users\54323\AppData\Local\Temp\ccgVMkOq.debug.temp.o
 .debug_abbrev  0x000000000000028a       0xb8 C:\Users\54323\AppData\Local\Temp\ccyIqxxO.debug.temp.o
 .debug_abbrev  0x0000000000000342       0x39 C:\Users\54323\AppData\Local\Temp\ccsAdwAv.debug.temp.o
 .debug_abbrev  0x000000000000037b       0x48 C:\Users\54323\AppData\Local\Temp\ccyfu7BT.debug.temp.o
 .debug_abbrev  0x00000000000003c3       0x5b C:\Users\54323\AppData\Local\Temp\ccgXYhVz.debug.temp.o
 .debug_abbrev  0x000000000000041e       0x48 C:\Users\54323\AppData\Local\Temp\cc82wDs0.debug.temp.o
 .debug_abbrev  0x0000000000000466       0xd5 C:\Users\54323\AppData\Local\Temp\ccySbZNt.debug.temp.o
 .debug_abbrev  0x000000000000053b       0x97 C:\Users\54323\AppData\Local\Temp\cciJuzqd.debug.temp.o
 .debug_abbrev  0x00000000000005d2       0xee C:\Users\54323\AppData\Local\Temp\ccuYIzK3.debug.temp.o
 .debug_abbrev  0x00000000000006c0       0xc9 C:\Users\54323\AppData\Local\Temp\ccqtbihP.debug.temp.o
 .debug_abbrev  0x0000000000000789      0x130 C:\Users\54323\AppData\Local\Temp\cci33SkU.debug.temp.o
 .debug_abbrev  0x00000000000008b9      0x100 C:\Users\54323\AppData\Local\Temp\ccAiyH1r.debug.temp.o
 .debug_abbrev  0x00000000000009b9      0x238 C:\Users\54323\AppData\Local\Temp\ccE99D3d.debug.temp.o
 .debug_abbrev  0x0000000000000bf1      0x180 C:\Users\54323\AppData\Local\Temp\ccgO870Z.debug.temp.o
 .debug_abbrev  0x0000000000000d71       0xc2 C:\Users\54323\AppData\Local\Temp\ccy4TI1K.debug.temp.o
 .debug_abbrev  0x0000000000000e33       0xf1 C:\Users\54323\AppData\Local\Temp\ccQkFj2v.debug.temp.o
 .debug_abbrev  0x0000000000000f24       0x14 ./hbird_sdk/SoC/hbirdv2/Common/Source/GCC/intexc_hbirdv2.o
 .debug_abbrev  0x0000000000000f38       0x14 ./hbird_sdk/SoC/hbirdv2/Common/Source/GCC/startup_hbirdv2.o
 .debug_abbrev  0x0000000000000f4c      0x173 e:/nucleistudio_ide_202212-win64/nucleistudio/toolchain/gcc/bin/../lib/gcc/riscv-nuclei-elf/10.2.0/rv32imac/ilp32\libgcc.a(adddf3.o)
 .debug_abbrev  0x00000000000010bf      0x173 e:/nucleistudio_ide_202212-win64/nucleistudio/toolchain/gcc/bin/../lib/gcc/riscv-nuclei-elf/10.2.0/rv32imac/ilp32\libgcc.a(divdf3.o)
 .debug_abbrev  0x0000000000001232      0x14b e:/nucleistudio_ide_202212-win64/nucleistudio/toolchain/gcc/bin/../lib/gcc/riscv-nuclei-elf/10.2.0/rv32imac/ilp32\libgcc.a(eqdf2.o)
 .debug_abbrev  0x000000000000137d      0x15e e:/nucleistudio_ide_202212-win64/nucleistudio/toolchain/gcc/bin/../lib/gcc/riscv-nuclei-elf/10.2.0/rv32imac/ilp32\libgcc.a(gedf2.o)
 .debug_abbrev  0x00000000000014db      0x15e e:/nucleistudio_ide_202212-win64/nucleistudio/toolchain/gcc/bin/../lib/gcc/riscv-nuclei-elf/10.2.0/rv32imac/ilp32\libgcc.a(ledf2.o)
 .debug_abbrev  0x0000000000001639      0x185 e:/nucleistudio_ide_202212-win64/nucleistudio/toolchain/gcc/bin/../lib/gcc/riscv-nuclei-elf/10.2.0/rv32imac/ilp32\libgcc.a(muldf3.o)
 .debug_abbrev  0x00000000000017be      0x173 e:/nucleistudio_ide_202212-win64/nucleistudio/toolchain/gcc/bin/../lib/gcc/riscv-nuclei-elf/10.2.0/rv32imac/ilp32\libgcc.a(subdf3.o)
 .debug_abbrev  0x0000000000001931      0x14b e:/nucleistudio_ide_202212-win64/nucleistudio/toolchain/gcc/bin/../lib/gcc/riscv-nuclei-elf/10.2.0/rv32imac/ilp32\libgcc.a(unorddf2.o)
 .debug_abbrev  0x0000000000001a7c      0x15e e:/nucleistudio_ide_202212-win64/nucleistudio/toolchain/gcc/bin/../lib/gcc/riscv-nuclei-elf/10.2.0/rv32imac/ilp32\libgcc.a(fixdfsi.o)
 .debug_abbrev  0x0000000000001bda      0x164 e:/nucleistudio_ide_202212-win64/nucleistudio/toolchain/gcc/bin/../lib/gcc/riscv-nuclei-elf/10.2.0/rv32imac/ilp32\libgcc.a(floatsidf.o)
 .debug_abbrev  0x0000000000001d3e      0x164 e:/nucleistudio_ide_202212-win64/nucleistudio/toolchain/gcc/bin/../lib/gcc/riscv-nuclei-elf/10.2.0/rv32imac/ilp32\libgcc.a(floatunsidf.o)
 .debug_abbrev  0x0000000000001ea2      0x1a6 e:/nucleistudio_ide_202212-win64/nucleistudio/toolchain/gcc/bin/../lib/gcc/riscv-nuclei-elf/10.2.0/rv32imac/ilp32\libgcc.a(trunctfdf2.o)
 .debug_abbrev  0x0000000000002048       0xca e:/nucleistudio_ide_202212-win64/nucleistudio/toolchain/gcc/bin/../lib/gcc/riscv-nuclei-elf/10.2.0/rv32imac/ilp32\libgcc.a(_clzsi2.o)
 .debug_abbrev  0x0000000000002112       0x70 e:/nucleistudio_ide_202212-win64/nucleistudio/toolchain/gcc/bin/../lib/gcc/riscv-nuclei-elf/10.2.0/rv32imac/ilp32\libgcc.a(_clz.o)
 .debug_abbrev  0x0000000000002182      0x19d e:/nucleistudio_ide_202212-win64/nucleistudio/toolchain/gcc/bin/../lib/gcc/riscv-nuclei-elf/10.2.0/rv32imac/ilp32\libgcc.a(_udivdi3.o)
 .debug_abbrev  0x000000000000231f      0x14c e:/nucleistudio_ide_202212-win64/nucleistudio/toolchain/gcc/bin/../lib/gcc/riscv-nuclei-elf/10.2.0/rv32imac/ilp32\libgcc.a(divsf3.o)
 .debug_abbrev  0x000000000000246b      0x184 e:/nucleistudio_ide_202212-win64/nucleistudio/toolchain/gcc/bin/../lib/gcc/riscv-nuclei-elf/10.2.0/rv32imac/ilp32\libgcc.a(floatsisf.o)
 .debug_abbrev  0x00000000000025ef      0x158 e:/nucleistudio_ide_202212-win64/nucleistudio/toolchain/gcc/bin/../lib/gcc/riscv-nuclei-elf/10.2.0/rv32imac/ilp32\libgcc.a(extendsfdf2.o)

.debug_loc      0x0000000000000000     0x7fa4
 .debug_loc     0x0000000000000000     0x1654 C:\Users\54323\AppData\Local\Temp\e203Dhrystone_test.elf.OLiYsH.ltrans0.ltrans.o
 .debug_loc     0x0000000000001654     0x11ec e:/nucleistudio_ide_202212-win64/nucleistudio/toolchain/gcc/bin/../lib/gcc/riscv-nuclei-elf/10.2.0/rv32imac/ilp32\libgcc.a(adddf3.o)
 .debug_loc     0x0000000000002840     0x1494 e:/nucleistudio_ide_202212-win64/nucleistudio/toolchain/gcc/bin/../lib/gcc/riscv-nuclei-elf/10.2.0/rv32imac/ilp32\libgcc.a(divdf3.o)
 .debug_loc     0x0000000000003cd4       0xa4 e:/nucleistudio_ide_202212-win64/nucleistudio/toolchain/gcc/bin/../lib/gcc/riscv-nuclei-elf/10.2.0/rv32imac/ilp32\libgcc.a(eqdf2.o)
 .debug_loc     0x0000000000003d78      0x135 e:/nucleistudio_ide_202212-win64/nucleistudio/toolchain/gcc/bin/../lib/gcc/riscv-nuclei-elf/10.2.0/rv32imac/ilp32\libgcc.a(gedf2.o)
 .debug_loc     0x0000000000003ead      0x135 e:/nucleistudio_ide_202212-win64/nucleistudio/toolchain/gcc/bin/../lib/gcc/riscv-nuclei-elf/10.2.0/rv32imac/ilp32\libgcc.a(ledf2.o)
 .debug_loc     0x0000000000003fe2      0xd56 e:/nucleistudio_ide_202212-win64/nucleistudio/toolchain/gcc/bin/../lib/gcc/riscv-nuclei-elf/10.2.0/rv32imac/ilp32\libgcc.a(muldf3.o)
 .debug_loc     0x0000000000004d38     0x114d e:/nucleistudio_ide_202212-win64/nucleistudio/toolchain/gcc/bin/../lib/gcc/riscv-nuclei-elf/10.2.0/rv32imac/ilp32\libgcc.a(subdf3.o)
 .debug_loc     0x0000000000005e85       0x61 e:/nucleistudio_ide_202212-win64/nucleistudio/toolchain/gcc/bin/../lib/gcc/riscv-nuclei-elf/10.2.0/rv32imac/ilp32\libgcc.a(unorddf2.o)
 .debug_loc     0x0000000000005ee6      0x181 e:/nucleistudio_ide_202212-win64/nucleistudio/toolchain/gcc/bin/../lib/gcc/riscv-nuclei-elf/10.2.0/rv32imac/ilp32\libgcc.a(fixdfsi.o)
 .debug_loc     0x0000000000006067      0x159 e:/nucleistudio_ide_202212-win64/nucleistudio/toolchain/gcc/bin/../lib/gcc/riscv-nuclei-elf/10.2.0/rv32imac/ilp32\libgcc.a(floatsidf.o)
 .debug_loc     0x00000000000061c0      0x14f e:/nucleistudio_ide_202212-win64/nucleistudio/toolchain/gcc/bin/../lib/gcc/riscv-nuclei-elf/10.2.0/rv32imac/ilp32\libgcc.a(floatunsidf.o)
 .debug_loc     0x000000000000630f      0x56d e:/nucleistudio_ide_202212-win64/nucleistudio/toolchain/gcc/bin/../lib/gcc/riscv-nuclei-elf/10.2.0/rv32imac/ilp32\libgcc.a(trunctfdf2.o)
 .debug_loc     0x000000000000687c       0x6b e:/nucleistudio_ide_202212-win64/nucleistudio/toolchain/gcc/bin/../lib/gcc/riscv-nuclei-elf/10.2.0/rv32imac/ilp32\libgcc.a(_clzsi2.o)
 .debug_loc     0x00000000000068e7      0xbdd e:/nucleistudio_ide_202212-win64/nucleistudio/toolchain/gcc/bin/../lib/gcc/riscv-nuclei-elf/10.2.0/rv32imac/ilp32\libgcc.a(_udivdi3.o)
 .debug_loc     0x00000000000074c4      0x74d e:/nucleistudio_ide_202212-win64/nucleistudio/toolchain/gcc/bin/../lib/gcc/riscv-nuclei-elf/10.2.0/rv32imac/ilp32\libgcc.a(divsf3.o)
 .debug_loc     0x0000000000007c11      0x191 e:/nucleistudio_ide_202212-win64/nucleistudio/toolchain/gcc/bin/../lib/gcc/riscv-nuclei-elf/10.2.0/rv32imac/ilp32\libgcc.a(floatsisf.o)
 .debug_loc     0x0000000000007da2      0x202 e:/nucleistudio_ide_202212-win64/nucleistudio/toolchain/gcc/bin/../lib/gcc/riscv-nuclei-elf/10.2.0/rv32imac/ilp32\libgcc.a(extendsfdf2.o)

.debug_aranges  0x0000000000000000      0x3d8
 .debug_aranges
                0x0000000000000000      0x160 C:\Users\54323\AppData\Local\Temp\e203Dhrystone_test.elf.OLiYsH.ltrans0.ltrans.o
 .debug_aranges
                0x0000000000000160       0x20 ./hbird_sdk/SoC/hbirdv2/Common/Source/GCC/intexc_hbirdv2.o
 .debug_aranges
                0x0000000000000180       0x20 ./hbird_sdk/SoC/hbirdv2/Common/Source/GCC/startup_hbirdv2.o
 .debug_aranges
                0x00000000000001a0       0x20 e:/nucleistudio_ide_202212-win64/nucleistudio/toolchain/gcc/bin/../lib/gcc/riscv-nuclei-elf/10.2.0/rv32imac/ilp32\libgcc.a(adddf3.o)
 .debug_aranges
                0x00000000000001c0       0x20 e:/nucleistudio_ide_202212-win64/nucleistudio/toolchain/gcc/bin/../lib/gcc/riscv-nuclei-elf/10.2.0/rv32imac/ilp32\libgcc.a(divdf3.o)
 .debug_aranges
                0x00000000000001e0       0x20 e:/nucleistudio_ide_202212-win64/nucleistudio/toolchain/gcc/bin/../lib/gcc/riscv-nuclei-elf/10.2.0/rv32imac/ilp32\libgcc.a(eqdf2.o)
 .debug_aranges
                0x0000000000000200       0x20 e:/nucleistudio_ide_202212-win64/nucleistudio/toolchain/gcc/bin/../lib/gcc/riscv-nuclei-elf/10.2.0/rv32imac/ilp32\libgcc.a(gedf2.o)
 .debug_aranges
                0x0000000000000220       0x20 e:/nucleistudio_ide_202212-win64/nucleistudio/toolchain/gcc/bin/../lib/gcc/riscv-nuclei-elf/10.2.0/rv32imac/ilp32\libgcc.a(ledf2.o)
 .debug_aranges
                0x0000000000000240       0x20 e:/nucleistudio_ide_202212-win64/nucleistudio/toolchain/gcc/bin/../lib/gcc/riscv-nuclei-elf/10.2.0/rv32imac/ilp32\libgcc.a(muldf3.o)
 .debug_aranges
                0x0000000000000260       0x20 e:/nucleistudio_ide_202212-win64/nucleistudio/toolchain/gcc/bin/../lib/gcc/riscv-nuclei-elf/10.2.0/rv32imac/ilp32\libgcc.a(subdf3.o)
 .debug_aranges
                0x0000000000000280       0x20 e:/nucleistudio_ide_202212-win64/nucleistudio/toolchain/gcc/bin/../lib/gcc/riscv-nuclei-elf/10.2.0/rv32imac/ilp32\libgcc.a(unorddf2.o)
 .debug_aranges
                0x00000000000002a0       0x20 e:/nucleistudio_ide_202212-win64/nucleistudio/toolchain/gcc/bin/../lib/gcc/riscv-nuclei-elf/10.2.0/rv32imac/ilp32\libgcc.a(fixdfsi.o)
 .debug_aranges
                0x00000000000002c0       0x20 e:/nucleistudio_ide_202212-win64/nucleistudio/toolchain/gcc/bin/../lib/gcc/riscv-nuclei-elf/10.2.0/rv32imac/ilp32\libgcc.a(floatsidf.o)
 .debug_aranges
                0x00000000000002e0       0x20 e:/nucleistudio_ide_202212-win64/nucleistudio/toolchain/gcc/bin/../lib/gcc/riscv-nuclei-elf/10.2.0/rv32imac/ilp32\libgcc.a(floatunsidf.o)
 .debug_aranges
                0x0000000000000300       0x20 e:/nucleistudio_ide_202212-win64/nucleistudio/toolchain/gcc/bin/../lib/gcc/riscv-nuclei-elf/10.2.0/rv32imac/ilp32\libgcc.a(trunctfdf2.o)
 .debug_aranges
                0x0000000000000320       0x20 e:/nucleistudio_ide_202212-win64/nucleistudio/toolchain/gcc/bin/../lib/gcc/riscv-nuclei-elf/10.2.0/rv32imac/ilp32\libgcc.a(_clzsi2.o)
 .debug_aranges
                0x0000000000000340       0x18 e:/nucleistudio_ide_202212-win64/nucleistudio/toolchain/gcc/bin/../lib/gcc/riscv-nuclei-elf/10.2.0/rv32imac/ilp32\libgcc.a(_clz.o)
 .debug_aranges
                0x0000000000000358       0x20 e:/nucleistudio_ide_202212-win64/nucleistudio/toolchain/gcc/bin/../lib/gcc/riscv-nuclei-elf/10.2.0/rv32imac/ilp32\libgcc.a(_udivdi3.o)
 .debug_aranges
                0x0000000000000378       0x20 e:/nucleistudio_ide_202212-win64/nucleistudio/toolchain/gcc/bin/../lib/gcc/riscv-nuclei-elf/10.2.0/rv32imac/ilp32\libgcc.a(divsf3.o)
 .debug_aranges
                0x0000000000000398       0x20 e:/nucleistudio_ide_202212-win64/nucleistudio/toolchain/gcc/bin/../lib/gcc/riscv-nuclei-elf/10.2.0/rv32imac/ilp32\libgcc.a(floatsisf.o)
 .debug_aranges
                0x00000000000003b8       0x20 e:/nucleistudio_ide_202212-win64/nucleistudio/toolchain/gcc/bin/../lib/gcc/riscv-nuclei-elf/10.2.0/rv32imac/ilp32\libgcc.a(extendsfdf2.o)

.debug_ranges   0x0000000000000000     0x1320
 .debug_ranges  0x0000000000000000      0x470 C:\Users\54323\AppData\Local\Temp\e203Dhrystone_test.elf.OLiYsH.ltrans0.ltrans.o
 .debug_ranges  0x0000000000000470      0x258 e:/nucleistudio_ide_202212-win64/nucleistudio/toolchain/gcc/bin/../lib/gcc/riscv-nuclei-elf/10.2.0/rv32imac/ilp32\libgcc.a(adddf3.o)
 .debug_ranges  0x00000000000006c8      0x1a8 e:/nucleistudio_ide_202212-win64/nucleistudio/toolchain/gcc/bin/../lib/gcc/riscv-nuclei-elf/10.2.0/rv32imac/ilp32\libgcc.a(divdf3.o)
 .debug_ranges  0x0000000000000870       0x58 e:/nucleistudio_ide_202212-win64/nucleistudio/toolchain/gcc/bin/../lib/gcc/riscv-nuclei-elf/10.2.0/rv32imac/ilp32\libgcc.a(eqdf2.o)
 .debug_ranges  0x00000000000008c8       0x60 e:/nucleistudio_ide_202212-win64/nucleistudio/toolchain/gcc/bin/../lib/gcc/riscv-nuclei-elf/10.2.0/rv32imac/ilp32\libgcc.a(gedf2.o)
 .debug_ranges  0x0000000000000928       0x60 e:/nucleistudio_ide_202212-win64/nucleistudio/toolchain/gcc/bin/../lib/gcc/riscv-nuclei-elf/10.2.0/rv32imac/ilp32\libgcc.a(ledf2.o)
 .debug_ranges  0x0000000000000988      0x1f0 e:/nucleistudio_ide_202212-win64/nucleistudio/toolchain/gcc/bin/../lib/gcc/riscv-nuclei-elf/10.2.0/rv32imac/ilp32\libgcc.a(muldf3.o)
 .debug_ranges  0x0000000000000b78      0x260 e:/nucleistudio_ide_202212-win64/nucleistudio/toolchain/gcc/bin/../lib/gcc/riscv-nuclei-elf/10.2.0/rv32imac/ilp32\libgcc.a(subdf3.o)
 .debug_ranges  0x0000000000000dd8       0x48 e:/nucleistudio_ide_202212-win64/nucleistudio/toolchain/gcc/bin/../lib/gcc/riscv-nuclei-elf/10.2.0/rv32imac/ilp32\libgcc.a(unorddf2.o)
 .debug_ranges  0x0000000000000e20       0x28 e:/nucleistudio_ide_202212-win64/nucleistudio/toolchain/gcc/bin/../lib/gcc/riscv-nuclei-elf/10.2.0/rv32imac/ilp32\libgcc.a(fixdfsi.o)
 .debug_ranges  0x0000000000000e48       0x78 e:/nucleistudio_ide_202212-win64/nucleistudio/toolchain/gcc/bin/../lib/gcc/riscv-nuclei-elf/10.2.0/rv32imac/ilp32\libgcc.a(floatsidf.o)
 .debug_ranges  0x0000000000000ec0       0x80 e:/nucleistudio_ide_202212-win64/nucleistudio/toolchain/gcc/bin/../lib/gcc/riscv-nuclei-elf/10.2.0/rv32imac/ilp32\libgcc.a(floatunsidf.o)
 .debug_ranges  0x0000000000000f40      0x130 e:/nucleistudio_ide_202212-win64/nucleistudio/toolchain/gcc/bin/../lib/gcc/riscv-nuclei-elf/10.2.0/rv32imac/ilp32\libgcc.a(trunctfdf2.o)
 .debug_ranges  0x0000000000001070       0x30 e:/nucleistudio_ide_202212-win64/nucleistudio/toolchain/gcc/bin/../lib/gcc/riscv-nuclei-elf/10.2.0/rv32imac/ilp32\libgcc.a(_clzsi2.o)
 .debug_ranges  0x00000000000010a0      0x108 e:/nucleistudio_ide_202212-win64/nucleistudio/toolchain/gcc/bin/../lib/gcc/riscv-nuclei-elf/10.2.0/rv32imac/ilp32\libgcc.a(_udivdi3.o)
 .debug_ranges  0x00000000000011a8       0xd0 e:/nucleistudio_ide_202212-win64/nucleistudio/toolchain/gcc/bin/../lib/gcc/riscv-nuclei-elf/10.2.0/rv32imac/ilp32\libgcc.a(divsf3.o)
 .debug_ranges  0x0000000000001278       0x60 e:/nucleistudio_ide_202212-win64/nucleistudio/toolchain/gcc/bin/../lib/gcc/riscv-nuclei-elf/10.2.0/rv32imac/ilp32\libgcc.a(floatsisf.o)
 .debug_ranges  0x00000000000012d8       0x48 e:/nucleistudio_ide_202212-win64/nucleistudio/toolchain/gcc/bin/../lib/gcc/riscv-nuclei-elf/10.2.0/rv32imac/ilp32\libgcc.a(extendsfdf2.o)

.debug_line     0x0000000000000000     0xb9a0
 .debug_line    0x0000000000000000     0x3713 C:\Users\54323\AppData\Local\Temp\e203Dhrystone_test.elf.OLiYsH.ltrans0.ltrans.o
 .debug_line    0x0000000000003713       0x56 C:\Users\54323\AppData\Local\Temp\ccsNiI21.debug.temp.o
 .debug_line    0x0000000000003769       0xb6 C:\Users\54323\AppData\Local\Temp\ccgVMkOq.debug.temp.o
 .debug_line    0x000000000000381f      0x15e C:\Users\54323\AppData\Local\Temp\ccyIqxxO.debug.temp.o
 .debug_line    0x000000000000397d       0x57 C:\Users\54323\AppData\Local\Temp\ccsAdwAv.debug.temp.o
 .debug_line    0x00000000000039d4       0x57 C:\Users\54323\AppData\Local\Temp\ccyfu7BT.debug.temp.o
 .debug_line    0x0000000000003a2b       0x55 C:\Users\54323\AppData\Local\Temp\ccgXYhVz.debug.temp.o
 .debug_line    0x0000000000003a80       0x56 C:\Users\54323\AppData\Local\Temp\cc82wDs0.debug.temp.o
 .debug_line    0x0000000000003ad6      0x212 C:\Users\54323\AppData\Local\Temp\ccySbZNt.debug.temp.o
 .debug_line    0x0000000000003ce8       0xc5 C:\Users\54323\AppData\Local\Temp\cciJuzqd.debug.temp.o
 .debug_line    0x0000000000003dad      0x213 C:\Users\54323\AppData\Local\Temp\ccuYIzK3.debug.temp.o
 .debug_line    0x0000000000003fc0      0x1a7 C:\Users\54323\AppData\Local\Temp\ccqtbihP.debug.temp.o
 .debug_line    0x0000000000004167      0x1bb C:\Users\54323\AppData\Local\Temp\cci33SkU.debug.temp.o
 .debug_line    0x0000000000004322      0x1a9 C:\Users\54323\AppData\Local\Temp\ccAiyH1r.debug.temp.o
 .debug_line    0x00000000000044cb      0x21b C:\Users\54323\AppData\Local\Temp\ccE99D3d.debug.temp.o
 .debug_line    0x00000000000046e6       0x43 C:\Users\54323\AppData\Local\Temp\ccgO870Z.debug.temp.o
 .debug_line    0x0000000000004729       0x51 C:\Users\54323\AppData\Local\Temp\ccy4TI1K.debug.temp.o
 .debug_line    0x000000000000477a      0x18d C:\Users\54323\AppData\Local\Temp\ccQkFj2v.debug.temp.o
 .debug_line    0x0000000000004907       0x97 ./hbird_sdk/SoC/hbirdv2/Common/Source/GCC/intexc_hbirdv2.o
 .debug_line    0x000000000000499e      0x163 ./hbird_sdk/SoC/hbirdv2/Common/Source/GCC/startup_hbirdv2.o
 .debug_line    0x0000000000004b01     0x102d e:/nucleistudio_ide_202212-win64/nucleistudio/toolchain/gcc/bin/../lib/gcc/riscv-nuclei-elf/10.2.0/rv32imac/ilp32\libgcc.a(adddf3.o)
 .debug_line    0x0000000000005b2e      0xf84 e:/nucleistudio_ide_202212-win64/nucleistudio/toolchain/gcc/bin/../lib/gcc/riscv-nuclei-elf/10.2.0/rv32imac/ilp32\libgcc.a(divdf3.o)
 .debug_line    0x0000000000006ab2      0x26a e:/nucleistudio_ide_202212-win64/nucleistudio/toolchain/gcc/bin/../lib/gcc/riscv-nuclei-elf/10.2.0/rv32imac/ilp32\libgcc.a(eqdf2.o)
 .debug_line    0x0000000000006d1c      0x2ff e:/nucleistudio_ide_202212-win64/nucleistudio/toolchain/gcc/bin/../lib/gcc/riscv-nuclei-elf/10.2.0/rv32imac/ilp32\libgcc.a(gedf2.o)
 .debug_line    0x000000000000701b      0x2ff e:/nucleistudio_ide_202212-win64/nucleistudio/toolchain/gcc/bin/../lib/gcc/riscv-nuclei-elf/10.2.0/rv32imac/ilp32\libgcc.a(ledf2.o)
 .debug_line    0x000000000000731a      0xdbf e:/nucleistudio_ide_202212-win64/nucleistudio/toolchain/gcc/bin/../lib/gcc/riscv-nuclei-elf/10.2.0/rv32imac/ilp32\libgcc.a(muldf3.o)
 .debug_line    0x00000000000080d9     0x1092 e:/nucleistudio_ide_202212-win64/nucleistudio/toolchain/gcc/bin/../lib/gcc/riscv-nuclei-elf/10.2.0/rv32imac/ilp32\libgcc.a(subdf3.o)
 .debug_line    0x000000000000916b      0x1b5 e:/nucleistudio_ide_202212-win64/nucleistudio/toolchain/gcc/bin/../lib/gcc/riscv-nuclei-elf/10.2.0/rv32imac/ilp32\libgcc.a(unorddf2.o)
 .debug_line    0x0000000000009320      0x22e e:/nucleistudio_ide_202212-win64/nucleistudio/toolchain/gcc/bin/../lib/gcc/riscv-nuclei-elf/10.2.0/rv32imac/ilp32\libgcc.a(fixdfsi.o)
 .debug_line    0x000000000000954e      0x268 e:/nucleistudio_ide_202212-win64/nucleistudio/toolchain/gcc/bin/../lib/gcc/riscv-nuclei-elf/10.2.0/rv32imac/ilp32\libgcc.a(floatsidf.o)
 .debug_line    0x00000000000097b6      0x288 e:/nucleistudio_ide_202212-win64/nucleistudio/toolchain/gcc/bin/../lib/gcc/riscv-nuclei-elf/10.2.0/rv32imac/ilp32\libgcc.a(floatunsidf.o)
 .debug_line    0x0000000000009a3e      0x714 e:/nucleistudio_ide_202212-win64/nucleistudio/toolchain/gcc/bin/../lib/gcc/riscv-nuclei-elf/10.2.0/rv32imac/ilp32\libgcc.a(trunctfdf2.o)
 .debug_line    0x000000000000a152       0xff e:/nucleistudio_ide_202212-win64/nucleistudio/toolchain/gcc/bin/../lib/gcc/riscv-nuclei-elf/10.2.0/rv32imac/ilp32\libgcc.a(_clzsi2.o)
 .debug_line    0x000000000000a251       0x73 e:/nucleistudio_ide_202212-win64/nucleistudio/toolchain/gcc/bin/../lib/gcc/riscv-nuclei-elf/10.2.0/rv32imac/ilp32\libgcc.a(_clz.o)
 .debug_line    0x000000000000a2c4      0x769 e:/nucleistudio_ide_202212-win64/nucleistudio/toolchain/gcc/bin/../lib/gcc/riscv-nuclei-elf/10.2.0/rv32imac/ilp32\libgcc.a(_udivdi3.o)
 .debug_line    0x000000000000aa2d      0x85e e:/nucleistudio_ide_202212-win64/nucleistudio/toolchain/gcc/bin/../lib/gcc/riscv-nuclei-elf/10.2.0/rv32imac/ilp32\libgcc.a(divsf3.o)
 .debug_line    0x000000000000b28b      0x356 e:/nucleistudio_ide_202212-win64/nucleistudio/toolchain/gcc/bin/../lib/gcc/riscv-nuclei-elf/10.2.0/rv32imac/ilp32\libgcc.a(floatsisf.o)
 .debug_line    0x000000000000b5e1      0x3bf e:/nucleistudio_ide_202212-win64/nucleistudio/toolchain/gcc/bin/../lib/gcc/riscv-nuclei-elf/10.2.0/rv32imac/ilp32\libgcc.a(extendsfdf2.o)

.debug_str      0x0000000000000000     0x24e2
 .debug_str     0x0000000000000000      0x211 C:\Users\54323\AppData\Local\Temp\e203Dhrystone_test.elf.OLiYsH.ltrans0.ltrans.o
                                        0x24b (size before relaxing)
 .debug_str     0x0000000000000211      0x16a C:\Users\54323\AppData\Local\Temp\ccsNiI21.debug.temp.o
                                        0x232 (size before relaxing)
 .debug_str     0x000000000000037b       0x40 C:\Users\54323\AppData\Local\Temp\ccgVMkOq.debug.temp.o
                                        0x22b (size before relaxing)
 .debug_str     0x00000000000003bb      0x141 C:\Users\54323\AppData\Local\Temp\ccyIqxxO.debug.temp.o
                                        0x383 (size before relaxing)
 .debug_str     0x00000000000004fc       0x3e C:\Users\54323\AppData\Local\Temp\ccsAdwAv.debug.temp.o
                                        0x22e (size before relaxing)
 .debug_str     0x000000000000053a       0x3e C:\Users\54323\AppData\Local\Temp\ccyfu7BT.debug.temp.o
                                        0x22e (size before relaxing)
 .debug_str     0x0000000000000578       0x3a C:\Users\54323\AppData\Local\Temp\ccgXYhVz.debug.temp.o
                                        0x230 (size before relaxing)
 .debug_str     0x00000000000005b2       0x4a C:\Users\54323\AppData\Local\Temp\cc82wDs0.debug.temp.o
                                        0x23f (size before relaxing)
 .debug_str     0x00000000000005fc       0x5c C:\Users\54323\AppData\Local\Temp\ccySbZNt.debug.temp.o
                                        0x27d (size before relaxing)
 .debug_str     0x0000000000000658       0x5a C:\Users\54323\AppData\Local\Temp\cciJuzqd.debug.temp.o
                                        0x24f (size before relaxing)
 .debug_str     0x00000000000006b2       0x3e C:\Users\54323\AppData\Local\Temp\ccuYIzK3.debug.temp.o
                                        0x280 (size before relaxing)
 .debug_str     0x00000000000006f0      0x18d C:\Users\54323\AppData\Local\Temp\ccqtbihP.debug.temp.o
                                        0x399 (size before relaxing)
 .debug_str     0x000000000000087d      0x219 C:\Users\54323\AppData\Local\Temp\cci33SkU.debug.temp.o
                                        0x45b (size before relaxing)
 .debug_str     0x0000000000000a96      0x11e C:\Users\54323\AppData\Local\Temp\ccAiyH1r.debug.temp.o
                                        0x32f (size before relaxing)
 .debug_str     0x0000000000000bb4      0x580 C:\Users\54323\AppData\Local\Temp\ccE99D3d.debug.temp.o
                                        0x838 (size before relaxing)
 .debug_str     0x0000000000001134      0x293 C:\Users\54323\AppData\Local\Temp\ccgO870Z.debug.temp.o
                                        0x49a (size before relaxing)
 .debug_str     0x00000000000013c7       0xf8 C:\Users\54323\AppData\Local\Temp\ccy4TI1K.debug.temp.o
                                        0x359 (size before relaxing)
 .debug_str     0x00000000000014bf       0x4c C:\Users\54323\AppData\Local\Temp\ccQkFj2v.debug.temp.o
                                        0x2cf (size before relaxing)
 .debug_str     0x000000000000150b       0x7d ./hbird_sdk/SoC/hbirdv2/Common/Source/GCC/intexc_hbirdv2.o
 .debug_str     0x0000000000001588       0x3d ./hbird_sdk/SoC/hbirdv2/Common/Source/GCC/startup_hbirdv2.o
                                         0x7e (size before relaxing)
 .debug_str     0x00000000000015c5      0x366 e:/nucleistudio_ide_202212-win64/nucleistudio/toolchain/gcc/bin/../lib/gcc/riscv-nuclei-elf/10.2.0/rv32imac/ilp32\libgcc.a(adddf3.o)
                                        0x3a1 (size before relaxing)
 .debug_str     0x000000000000192b      0x1fe e:/nucleistudio_ide_202212-win64/nucleistudio/toolchain/gcc/bin/../lib/gcc/riscv-nuclei-elf/10.2.0/rv32imac/ilp32\libgcc.a(divdf3.o)
                                        0x463 (size before relaxing)
 .debug_str     0x0000000000001b29       0x73 e:/nucleistudio_ide_202212-win64/nucleistudio/toolchain/gcc/bin/../lib/gcc/riscv-nuclei-elf/10.2.0/rv32imac/ilp32\libgcc.a(eqdf2.o)
                                        0x2b2 (size before relaxing)
 .debug_str     0x0000000000001b9c       0x78 e:/nucleistudio_ide_202212-win64/nucleistudio/toolchain/gcc/bin/../lib/gcc/riscv-nuclei-elf/10.2.0/rv32imac/ilp32\libgcc.a(gedf2.o)
                                        0x2d6 (size before relaxing)
 .debug_str     0x0000000000001c14       0x54 e:/nucleistudio_ide_202212-win64/nucleistudio/toolchain/gcc/bin/../lib/gcc/riscv-nuclei-elf/10.2.0/rv32imac/ilp32\libgcc.a(ledf2.o)
                                        0x2d6 (size before relaxing)
 .debug_str     0x0000000000001c68      0x17b e:/nucleistudio_ide_202212-win64/nucleistudio/toolchain/gcc/bin/../lib/gcc/riscv-nuclei-elf/10.2.0/rv32imac/ilp32\libgcc.a(muldf3.o)
                                        0x4bb (size before relaxing)
 .debug_str     0x0000000000001de3       0x56 e:/nucleistudio_ide_202212-win64/nucleistudio/toolchain/gcc/bin/../lib/gcc/riscv-nuclei-elf/10.2.0/rv32imac/ilp32\libgcc.a(subdf3.o)
                                        0x3a1 (size before relaxing)
 .debug_str     0x0000000000001e39       0x5a e:/nucleistudio_ide_202212-win64/nucleistudio/toolchain/gcc/bin/../lib/gcc/riscv-nuclei-elf/10.2.0/rv32imac/ilp32\libgcc.a(unorddf2.o)
                                        0x2b8 (size before relaxing)
 .debug_str     0x0000000000001e93       0x73 e:/nucleistudio_ide_202212-win64/nucleistudio/toolchain/gcc/bin/../lib/gcc/riscv-nuclei-elf/10.2.0/rv32imac/ilp32\libgcc.a(fixdfsi.o)
                                        0x2af (size before relaxing)
 .debug_str     0x0000000000001f06       0x89 e:/nucleistudio_ide_202212-win64/nucleistudio/toolchain/gcc/bin/../lib/gcc/riscv-nuclei-elf/10.2.0/rv32imac/ilp32\libgcc.a(floatsidf.o)
                                        0x34e (size before relaxing)
 .debug_str     0x0000000000001f8f       0x60 e:/nucleistudio_ide_202212-win64/nucleistudio/toolchain/gcc/bin/../lib/gcc/riscv-nuclei-elf/10.2.0/rv32imac/ilp32\libgcc.a(floatunsidf.o)
                                        0x34b (size before relaxing)
 .debug_str     0x0000000000001fef      0x139 e:/nucleistudio_ide_202212-win64/nucleistudio/toolchain/gcc/bin/../lib/gcc/riscv-nuclei-elf/10.2.0/rv32imac/ilp32\libgcc.a(trunctfdf2.o)
                                        0x47a (size before relaxing)
 .debug_str     0x0000000000002128       0xa9 e:/nucleistudio_ide_202212-win64/nucleistudio/toolchain/gcc/bin/../lib/gcc/riscv-nuclei-elf/10.2.0/rv32imac/ilp32\libgcc.a(_clzsi2.o)
                                        0x2c4 (size before relaxing)
 .debug_str     0x00000000000021d1      0x2a7 e:/nucleistudio_ide_202212-win64/nucleistudio/toolchain/gcc/bin/../lib/gcc/riscv-nuclei-elf/10.2.0/rv32imac/ilp32\libgcc.a(_clz.o)