Archive member included to satisfy reference by file (symbol)

e:/nucleistudio_ide_202212-win64/nucleistudio/toolchain/gcc/bin/../lib/gcc/riscv-nuclei-elf/10.2.0/../../../../riscv-nuclei-elf/lib/rv32imafc/ilp32f\libm_nano.a(lib_a-sf_atan.o)
                              ./application/whets.o (atanf)
e:/nucleistudio_ide_202212-win64/nucleistudio/toolchain/gcc/bin/../lib/gcc/riscv-nuclei-elf/10.2.0/../../../../riscv-nuclei-elf/lib/rv32imafc/ilp32f\libm_nano.a(lib_a-sf_cos.o)
                              ./application/whets.o (cosf)
e:/nucleistudio_ide_202212-win64/nucleistudio/toolchain/gcc/bin/../lib/gcc/riscv-nuclei-elf/10.2.0/../../../../riscv-nuclei-elf/lib/rv32imafc/ilp32f\libm_nano.a(lib_a-sf_fabs.o)
                              e:/nucleistudio_ide_202212-win64/nucleistudio/toolchain/gcc/bin/../lib/gcc/riscv-nuclei-elf/10.2.0/../../../../riscv-nuclei-elf/lib/rv32imafc/ilp32f\libm_nano.a(lib_a-sf_atan.o) (fabsf)
e:/nucleistudio_ide_202212-win64/nucleistudio/toolchain/gcc/bin/../lib/gcc/riscv-nuclei-elf/10.2.0/../../../../riscv-nuclei-elf/lib/rv32imafc/ilp32f\libm_nano.a(lib_a-sf_sin.o)
                              ./application/whets.o (sinf)
e:/nucleistudio_ide_202212-win64/nucleistudio/toolchain/gcc/bin/../lib/gcc/riscv-nuclei-elf/10.2.0/../../../../riscv-nuclei-elf/lib/rv32imafc/ilp32f\libm_nano.a(lib_a-wf_exp.o)
                              ./application/whets.o (expf)
e:/nucleistudio_ide_202212-win64/nucleistudio/toolchain/gcc/bin/../lib/gcc/riscv-nuclei-elf/10.2.0/../../../../riscv-nuclei-elf/lib/rv32imafc/ilp32f\libm_nano.a(lib_a-wf_log.o)
                              ./application/whets.o (logf)
e:/nucleistudio_ide_202212-win64/nucleistudio/toolchain/gcc/bin/../lib/gcc/riscv-nuclei-elf/10.2.0/../../../../riscv-nuclei-elf/lib/rv32imafc/ilp32f\libm_nano.a(lib_a-ef_exp.o)
                              e:/nucleistudio_ide_202212-win64/nucleistudio/toolchain/gcc/bin/../lib/gcc/riscv-nuclei-elf/10.2.0/../../../../riscv-nuclei-elf/lib/rv32imafc/ilp32f\libm_nano.a(lib_a-wf_exp.o) (__ieee754_expf)
e:/nucleistudio_ide_202212-win64/nucleistudio/toolchain/gcc/bin/../lib/gcc/riscv-nuclei-elf/10.2.0/../../../../riscv-nuclei-elf/lib/rv32imafc/ilp32f\libm_nano.a(lib_a-ef_log.o)
                              e:/nucleistudio_ide_202212-win64/nucleistudio/toolchain/gcc/bin/../lib/gcc/riscv-nuclei-elf/10.2.0/../../../../riscv-nuclei-elf/lib/rv32imafc/ilp32f\libm_nano.a(lib_a-wf_log.o) (__ieee754_logf)
e:/nucleistudio_ide_202212-win64/nucleistudio/toolchain/gcc/bin/../lib/gcc/riscv-nuclei-elf/10.2.0/../../../../riscv-nuclei-elf/lib/rv32imafc/ilp32f\libm_nano.a(lib_a-ef_rem_pio2.o)
                              e:/nucleistudio_ide_202212-win64/nucleistudio/toolchain/gcc/bin/../lib/gcc/riscv-nuclei-elf/10.2.0/../../../../riscv-nuclei-elf/lib/rv32imafc/ilp32f\libm_nano.a(lib_a-sf_cos.o) (__ieee754_rem_pio2f)
e:/nucleistudio_ide_202212-win64/nucleistudio/toolchain/gcc/bin/../lib/gcc/riscv-nuclei-elf/10.2.0/../../../../riscv-nuclei-elf/lib/rv32imafc/ilp32f\libm_nano.a(lib_a-kf_cos.o)
                              e:/nucleistudio_ide_202212-win64/nucleistudio/toolchain/gcc/bin/../lib/gcc/riscv-nuclei-elf/10.2.0/../../../../riscv-nuclei-elf/lib/rv32imafc/ilp32f\libm_nano.a(lib_a-sf_cos.o) (__kernel_cosf)
e:/nucleistudio_ide_202212-win64/nucleistudio/toolchain/gcc/bin/../lib/gcc/riscv-nuclei-elf/10.2.0/../../../../riscv-nuclei-elf/lib/rv32imafc/ilp32f\libm_nano.a(lib_a-kf_rem_pio2.o)
                              e:/nucleistudio_ide_202212-win64/nucleistudio/toolchain/gcc/bin/../lib/gcc/riscv-nuclei-elf/10.2.0/../../../../riscv-nuclei-elf/lib/rv32imafc/ilp32f\libm_nano.a(lib_a-ef_rem_pio2.o) (__kernel_rem_pio2f)
e:/nucleistudio_ide_202212-win64/nucleistudio/toolchain/gcc/bin/../lib/gcc/riscv-nuclei-elf/10.2.0/../../../../riscv-nuclei-elf/lib/rv32imafc/ilp32f\libm_nano.a(lib_a-kf_sin.o)
                              e:/nucleistudio_ide_202212-win64/nucleistudio/toolchain/gcc/bin/../lib/gcc/riscv-nuclei-elf/10.2.0/../../../../riscv-nuclei-elf/lib/rv32imafc/ilp32f\libm_nano.a(lib_a-sf_cos.o) (__kernel_sinf)
e:/nucleistudio_ide_202212-win64/nucleistudio/toolchain/gcc/bin/../lib/gcc/riscv-nuclei-elf/10.2.0/../../../../riscv-nuclei-elf/lib/rv32imafc/ilp32f\libm_nano.a(lib_a-math_errf.o)
                              e:/nucleistudio_ide_202212-win64/nucleistudio/toolchain/gcc/bin/../lib/gcc/riscv-nuclei-elf/10.2.0/../../../../riscv-nuclei-elf/lib/rv32imafc/ilp32f\libm_nano.a(lib_a-ef_exp.o) (__math_uflowf)
e:/nucleistudio_ide_202212-win64/nucleistudio/toolchain/gcc/bin/../lib/gcc/riscv-nuclei-elf/10.2.0/../../../../riscv-nuclei-elf/lib/rv32imafc/ilp32f\libm_nano.a(lib_a-sf_finite.o)
                              e:/nucleistudio_ide_202212-win64/nucleistudio/toolchain/gcc/bin/../lib/gcc/riscv-nuclei-elf/10.2.0/../../../../riscv-nuclei-elf/lib/rv32imafc/ilp32f\libm_nano.a(lib_a-wf_exp.o) (finitef)
[...]
Memory Configuration

Name             Origin             Length             Attributes
ilm              0x0000000080000000 0x0000000000010000 axrl !w
ram              0x0000000090000000 0x0000000000010000 axw !rl
*default*        0x0000000000000000 0xffffffffffffffff

Linker script and memory map

LOAD ./hbird_sdk/SoC/hbirdv2/Common/Source/Stubs/clock_getres.o
LOAD ./hbird_sdk/SoC/hbirdv2/Common/Source/Stubs/clock_gettime.o
LOAD ./hbird_sdk/SoC/hbirdv2/Common/Source/Stubs/clock_settime.o
LOAD ./hbird_sdk/SoC/hbirdv2/Common/Source/Stubs/close.o
LOAD ./hbird_sdk/SoC/hbirdv2/Common/Source/Stubs/execve.o
LOAD ./hbird_sdk/SoC/hbirdv2/Common/Source/Stubs/exit.o
LOAD ./hbird_sdk/SoC/hbirdv2/Common/Source/Stubs/fork.o
LOAD ./hbird_sdk/SoC/hbirdv2/Common/Source/Stubs/fstat.o
LOAD ./hbird_sdk/SoC/hbirdv2/Common/Source/Stubs/getpid.o
LOAD ./hbird_sdk/SoC/hbirdv2/Common/Source/Stubs/gettimeofday.o
LOAD ./hbird_sdk/SoC/hbirdv2/Common/Source/Stubs/isatty.o
LOAD ./hbird_sdk/SoC/hbirdv2/Common/Source/Stubs/kill.o
LOAD ./hbird_sdk/SoC/hbirdv2/Common/Source/Stubs/link.o
LOAD ./hbird_sdk/SoC/hbirdv2/Common/Source/Stubs/lseek.o
LOAD ./hbird_sdk/SoC/hbirdv2/Common/Source/Stubs/open.o
LOAD ./hbird_sdk/SoC/hbirdv2/Common/Source/Stubs/read.o
LOAD ./hbird_sdk/SoC/hbirdv2/Common/Source/Stubs/sbrk.o
LOAD ./hbird_sdk/SoC/hbirdv2/Common/Source/Stubs/stat.o
LOAD ./hbird_sdk/SoC/hbirdv2/Common/Source/Stubs/times.o
LOAD ./hbird_sdk/SoC/hbirdv2/Common/Source/Stubs/unlink.o
LOAD ./hbird_sdk/SoC/hbirdv2/Common/Source/Stubs/wait.o
LOAD ./hbird_sdk/SoC/hbirdv2/Common/Source/Stubs/write.o
LOAD ./hbird_sdk/SoC/hbirdv2/Common/Source/GCC/intexc_hbirdv2.o
LOAD ./hbird_sdk/SoC/hbirdv2/Common/Source/GCC/startup_hbirdv2.o
LOAD ./hbird_sdk/SoC/hbirdv2/Common/Source/Drivers/hbirdv2_gpio.o
LOAD ./hbird_sdk/SoC/hbirdv2/Common/Source/Drivers/hbirdv2_i2c.o
LOAD ./hbird_sdk/SoC/hbirdv2/Common/Source/Drivers/hbirdv2_pwm.o
LOAD ./hbird_sdk/SoC/hbirdv2/Common/Source/Drivers/hbirdv2_spi.o
LOAD ./hbird_sdk/SoC/hbirdv2/Common/Source/Drivers/hbirdv2_uart.o
LOAD ./hbird_sdk/SoC/hbirdv2/Common/Source/Drivers/htif.o
LOAD ./hbird_sdk/SoC/hbirdv2/Common/Source/hbirdv2_common.o
LOAD ./hbird_sdk/SoC/hbirdv2/Common/Source/system_hbirdv2.o
LOAD ./application/cpuidc.o
LOAD ./application/whets.o
LOAD e:/nucleistudio_ide_202212-win64/nucleistudio/toolchain/gcc/bin/../lib/gcc/riscv-nuclei-elf/10.2.0/../../../../riscv-nuclei-elf/lib/rv32imafc/ilp32f\libstdc++.a
LOAD e:/nucleistudio_ide_202212-win64/nucleistudio/toolchain/gcc/bin/../lib/gcc/riscv-nuclei-elf/10.2.0/../../../../riscv-nuclei-elf/lib/rv32imafc/ilp32f\libstdc++.a
LOAD e:/nucleistudio_ide_202212-win64/nucleistudio/toolchain/gcc/bin/../lib/gcc/riscv-nuclei-elf/10.2.0/../../../../riscv-nuclei-elf/lib/rv32imafc/ilp32f\libm_nano.a
LOAD e:/nucleistudio_ide_202212-win64/nucleistudio/toolchain/gcc/bin/../lib/gcc/riscv-nuclei-elf/10.2.0/rv32imafc/ilp32f\libgcc.a
LOAD e:/nucleistudio_ide_202212-win64/nucleistudio/toolchain/gcc/bin/../lib/gcc/riscv-nuclei-elf/10.2.0/../../../../riscv-nuclei-elf/lib/rv32imafc/ilp32f\libg_nano.a
LOAD e:/nucleistudio_ide_202212-win64/nucleistudio/toolchain/gcc/bin/../lib/gcc/riscv-nuclei-elf/10.2.0/../../../../riscv-nuclei-elf/lib/rv32imafc/ilp32f\libc_nano.a
LOAD e:/nucleistudio_ide_202212-win64/nucleistudio/toolchain/gcc/bin/../lib/gcc/riscv-nuclei-elf/10.2.0/rv32imafc/ilp32f\libgcc.a
START GROUP
LOAD e:/nucleistudio_ide_202212-win64/nucleistudio/toolchain/gcc/bin/../lib/gcc/riscv-nuclei-elf/10.2.0/rv32imafc/ilp32f\libgcc.a
LOAD e:/nucleistudio_ide_202212-win64/nucleistudio/toolchain/gcc/bin/../lib/gcc/riscv-nuclei-elf/10.2.0/../../../../riscv-nuclei-elf/lib/rv32imafc/ilp32f\libc_nano.a
LOAD e:/nucleistudio_ide_202212-win64/nucleistudio/toolchain/gcc/bin/../lib/gcc/riscv-nuclei-elf/10.2.0/../../../../riscv-nuclei-elf/lib/rv32imafc/ilp32f\libnosys.a
END GROUP
START GROUP
LOAD e:/nucleistudio_ide_202212-win64/nucleistudio/toolchain/gcc/bin/../lib/gcc/riscv-nuclei-elf/10.2.0/rv32imafc/ilp32f\libgcc.a
LOAD e:/nucleistudio_ide_202212-win64/nucleistudio/toolchain/gcc/bin/../lib/gcc/riscv-nuclei-elf/10.2.0/../../../../riscv-nuclei-elf/lib/rv32imafc/ilp32f\libc_nano.a
LOAD e:/nucleistudio_ide_202212-win64/nucleistudio/toolchain/gcc/bin/../lib/gcc/riscv-nuclei-elf/10.2.0/../../../../riscv-nuclei-elf/lib/rv32imafc/ilp32f\libnosys.a
END GROUP
                0x0000000000000800                __stack_size = DEFINED (__stack_size)?__stack_size:0x800

.init           0x0000000080000000       0xc0
 *(.vtable)
 *(SORT_NONE(.init))
 .init          0x0000000080000000       0xc0 ./hbird_sdk/SoC/hbirdv2/Common/Source/GCC/startup_hbirdv2.o
                0x0000000080000000                _start

.ilalign        0x00000000800000c0        0x0
                0x00000000800000c0                . = ALIGN (0x4)
 *fill*         0x00000000800000c0        0x0 
                0x00000000800000c0                PROVIDE (_ilm_lma = .)

.ialign         0x00000000800000c0        0x0
                0x00000000800000c0                PROVIDE (_ilm = .)

.text           0x00000000800000c0     0x8e1c
 *(.text.unlikely .text.unlikely.*)
 *(.text.startup .text.startup.*)
 .text.startup.main
                0x00000000800000c0      0x2a0 ./application/whets.o
                0x00000000800000c0                main
 *(.text .text.*)
 .text._close   0x0000000080000360        0xa ./hbird_sdk/SoC/hbirdv2/Common/Source/Stubs/close.o
                0x0000000080000360                _close
 .text._exit    0x000000008000036a        0x6 ./hbird_sdk/SoC/hbirdv2/Common/Source/Stubs/exit.o
                0x000000008000036a                _exit
 .text._fstat   0x0000000080000370       0x1c ./hbird_sdk/SoC/hbirdv2/Common/Source/Stubs/fstat.o
                0x0000000080000370                _fstat
 .text._getpid  0x000000008000038c        0x4 ./hbird_sdk/SoC/hbirdv2/Common/Source/Stubs/getpid.o
                0x000000008000038c                _getpid
 .text._isatty  0x0000000080000390        0x4 ./hbird_sdk/SoC/hbirdv2/Common/Source/Stubs/isatty.o
                0x0000000080000390                _isatty
 .text._kill    0x0000000080000394        0xa ./hbird_sdk/SoC/hbirdv2/Common/Source/Stubs/kill.o
                0x0000000080000394                _kill
 .text._lseek   0x000000008000039e        0x4 ./hbird_sdk/SoC/hbirdv2/Common/Source/Stubs/lseek.o
                0x000000008000039e                _lseek
 .text._read    0x00000000800003a2       0x22 ./hbird_sdk/SoC/hbirdv2/Common/Source/Stubs/read.o
                0x00000000800003a2                _read
 .text._sbrk    0x00000000800003c4       0x2c ./hbird_sdk/SoC/hbirdv2/Common/Source/Stubs/sbrk.o
                0x00000000800003c4                _sbrk
 .text._write   0x00000000800003f0       0x5e ./hbird_sdk/SoC/hbirdv2/Common/Source/Stubs/write.o
                0x00000000800003f0                _write
 *fill*         0x000000008000044e        0x2 
 .text.trap     0x0000000080000450       0x78 ./hbird_sdk/SoC/hbirdv2/Common/Source/GCC/intexc_hbirdv2.o
                0x0000000080000450                trap_entry
 .text.gpio_iof_config
                0x00000000800004c8       0x12 ./hbird_sdk/SoC/hbirdv2/Common/Source/Drivers/hbirdv2_gpio.o
                0x00000000800004c8                gpio_iof_config
 .text.uart_init
                0x00000000800004da       0x42 ./hbird_sdk/SoC/hbirdv2/Common/Source/Drivers/hbirdv2_uart.o
                0x00000000800004da                uart_init
 .text.uart_write
                0x000000008000051c       0x16 ./hbird_sdk/SoC/hbirdv2/Common/Source/Drivers/hbirdv2_uart.o
                0x000000008000051c                uart_write
 .text.uart_read
                0x0000000080000532       0x1a ./hbird_sdk/SoC/hbirdv2/Common/Source/Drivers/hbirdv2_uart.o
                0x0000000080000532                uart_read
 .text.get_cpu_freq
                0x000000008000054c       0xa4 ./hbird_sdk/SoC/hbirdv2/Common/Source/hbirdv2_common.o
                0x000000008000054c                get_cpu_freq
 .text.system_default_exception_handler
                0x00000000800005f0       0x44 ./hbird_sdk/SoC/hbirdv2/Common/Source/system_hbirdv2.o
 .text.system_default_interrupt_handler
                0x0000000080000634       0x48 ./hbird_sdk/SoC/hbirdv2/Common/Source/system_hbirdv2.o
 .text.SystemInit
                0x000000008000067c       0x12 ./hbird_sdk/SoC/hbirdv2/Common/Source/system_hbirdv2.o
                0x000000008000067c                SystemInit
 .text.core_trap_handler
                0x000000008000068e       0xba ./hbird_sdk/SoC/hbirdv2/Common/Source/system_hbirdv2.o
                0x000000008000068e                core_trap_handler
 .text._premain_init
                0x0000000080000748      0x31c ./hbird_sdk/SoC/hbirdv2/Common/Source/system_hbirdv2.o
                0x0000000080000748                _premain_init
 .text._postmain_fini
                0x0000000080000a64        0x2 ./hbird_sdk/SoC/hbirdv2/Common/Source/system_hbirdv2.o
                0x0000000080000a64                _postmain_fini
 .text._init    0x0000000080000a66        0x2 ./hbird_sdk/SoC/hbirdv2/Common/Source/system_hbirdv2.o
                0x0000000080000a66                _init
 .text._fini    0x0000000080000a68        0x2 ./hbird_sdk/SoC/hbirdv2/Common/Source/system_hbirdv2.o
                0x0000000080000a68                _fini
 .text.start_time
                0x0000000080000a6a       0x36 ./application/cpuidc.o
                0x0000000080000a6a                start_time
 .text.end_time
                0x0000000080000aa0       0x3e ./application/cpuidc.o
                0x0000000080000aa0                end_time
 .text.whetstones.constprop.0
                0x0000000080000ade     0x126a ./application/whets.o
 .text.atanf    0x0000000080001d48      0x1ec e:/nucleistudio_ide_202212-win64/nucleistudio/toolchain/gcc/bin/../lib/gcc/riscv-nuclei-elf/10.2.0/../../../../riscv-nuclei-elf/lib/rv32imafc/ilp32f\libm_nano.a(lib_a-sf_atan.o)
                0x0000000080001d48                atanf
 .text.cosf     0x0000000080001f34       0x68 e:/nucleistudio_ide_202212-win64/nucleistudio/toolchain/gcc/bin/../lib/gcc/riscv-nuclei-elf/10.2.0/../../../../riscv-nuclei-elf/lib/rv32imafc/ilp32f\libm_nano.a(lib_a-sf_cos.o)
                0x0000000080001f34                cosf
 .text.fabsf    0x0000000080001f9c        0x6 e:/nucleistudio_ide_202212-win64/nucleistudio/toolchain/gcc/bin/../lib/gcc/riscv-nuclei-elf/10.2.0/../../../../riscv-nuclei-elf/lib/rv32imafc/ilp32f\libm_nano.a(lib_a-sf_fabs.o)
                0x0000000080001f9c                fabsf
 .text.sinf     0x0000000080001fa2       0x6a e:/nucleistudio_ide_202212-win64/nucleistudio/toolchain/gcc/bin/../lib/gcc/riscv-nuclei-elf/10.2.0/../../../../riscv-nuclei-elf/lib/rv32imafc/ilp32f\libm_nano.a(lib_a-sf_sin.o)
                0x0000000080001fa2                sinf
 .text.expf     0x000000008000200c       0x68 e:/nucleistudio_ide_202212-win64/nucleistudio/toolchain/gcc/bin/../lib/gcc/riscv-nuclei-elf/10.2.0/../../../../riscv-nuclei-elf/lib/rv32imafc/ilp32f\libm_nano.a(lib_a-wf_exp.o)
                0x000000008000200c                expf
 .text.logf     0x0000000080002074       0x58 e:/nucleistudio_ide_202212-win64/nucleistudio/toolchain/gcc/bin/../lib/gcc/riscv-nuclei-elf/10.2.0/../../../../riscv-nuclei-elf/lib/rv32imafc/ilp32f\libm_nano.a(lib_a-wf_log.o)
                0x0000000080002074                logf
 .text.__ieee754_expf
                0x00000000800020cc      0x1b2 e:/nucleistudio_ide_202212-win64/nucleistudio/toolchain/gcc/bin/../lib/gcc/riscv-nuclei-elf/10.2.0/../../../../riscv-nuclei-elf/lib/rv32imafc/ilp32f\libm_nano.a(lib_a-ef_exp.o)
                0x00000000800020cc                __ieee754_expf
 .text.__ieee754_logf
                0x000000008000227e      0x206 e:/nucleistudio_ide_202212-win64/nucleistudio/toolchain/gcc/bin/../lib/gcc/riscv-nuclei-elf/10.2.0/../../../../riscv-nuclei-elf/lib/rv32imafc/ilp32f\libm_nano.a(lib_a-ef_log.o)
                0x000000008000227e                __ieee754_logf
 .text.__ieee754_rem_pio2f
                0x0000000080002484      0x26e e:/nucleistudio_ide_202212-win64/nucleistudio/toolchain/gcc/bin/../lib/gcc/riscv-nuclei-elf/10.2.0/../../../../riscv-nuclei-elf/lib/rv32imafc/ilp32f\libm_nano.a(lib_a-ef_rem_pio2.o)
                0x0000000080002484                __ieee754_rem_pio2f
 .text.__kernel_cosf
                0x00000000800026f2       0xd0 e:/nucleistudio_ide_202212-win64/nucleistudio/toolchain/gcc/bin/../lib/gcc/riscv-nuclei-elf/10.2.0/../../../../riscv-nuclei-elf/lib/rv32imafc/ilp32f\libm_nano.a(lib_a-kf_cos.o)
                0x00000000800026f2                __kernel_cosf
 .text.__kernel_rem_pio2f
                0x00000000800027c2      0x59a e:/nucleistudio_ide_202212-win64/nucleistudio/toolchain/gcc/bin/../lib/gcc/riscv-nuclei-elf/10.2.0/../../../../riscv-nuclei-elf/lib/rv32imafc/ilp32f\libm_nano.a(lib_a-kf_rem_pio2.o)
                0x00000000800027c2                __kernel_rem_pio2f
 .text.__kernel_sinf
                0x0000000080002d5c       0xa6 e:/nucleistudio_ide_202212-win64/nucleistudio/toolchain/gcc/bin/../lib/gcc/riscv-nuclei-elf/10.2.0/../../../../riscv-nuclei-elf/lib/rv32imafc/ilp32f\libm_nano.a(lib_a-kf_sin.o)
                0x0000000080002d5c                __kernel_sinf
 .text.with_errnof
                0x0000000080002e02       0x1a e:/nucleistudio_ide_202212-win64/nucleistudio/toolchain/gcc/bin/../lib/gcc/riscv-nuclei-elf/10.2.0/../../../../riscv-nuclei-elf/lib/rv32imafc/ilp32f\libm_nano.a(lib_a-math_errf.o)
 .text.xflowf   0x0000000080002e1c       0x14 e:/nucleistudio_ide_202212-win64/nucleistudio/toolchain/gcc/bin/../lib/gcc/riscv-nuclei-elf/10.2.0/../../../../riscv-nuclei-elf/lib/rv32imafc/ilp32f\libm_nano.a(lib_a-math_errf.o)
 .text.__math_uflowf
                0x0000000080002e30        0xa e:/nucleistudio_ide_202212-win64/nucleistudio/toolchain/gcc/bin/../lib/gcc/riscv-nuclei-elf/10.2.0/../../../../riscv-nuclei-elf/lib/rv32imafc/ilp32f\libm_nano.a(lib_a-math_errf.o)
                0x0000000080002e30                __math_uflowf
 .text.__math_oflowf
                0x0000000080002e3a        0xa e:/nucleistudio_ide_202212-win64/nucleistudio/toolchain/gcc/bin/../lib/gcc/riscv-nuclei-elf/10.2.0/../../../../riscv-nuclei-elf/lib/rv32imafc/ilp32f\libm_nano.a(lib_a-math_errf.o)
                0x0000000080002e3a                __math_oflowf
 .text.finitef  0x0000000080002e44        0xe e:/nucleistudio_ide_202212-win64/nucleistudio/toolchain/gcc/bin/../lib/gcc/riscv-nuclei-elf/10.2.0/../../../../riscv-nuclei-elf/lib/rv32imafc/ilp32f\libm_nano.a(lib_a-sf_finite.o)
                0x0000000080002e44                finitef
 .text.floorf   0x0000000080002e52       0x96 e:/nucleistudio_ide_202212-win64/nucleistudio/toolchain/gcc/bin/../lib/gcc/riscv-nuclei-elf/10.2.0/../../../../riscv-nuclei-elf/lib/rv32imafc/ilp32f\libm_nano.a(lib_a-sf_floor.o)
                0x0000000080002e52                floorf
 .text.nanf     0x0000000080002ee8        0xa e:/nucleistudio_ide_202212-win64/nucleistudio/toolchain/gcc/bin/../lib/gcc/riscv-nuclei-elf/10.2.0/../../../../riscv-nuclei-elf/lib/rv32imafc/ilp32f\libm_nano.a(lib_a-sf_nan.o)
                0x0000000080002ee8                nanf
 .text.scalbnf  0x0000000080002ef2       0xca e:/nucleistudio_ide_202212-win64/nucleistudio/toolchain/gcc/bin/../lib/gcc/riscv-nuclei-elf/10.2.0/../../../../riscv-nuclei-elf/lib/rv32imafc/ilp32f\libm_nano.a(lib_a-sf_scalbn.o)
                0x0000000080002ef2                scalbnf
 .text.__floatundisf
                0x0000000080002fbc       0x5c e:/nucleistudio_ide_202212-win64/nucleistudio/toolchain/gcc/bin/../lib/gcc/riscv-nuclei-elf/10.2.0/rv32imafc/ilp32f\libgcc.a(_floatundisf.o)
                0x0000000080002fbc                __floatundisf
 .text.__udivdi3
                0x0000000080003018      0x360 e:/nucleistudio_ide_202212-win64/nucleistudio/toolchain/gcc/bin/../lib/gcc/riscv-nuclei-elf/10.2.0/rv32imafc/ilp32f\libgcc.a(_udivdi3.o)
                0x0000000080003018                __udivdi3
 .text.__adddf3
                0x0000000080003378      0x8aa e:/nucleistudio_ide_202212-win64/nucleistudio/toolchain/gcc/bin/../lib/gcc/riscv-nuclei-elf/10.2.0/rv32imafc/ilp32f\libgcc.a(adddf3.o)
                0x0000000080003378                __adddf3
 .text.__muldf3
                0x0000000080003c22      0x598 e:/nucleistudio_ide_202212-win64/nucleistudio/toolchain/gcc/bin/../lib/gcc/riscv-nuclei-elf/10.2.0/rv32imafc/ilp32f\libgcc.a(muldf3.o)
                0x0000000080003c22                __muldf3
 .text.__floatunsidf
                0x00000000800041ba       0x4e e:/nucleistudio_ide_202212-win64/nucleistudio/toolchain/gcc/bin/../lib/gcc/riscv-nuclei-elf/10.2.0/rv32imafc/ilp32f\libgcc.a(floatunsidf.o)
                0x00000000800041ba                __floatunsidf
 .text.__extendsfdf2
                0x0000000080004208       0xbe e:/nucleistudio_ide_202212-win64/nucleistudio/toolchain/gcc/bin/../lib/gcc/riscv-nuclei-elf/10.2.0/rv32imafc/ilp32f\libgcc.a(extendsfdf2.o)
                0x0000000080004208                __extendsfdf2
 .text.__truncdfsf2
                0x00000000800042c6      0x220 e:/nucleistudio_ide_202212-win64/nucleistudio/toolchain/gcc/bin/../lib/gcc/riscv-nuclei-elf/10.2.0/rv32imafc/ilp32f\libgcc.a(truncdfsf2.o)
                0x00000000800042c6                __truncdfsf2
 .text.__clzsi2
                0x00000000800044e6       0x3c e:/nucleistudio_ide_202212-win64/nucleistudio/toolchain/gcc/bin/../lib/gcc/riscv-nuclei-elf/10.2.0/rv32imafc/ilp32f\libgcc.a(_clzsi2.o)
                0x00000000800044e6                __clzsi2
 .text.atexit   0x0000000080004522        0xc e:/nucleistudio_ide_202212-win64/nucleistudio/toolchain/gcc/bin/../lib/gcc/riscv-nuclei-elf/10.2.0/../../../../riscv-nuclei-elf/lib/rv32imafc/ilp32f\libg_nano.a(lib_a-atexit.o)
                0x0000000080004522                atexit
 .text.__errno  0x000000008000452e        0xa e:/nucleistudio_ide_202212-win64/nucleistudio/toolchain/gcc/bin/../lib/gcc/riscv-nuclei-elf/10.2.0/../../../../riscv-nuclei-elf/lib/rv32imafc/ilp32f\libg_nano.a(lib_a-errno.o)
                0x000000008000452e                __errno
 .text.__libc_fini_array
                0x0000000080004538       0x36 e:/nucleistudio_ide_202212-win64/nucleistudio/toolchain/gcc/bin/../lib/gcc/riscv-nuclei-elf/10.2.0/../../../../riscv-nuclei-elf/lib/rv32imafc/ilp32f\libg_nano.a(lib_a-fini.o)
                0x0000000080004538                __libc_fini_array
 .text.__libc_init_array
                0x000000008000456e       0x5e e:/nucleistudio_ide_202212-win64/nucleistudio/toolchain/gcc/bin/../lib/gcc/riscv-nuclei-elf/10.2.0/../../../../riscv-nuclei-elf/lib/rv32imafc/ilp32f\libg_nano.a(lib_a-init.o)
                0x000000008000456e                __libc_init_array
 .text.__cvt    0x00000000800045cc       0xec e:/nucleistudio_ide_202212-win64/nucleistudio/toolchain/gcc/bin/../lib/gcc/riscv-nuclei-elf/10.2.0/../../../../riscv-nuclei-elf/lib/rv32imafc/ilp32f\libg_nano.a(lib_a-nano-vfprintf_float.o)
                0x00000000800045cc                __cvt
 .text.__exponent
                0x00000000800046b8       0x9c e:/nucleistudio_ide_202212-win64/nucleistudio/toolchain/gcc/bin/../lib/gcc/riscv-nuclei-elf/10.2.0/../../../../riscv-nuclei-elf/lib/rv32imafc/ilp32f\libg_nano.a(lib_a-nano-vfprintf_float.o)
                0x00000000800046b8                __exponent
 .text._printf_float
                0x0000000080004754      0x4d4 e:/nucleistudio_ide_202212-win64/nucleistudio/toolchain/gcc/bin/../lib/gcc/riscv-nuclei-elf/10.2.0/../../../../riscv-nuclei-elf/lib/rv32imafc/ilp32f\libg_nano.a(lib_a-nano-vfprintf_float.o)
                0x0000000080004754                _printf_float
 .text._printf_common
                0x0000000080004c28      0x10c e:/nucleistudio_ide_202212-win64/nucleistudio/toolchain/gcc/bin/../lib/gcc/riscv-nuclei-elf/10.2.0/../../../../riscv-nuclei-elf/lib/rv32imafc/ilp32f\libg_nano.a(lib_a-nano-vfprintf_i.o)
                0x0000000080004c28                _printf_common
 .text._printf_i
                0x0000000080004d34      0x272 e:/nucleistudio_ide_202212-win64/nucleistudio/toolchain/gcc/bin/../lib/gcc/riscv-nuclei-elf/10.2.0/../../../../riscv-nuclei-elf/lib/rv32imafc/ilp32f\libg_nano.a(lib_a-nano-vfprintf_i.o)
                0x0000000080004d34                _printf_i
 .text.printf   0x0000000080004fa6       0x40 e:/nucleistudio_ide_202212-win64/nucleistudio/toolchain/gcc/bin/../lib/gcc/riscv-nuclei-elf/10.2.0/../../../../riscv-nuclei-elf/lib/rv32imafc/ilp32f\libg_nano.a(lib_a-printf.o)
                0x0000000080004fa6                iprintf
                0x0000000080004fa6                printf
 .text.putchar  0x0000000080004fe6       0x2e e:/nucleistudio_ide_202212-win64/nucleistudio/toolchain/gcc/bin/../lib/gcc/riscv-nuclei-elf/10.2.0/../../../../riscv-nuclei-elf/lib/rv32imafc/ilp32f\libg_nano.a(lib_a-putchar.o)
                0x0000000080004fe6                putchar
 .text._puts_r  0x0000000080005014       0xde e:/nucleistudio_ide_202212-win64/nucleistudio/toolchain/gcc/bin/../lib/gcc/riscv-nuclei-elf/10.2.0/../../../../riscv-nuclei-elf/lib/rv32imafc/ilp32f\libg_nano.a(lib_a-puts.o)
                0x0000000080005014                _puts_r
 .text.puts     0x00000000800050f2        0xc e:/nucleistudio_ide_202212-win64/nucleistudio/toolchain/gcc/bin/../lib/gcc/riscv-nuclei-elf/10.2.0/../../../../riscv-nuclei-elf/lib/rv32imafc/ilp32f\libg_nano.a(lib_a-puts.o)
                0x00000000800050f2                puts
 .text.strlen   0x00000000800050fe       0x12 e:/nucleistudio_ide_202212-win64/nucleistudio/toolchain/gcc/bin/../lib/gcc/riscv-nuclei-elf/10.2.0/../../../../riscv-nuclei-elf/lib/rv32imafc/ilp32f\libg_nano.a(lib_a-strlen.o)
                0x00000000800050fe                strlen
 .text.isatty   0x0000000080005110        0x4 e:/nucleistudio_ide_202212-win64/nucleistudio/toolchain/gcc/bin/../lib/gcc/riscv-nuclei-elf/10.2.0/../../../../riscv-nuclei-elf/lib/rv32imafc/ilp32f\libg_nano.a(lib_a-sysisatty.o)
                0x0000000080005110                isatty
 .text.__swbuf_r
                0x0000000080005114       0xc6 e:/nucleistudio_ide_202212-win64/nucleistudio/toolchain/gcc/bin/../lib/gcc/riscv-nuclei-elf/10.2.0/../../../../riscv-nuclei-elf/lib/rv32imafc/ilp32f\libg_nano.a(lib_a-wbuf.o)
                0x0000000080005114                __swbuf_r
 .text.__swsetup_r
                0x00000000800051da      0x110 e:/nucleistudio_ide_202212-win64/nucleistudio/toolchain/gcc/bin/../lib/gcc/riscv-nuclei-elf/10.2.0/../../../../riscv-nuclei-elf/lib/rv32imafc/ilp32f\libg_nano.a(lib_a-wsetup.o)
                0x00000000800051da                __swsetup_r
 .text.__register_exitproc
                0x00000000800052ea       0x74 e:/nucleistudio_ide_202212-win64/nucleistudio/toolchain/gcc/bin/../lib/gcc/riscv-nuclei-elf/10.2.0/../../../../riscv-nuclei-elf/lib/rv32imafc/ilp32f\libg_nano.a(lib_a-__atexit.o)
                0x00000000800052ea                __register_exitproc
 .text.quorem   0x000000008000535e      0x12c e:/nucleistudio_ide_202212-win64/nucleistudio/toolchain/gcc/bin/../lib/gcc/riscv-nuclei-elf/10.2.0/../../../../riscv-nuclei-elf/lib/rv32imafc/ilp32f\libg_nano.a(lib_a-dtoa.o)
 .text._dtoa_r  0x000000008000548a      0xc4c e:/nucleistudio_ide_202212-win64/nucleistudio/toolchain/gcc/bin/../lib/gcc/riscv-nuclei-elf/10.2.0/../../../../riscv-nuclei-elf/lib/rv32imafc/ilp32f\libg_nano.a(lib_a-dtoa.o)
                0x000000008000548a                _dtoa_r
 .text.__sflush_r
                0x00000000800060d6      0x148 e:/nucleistudio_ide_202212-win64/nucleistudio/toolchain/gcc/bin/../lib/gcc/riscv-nuclei-elf/10.2.0/../../../../riscv-nuclei-elf/lib/rv32imafc/ilp32f\libg_nano.a(lib_a-fflush.o)
                0x00000000800060d6                __sflush_r
 .text._fflush_r
                0x000000008000621e       0x64 e:/nucleistudio_ide_202212-win64/nucleistudio/toolchain/gcc/bin/../lib/gcc/riscv-nuclei-elf/10.2.0/../../../../riscv-nuclei-elf/lib/rv32imafc/ilp32f\libg_nano.a(lib_a-fflush.o)
                0x000000008000621e                _fflush_r
 .text.std      0x0000000080006282       0x68 e:/nucleistudio_ide_202212-win64/nucleistudio/toolchain/gcc/bin/../lib/gcc/riscv-nuclei-elf/10.2.0/../../../../riscv-nuclei-elf/lib/rv32imafc/ilp32f\libg_nano.a(lib_a-findfp.o)
 .text._cleanup_r
                0x00000000800062ea        0xa e:/nucleistudio_ide_202212-win64/nucleistudio/toolchain/gcc/bin/../lib/gcc/riscv-nuclei-elf/10.2.0/../../../../riscv-nuclei-elf/lib/rv32imafc/ilp32f\libg_nano.a(lib_a-findfp.o)
                0x00000000800062ea                _cleanup_r
 .text.__sfmoreglue
                0x00000000800062f4       0x46 e:/nucleistudio_ide_202212-win64/nucleistudio/toolchain/gcc/bin/../lib/gcc/riscv-nuclei-elf/10.2.0/../../../../riscv-nuclei-elf/lib/rv32imafc/ilp32f\libg_nano.a(lib_a-findfp.o)
                0x00000000800062f4                __sfmoreglue
 .text.__sinit  0x000000008000633a       0x66 e:/nucleistudio_ide_202212-win64/nucleistudio/toolchain/gcc/bin/../lib/gcc/riscv-nuclei-elf/10.2.0/../../../../riscv-nuclei-elf/lib/rv32imafc/ilp32f\libg_nano.a(lib_a-findfp.o)
                0x000000008000633a                __sinit
 .text.__sfp    0x00000000800063a0       0x98 e:/nucleistudio_ide_202212-win64/nucleistudio/toolchain/gcc/bin/../lib/gcc/riscv-nuclei-elf/10.2.0/../../../../riscv-nuclei-elf/lib/rv32imafc/ilp32f\libg_nano.a(lib_a-findfp.o)
                0x00000000800063a0                __sfp
 .text._fwalk_reent
                0x0000000080006438       0x6a e:/nucleistudio_ide_202212-win64/nucleistudio/toolchain/gcc/bin/../lib/gcc/riscv-nuclei-elf/10.2.0/../../../../riscv-nuclei-elf/lib/rv32imafc/ilp32f\libg_nano.a(lib_a-fwalk.o)
                0x0000000080006438                _fwalk_reent
 .text._localeconv_r
                0x00000000800064a2        0xa e:/nucleistudio_ide_202212-win64/nucleistudio/toolchain/gcc/bin/../lib/gcc/riscv-nuclei-elf/10.2.0/../../../../riscv-nuclei-elf/lib/rv32imafc/ilp32f\libg_nano.a(lib_a-localeconv.o)
                0x00000000800064a2                _localeconv_r
 .text.__swhatbuf_r
                0x00000000800064ac       0x5c e:/nucleistudio_ide_202212-win64/nucleistudio/toolchain/gcc/bin/../lib/gcc/riscv-nuclei-elf/10.2.0/../../../../riscv-nuclei-elf/lib/rv32imafc/ilp32f\libg_nano.a(lib_a-makebuf.o)
                0x00000000800064ac                __swhatbuf_r
 .text.__smakebuf_r
                0x0000000080006508       0xa0 e:/nucleistudio_ide_202212-win64/nucleistudio/toolchain/gcc/bin/../lib/gcc/riscv-nuclei-elf/10.2.0/../../../../riscv-nuclei-elf/lib/rv32imafc/ilp32f\libg_nano.a(lib_a-makebuf.o)
                0x0000000080006508                __smakebuf_r
 .text.malloc   0x00000000800065a8        0xe e:/nucleistudio_ide_202212-win64/nucleistudio/toolchain/gcc/bin/../lib/gcc/riscv-nuclei-elf/10.2.0/../../../../riscv-nuclei-elf/lib/rv32imafc/ilp32f\libg_nano.a(lib_a-malloc.o)
                0x00000000800065a8                malloc
 .text.memchr   0x00000000800065b6       0x1a e:/nucleistudio_ide_202212-win64/nucleistudio/toolchain/gcc/bin/../lib/gcc/riscv-nuclei-elf/10.2.0/../../../../riscv-nuclei-elf/lib/rv32imafc/ilp32f\libg_nano.a(lib_a-memchr.o)
                0x00000000800065b6                memchr
 .text.memcpy   0x00000000800065d0       0xdc e:/nucleistudio_ide_202212-win64/nucleistudio/toolchain/gcc/bin/../lib/gcc/riscv-nuclei-elf/10.2.0/../../../../riscv-nuclei-elf/lib/rv32imafc/ilp32f\libg_nano.a(lib_a-memcpy.o)
                0x00000000800065d0                memcpy
 .text          0x00000000800066ac       0xa8 e:/nucleistudio_ide_202212-win64/nucleistudio/toolchain/gcc/bin/../lib/gcc/riscv-nuclei-elf/10.2.0/../../../../riscv-nuclei-elf/lib/rv32imafc/ilp32f\libg_nano.a(lib_a-memset.o)
                0x00000000800066ac                memset
 .text._Balloc  0x0000000080006754       0xae e:/nucleistudio_ide_202212-win64/nucleistudio/toolchain/gcc/bin/../lib/gcc/riscv-nuclei-elf/10.2.0/../../../../riscv-nuclei-elf/lib/rv32imafc/ilp32f\libg_nano.a(lib_a-mprec.o)
                0x0000000080006754                _Balloc
 .text._Bfree   0x0000000080006802       0x62 e:/nucleistudio_ide_202212-win64/nucleistudio/toolchain/gcc/bin/../lib/gcc/riscv-nuclei-elf/10.2.0/../../../../riscv-nuclei-elf/lib/rv32imafc/ilp32f\libg_nano.a(lib_a-mprec.o)
                0x0000000080006802                _Bfree
 .text.__multadd
                0x0000000080006864       0xbe e:/nucleistudio_ide_202212-win64/nucleistudio/toolchain/gcc/bin/../lib/gcc/riscv-nuclei-elf/10.2.0/../../../../riscv-nuclei-elf/lib/rv32imafc/ilp32f\libg_nano.a(lib_a-mprec.o)
                0x0000000080006864                __multadd
 .text.__hi0bits
                0x0000000080006922       0x46 e:/nucleistudio_ide_202212-win64/nucleistudio/toolchain/gcc/bin/../lib/gcc/riscv-nuclei-elf/10.2.0/../../../../riscv-nuclei-elf/lib/rv32imafc/ilp32f\libg_nano.a(lib_a-mprec.o)
                0x0000000080006922                __hi0bits
 .text.__lo0bits
                0x0000000080006968       0x6a e:/nucleistudio_ide_202212-win64/nucleistudio/toolchain/gcc/bin/../lib/gcc/riscv-nuclei-elf/10.2.0/../../../../riscv-nuclei-elf/lib/rv32imafc/ilp32f\libg_nano.a(lib_a-mprec.o)
                0x0000000080006968                __lo0bits
 .text.__i2b    0x00000000800069d2       0x38 e:/nucleistudio_ide_202212-win64/nucleistudio/toolchain/gcc/bin/../lib/gcc/riscv-nuclei-elf/10.2.0/../../../../riscv-nuclei-elf/lib/rv32imafc/ilp32f\libg_nano.a(lib_a-mprec.o)
                0x00000000800069d2                __i2b
 .text.__multiply
                0x0000000080006a0a      0x180 e:/nucleistudio_ide_202212-win64/nucleistudio/toolchain/gcc/bin/../lib/gcc/riscv-nuclei-elf/10.2.0/../../../../riscv-nuclei-elf/lib/rv32imafc/ilp32f\libg_nano.a(lib_a-mprec.o)
                0x0000000080006a0a                __multiply
 .text.__pow5mult
                0x0000000080006b8a       0xda e:/nucleistudio_ide_202212-win64/nucleistudio/toolchain/gcc/bin/../lib/gcc/riscv-nuclei-elf/10.2.0/../../../../riscv-nuclei-elf/lib/rv32imafc/ilp32f\libg_nano.a(lib_a-mprec.o)
                0x0000000080006b8a                __pow5mult
 .text.__lshift
                0x0000000080006c64      0x104 e:/nucleistudio_ide_202212-win64/nucleistudio/toolchain/gcc/bin/../lib/gcc/riscv-nuclei-elf/10.2.0/../../../../riscv-nuclei-elf/lib/rv32imafc/ilp32f\libg_nano.a(lib_a-mprec.o)
                0x0000000080006c64                __lshift
 .text.__mcmp   0x0000000080006d68       0x36 e:/nucleistudio_ide_202212-win64/nucleistudio/toolchain/gcc/bin/../lib/gcc/riscv-nuclei-elf/10.2.0/../../../../riscv-nuclei-elf/lib/rv32imafc/ilp32f\libg_nano.a(lib_a-mprec.o)
                0x0000000080006d68                __mcmp
 .text.__mdiff  0x0000000080006d9e      0x15c e:/nucleistudio_ide_202212-win64/nucleistudio/toolchain/gcc/bin/../lib/gcc/riscv-nuclei-elf/10.2.0/../../../../riscv-nuclei-elf/lib/rv32imafc/ilp32f\libg_nano.a(lib_a-mprec.o)
                0x0000000080006d9e                __mdiff
 .text.__d2b    0x0000000080006efa       0xee e:/nucleistudio_ide_202212-win64/nucleistudio/toolchain/gcc/bin/../lib/gcc/riscv-nuclei-elf/10.2.0/../../../../riscv-nuclei-elf/lib/rv32imafc/ilp32f\libg_nano.a(lib_a-mprec.o)
                0x0000000080006efa                __d2b
 .text._calloc_r
                0x0000000080006fe8       0x36 e:/nucleistudio_ide_202212-win64/nucleistudio/toolchain/gcc/bin/../lib/gcc/riscv-nuclei-elf/10.2.0/../../../../riscv-nuclei-elf/lib/rv32imafc/ilp32f\libg_nano.a(lib_a-nano-callocr.o)
                0x0000000080006fe8                _calloc_r
 .text._free_r  0x000000008000701e       0xa2 e:/nucleistudio_ide_202212-win64/nucleistudio/toolchain/gcc/bin/../lib/gcc/riscv-nuclei-elf/10.2.0/../../../../riscv-nuclei-elf/lib/rv32imafc/ilp32f\libg_nano.a(lib_a-nano-freer.o)
                0x000000008000701e                _free_r
 .text._malloc_r
                0x00000000800070c0       0xd0 e:/nucleistudio_ide_202212-win64/nucleistudio/toolchain/gcc/bin/../lib/gcc/riscv-nuclei-elf/10.2.0/../../../../riscv-nuclei-elf/lib/rv32imafc/ilp32f\libg_nano.a(lib_a-nano-mallocr.o)
                0x00000000800070c0                _malloc_r
 .text.__sfputc_r
                0x0000000080007190       0x2a e:/nucleistudio_ide_202212-win64/nucleistudio/toolchain/gcc/bin/../lib/gcc/riscv-nuclei-elf/10.2.0/../../../../riscv-nuclei-elf/lib/rv32imafc/ilp32f\libg_nano.a(lib_a-nano-vfprintf.o)
 .text.__sfputs_r
                0x00000000800071ba       0x42 e:/nucleistudio_ide_202212-win64/nucleistudio/toolchain/gcc/bin/../lib/gcc/riscv-nuclei-elf/10.2.0/../../../../riscv-nuclei-elf/lib/rv32imafc/ilp32f\libg_nano.a(lib_a-nano-vfprintf.o)
                0x00000000800071ba                __sfputs_r
 .text._vfprintf_r
                0x00000000800071fc      0x2a0 e:/nucleistudio_ide_202212-win64/nucleistudio/toolchain/gcc/bin/../lib/gcc/riscv-nuclei-elf/10.2.0/../../../../riscv-nuclei-elf/lib/rv32imafc/ilp32f\libg_nano.a(lib_a-nano-vfprintf.o)
                0x00000000800071fc                _vfprintf_r
                0x00000000800071fc                _vfiprintf_r
 .text._putc_r  0x000000008000749c       0x86 e:/nucleistudio_ide_202212-win64/nucleistudio/toolchain/gcc/bin/../lib/gcc/riscv-nuclei-elf/10.2.0/../../../../riscv-nuclei-elf/lib/rv32imafc/ilp32f\libg_nano.a(lib_a-putc.o)
                0x000000008000749c                _putc_r
 .text._sbrk_r  0x0000000080007522       0x28 e:/nucleistudio_ide_202212-win64/nucleistudio/toolchain/gcc/bin/../lib/gcc/riscv-nuclei-elf/10.2.0/../../../../riscv-nuclei-elf/lib/rv32imafc/ilp32f\libg_nano.a(lib_a-sbrkr.o)
                0x0000000080007522                _sbrk_r
 .text.__sread  0x000000008000754a       0x30 e:/nucleistudio_ide_202212-win64/nucleistudio/toolchain/gcc/bin/../lib/gcc/riscv-nuclei-elf/10.2.0/../../../../riscv-nuclei-elf/lib/rv32imafc/ilp32f\libg_nano.a(lib_a-stdio.o)
                0x000000008000754a                __sread
 .text.__swrite
                0x000000008000757a       0x4e e:/nucleistudio_ide_202212-win64/nucleistudio/toolchain/gcc/bin/../lib/gcc/riscv-nuclei-elf/10.2.0/../../../../riscv-nuclei-elf/lib/rv32imafc/ilp32f\libg_nano.a(lib_a-stdio.o)
                0x000000008000757a                __swrite
 .text.__sseek  0x00000000800075c8       0x36 e:/nucleistudio_ide_202212-win64/nucleistudio/toolchain/gcc/bin/../lib/gcc/riscv-nuclei-elf/10.2.0/../../../../riscv-nuclei-elf/lib/rv32imafc/ilp32f\libg_nano.a(lib_a-stdio.o)
                0x00000000800075c8                __sseek
 .text.__sclose
                0x00000000800075fe        0x6 e:/nucleistudio_ide_202212-win64/nucleistudio/toolchain/gcc/bin/../lib/gcc/riscv-nuclei-elf/10.2.0/../../../../riscv-nuclei-elf/lib/rv32imafc/ilp32f\libg_nano.a(lib_a-stdio.o)
                0x00000000800075fe                __sclose
 .text._write_r
                0x0000000080007604       0x2c e:/nucleistudio_ide_202212-win64/nucleistudio/toolchain/gcc/bin/../lib/gcc/riscv-nuclei-elf/10.2.0/../../../../riscv-nuclei-elf/lib/rv32imafc/ilp32f\libg_nano.a(lib_a-writer.o)
                0x0000000080007604                _write_r
 .text.__assert_func
                0x0000000080007630       0x3a e:/nucleistudio_ide_202212-win64/nucleistudio/toolchain/gcc/bin/../lib/gcc/riscv-nuclei-elf/10.2.0/../../../../riscv-nuclei-elf/lib/rv32imafc/ilp32f\libg_nano.a(lib_a-assert.o)
                0x0000000080007630                __assert_func
 .text._close_r
                0x000000008000766a       0x28 e:/nucleistudio_ide_202212-win64/nucleistudio/toolchain/gcc/bin/../lib/gcc/riscv-nuclei-elf/10.2.0/../../../../riscv-nuclei-elf/lib/rv32imafc/ilp32f\libg_nano.a(lib_a-closer.o)
                0x000000008000766a                _close_r
 .text.fprintf  0x0000000080007692       0x2a e:/nucleistudio_ide_202212-win64/nucleistudio/toolchain/gcc/bin/../lib/gcc/riscv-nuclei-elf/10.2.0/../../../../riscv-nuclei-elf/lib/rv32imafc/ilp32f\libg_nano.a(lib_a-fprintf.o)
                0x0000000080007692                fiprintf
                0x0000000080007692                fprintf
 .text._fstat_r
                0x00000000800076bc       0x2a e:/nucleistudio_ide_202212-win64/nucleistudio/toolchain/gcc/bin/../lib/gcc/riscv-nuclei-elf/10.2.0/../../../../riscv-nuclei-elf/lib/rv32imafc/ilp32f\libg_nano.a(lib_a-fstatr.o)
                0x00000000800076bc                _fstat_r
 .text._isatty_r
                0x00000000800076e6       0x28 e:/nucleistudio_ide_202212-win64/nucleistudio/toolchain/gcc/bin/../lib/gcc/riscv-nuclei-elf/10.2.0/../../../../riscv-nuclei-elf/lib/rv32imafc/ilp32f\libg_nano.a(lib_a-isattyr.o)
                0x00000000800076e6                _isatty_r
 .text._lseek_r
                0x000000008000770e       0x2c e:/nucleistudio_ide_202212-win64/nucleistudio/toolchain/gcc/bin/../lib/gcc/riscv-nuclei-elf/10.2.0/../../../../riscv-nuclei-elf/lib/rv32imafc/ilp32f\libg_nano.a(lib_a-lseekr.o)
                0x000000008000770e                _lseek_r
 .text.__ascii_mbtowc
                0x000000008000773a       0x3a e:/nucleistudio_ide_202212-win64/nucleistudio/toolchain/gcc/bin/../lib/gcc/riscv-nuclei-elf/10.2.0/../../../../riscv-nuclei-elf/lib/rv32imafc/ilp32f\libg_nano.a(lib_a-mbtowc_r.o)
                0x000000008000773a                __ascii_mbtowc
 .text.__malloc_lock
                0x0000000080007774        0x2 e:/nucleistudio_ide_202212-win64/nucleistudio/toolchain/gcc/bin/../lib/gcc/riscv-nuclei-elf/10.2.0/../../../../riscv-nuclei-elf/lib/rv32imafc/ilp32f\libg_nano.a(lib_a-mlock.o)
                0x0000000080007774                __malloc_lock
 .text.__malloc_unlock
                0x0000000080007776        0x2 e:/nucleistudio_ide_202212-win64/nucleistudio/toolchain/gcc/bin/../lib/gcc/riscv-nuclei-elf/10.2.0/../../../../riscv-nuclei-elf/lib/rv32imafc/ilp32f\libg_nano.a(lib_a-mlock.o)
                0x0000000080007776                __malloc_unlock
 .text._read_r  0x0000000080007778       0x2c e:/nucleistudio_ide_202212-win64/nucleistudio/toolchain/gcc/bin/../lib/gcc/riscv-nuclei-elf/10.2.0/../../../../riscv-nuclei-elf/lib/rv32imafc/ilp32f\libg_nano.a(lib_a-readr.o)
                0x0000000080007778                _read_r
 .text.__ascii_wctomb
                0x00000000800077a4       0x20 e:/nucleistudio_ide_202212-win64/nucleistudio/toolchain/gcc/bin/../lib/gcc/riscv-nuclei-elf/10.2.0/../../../../riscv-nuclei-elf/lib/rv32imafc/ilp32f\libg_nano.a(lib_a-wctomb_r.o)
                0x00000000800077a4                __ascii_wctomb
 .text.abort    0x00000000800077c4        0xe e:/nucleistudio_ide_202212-win64/nucleistudio/toolchain/gcc/bin/../lib/gcc/riscv-nuclei-elf/10.2.0/../../../../riscv-nuclei-elf/lib/rv32imafc/ilp32f\libg_nano.a(lib_a-abort.o)
                0x00000000800077c4                abort
 .text._raise_r
                0x00000000800077d2       0x62 e:/nucleistudio_ide_202212-win64/nucleistudio/toolchain/gcc/bin/../lib/gcc/riscv-nuclei-elf/10.2.0/../../../../riscv-nuclei-elf/lib/rv32imafc/ilp32f\libg_nano.a(lib_a-signal.o)
                0x00000000800077d2                _raise_r
 .text.raise    0x0000000080007834        0xe e:/nucleistudio_ide_202212-win64/nucleistudio/toolchain/gcc/bin/../lib/gcc/riscv-nuclei-elf/10.2.0/../../../../riscv-nuclei-elf/lib/rv32imafc/ilp32f\libg_nano.a(lib_a-signal.o)
                0x0000000080007834                raise
 .text._kill_r  0x0000000080007842       0x2a e:/nucleistudio_ide_202212-win64/nucleistudio/toolchain/gcc/bin/../lib/gcc/riscv-nuclei-elf/10.2.0/../../../../riscv-nuclei-elf/lib/rv32imafc/ilp32f\libg_nano.a(lib_a-signalr.o)
                0x0000000080007842                _kill_r
 .text._getpid_r
                0x000000008000786c        0x4 e:/nucleistudio_ide_202212-win64/nucleistudio/toolchain/gcc/bin/../lib/gcc/riscv-nuclei-elf/10.2.0/../../../../riscv-nuclei-elf/lib/rv32imafc/ilp32f\libg_nano.a(lib_a-signalr.o)
                0x000000008000786c                _getpid_r
 .text.__divdf3
                0x0000000080007870      0x68a e:/nucleistudio_ide_202212-win64/nucleistudio/toolchain/gcc/bin/../lib/gcc/riscv-nuclei-elf/10.2.0/rv32imafc/ilp32f\libgcc.a(divdf3.o)
                0x0000000080007870                __divdf3
 .text.__eqdf2  0x0000000080007efa       0xa4 e:/nucleistudio_ide_202212-win64/nucleistudio/toolchain/gcc/bin/../lib/gcc/riscv-nuclei-elf/10.2.0/rv32imafc/ilp32f\libgcc.a(eqdf2.o)
                0x0000000080007efa                __nedf2
                0x0000000080007efa                __eqdf2
 .text.__gedf2  0x0000000080007f9e       0xae e:/nucleistudio_ide_202212-win64/nucleistudio/toolchain/gcc/bin/../lib/gcc/riscv-nuclei-elf/10.2.0/rv32imafc/ilp32f\libgcc.a(gedf2.o)
                0x0000000080007f9e                __gedf2
                0x0000000080007f9e                __gtdf2
 .text.__ledf2  0x000000008000804c       0xae e:/nucleistudio_ide_202212-win64/nucleistudio/toolchain/gcc/bin/../lib/gcc/riscv-nuclei-elf/10.2.0/rv32imafc/ilp32f\libgcc.a(ledf2.o)
                0x000000008000804c                __ledf2
                0x000000008000804c                __ltdf2
 .text.__subdf3
                0x00000000800080fa      0x8b8 e:/nucleistudio_ide_202212-win64/nucleistudio/toolchain/gcc/bin/../lib/gcc/riscv-nuclei-elf/10.2.0/rv32imafc/ilp32f\libgcc.a(subdf3.o)
                0x00000000800080fa                __subdf3
 .text.__unorddf2
                0x00000000800089b2       0x7a e:/nucleistudio_ide_202212-win64/nucleistudio/toolchain/gcc/bin/../lib/gcc/riscv-nuclei-elf/10.2.0/rv32imafc/ilp32f\libgcc.a(unorddf2.o)
                0x00000000800089b2                __unorddf2
 .text.__fixdfsi
                0x0000000080008a2c       0xc4 e:/nucleistudio_ide_202212-win64/nucleistudio/toolchain/gcc/bin/../lib/gcc/riscv-nuclei-elf/10.2.0/rv32imafc/ilp32f\libgcc.a(fixdfsi.o)
                0x0000000080008a2c                __fixdfsi
 .text.__floatsidf
                0x0000000080008af0       0x68 e:/nucleistudio_ide_202212-win64/nucleistudio/toolchain/gcc/bin/../lib/gcc/riscv-nuclei-elf/10.2.0/rv32imafc/ilp32f\libgcc.a(floatsidf.o)
                0x0000000080008af0                __floatsidf
 .text.__trunctfdf2
                0x0000000080008b58      0x384 e:/nucleistudio_ide_202212-win64/nucleistudio/toolchain/gcc/bin/../lib/gcc/riscv-nuclei-elf/10.2.0/rv32imafc/ilp32f\libgcc.a(trunctfdf2.o)
                0x0000000080008b58                __trunctfdf2
 *(.gnu.linkonce.t.*)

.rodata         0x0000000080008ee0      0xcd8
                0x0000000080008ee0                . = ALIGN (0x4)
 *(.rdata)
 *(.rodata .rodata.*)
 .rodata.system_default_exception_handler.str1.4
                0x0000000080008ee0       0x44 ./hbird_sdk/SoC/hbirdv2/Common/Source/system_hbirdv2.o
 .rodata.system_default_interrupt_handler.str1.4
                0x0000000080008f24       0x13 ./hbird_sdk/SoC/hbirdv2/Common/Source/system_hbirdv2.o
 *fill*         0x0000000080008f37        0x1 
 .rodata.SystemBannerPrint.str1.4
                0x0000000080008f38       0x6f ./hbird_sdk/SoC/hbirdv2/Common/Source/system_hbirdv2.o
 *fill*         0x0000000080008fa7        0x1 
 .rodata.whetstones.constprop.0.str1.4
                0x0000000080008fa8       0x3f ./application/whets.o
 *fill*         0x0000000080008fe7        0x1 
 .rodata.main.str1.4
                0x0000000080008fe8      0x18b ./application/whets.o
 *fill*         0x0000000080009173        0x1 
 .rodata        0x0000000080009174       0x9f ./application/whets.o
 *fill*         0x0000000080009213        0x1 
 .rodata.atanhi
                0x0000000080009214       0x10 e:/nucleistudio_ide_202212-win64/nucleistudio/toolchain/gcc/bin/../lib/gcc/riscv-nuclei-elf/10.2.0/../../../../riscv-nuclei-elf/lib/rv32imafc/ilp32f\libm_nano.a(lib_a-sf_atan.o)
 .rodata.atanlo
                0x0000000080009224       0x10 e:/nucleistudio_ide_202212-win64/nucleistudio/toolchain/gcc/bin/../lib/gcc/riscv-nuclei-elf/10.2.0/../../../../riscv-nuclei-elf/lib/rv32imafc/ilp32f\libm_nano.a(lib_a-sf_atan.o)
 .rodata.logf.str1.4
                0x0000000080009234      0x18b e:/nucleistudio_ide_202212-win64/nucleistudio/toolchain/gcc/bin/../lib/gcc/riscv-nuclei-elf/10.2.0/../../../../riscv-nuclei-elf/lib/rv32imafc/ilp32f\libm_nano.a(lib_a-wf_log.o)
                                          0x1 (size before relaxing)
 .rodata.npio2_hw
                0x0000000080009234       0x80 e:/nucleistudio_ide_202212-win64/nucleistudio/toolchain/gcc/bin/../lib/gcc/riscv-nuclei-elf/10.2.0/../../../../riscv-nuclei-elf/lib/rv32imafc/ilp32f\libm_nano.a(lib_a-ef_rem_pio2.o)
 .rodata.two_over_pi
                0x00000000800092b4      0x318 e:/nucleistudio_ide_202212-win64/nucleistudio/toolchain/gcc/bin/../lib/gcc/riscv-nuclei-elf/10.2.0/../../../../riscv-nuclei-elf/lib/rv32imafc/ilp32f\libm_nano.a(lib_a-ef_rem_pio2.o)
 .rodata.PIo2   0x00000000800095cc       0x2c e:/nucleistudio_ide_202212-win64/nucleistudio/toolchain/gcc/bin/../lib/gcc/riscv-nuclei-elf/10.2.0/../../../../riscv-nuclei-elf/lib/rv32imafc/ilp32f\libm_nano.a(lib_a-kf_rem_pio2.o)
 .rodata.init_jk
                0x00000000800095f8        0xc e:/nucleistudio_ide_202212-win64/nucleistudio/toolchain/gcc/bin/../lib/gcc/riscv-nuclei-elf/10.2.0/../../../../riscv-nuclei-elf/lib/rv32imafc/ilp32f\libm_nano.a(lib_a-kf_rem_pio2.o)
 .rodata.__muldf3
                0x0000000080009604       0x3c e:/nucleistudio_ide_202212-win64/nucleistudio/toolchain/gcc/bin/../lib/gcc/riscv-nuclei-elf/10.2.0/rv32imafc/ilp32f\libgcc.a(muldf3.o)
 .rodata.__clz_tab
                0x0000000080009640      0x100 e:/nucleistudio_ide_202212-win64/nucleistudio/toolchain/gcc/bin/../lib/gcc/riscv-nuclei-elf/10.2.0/rv32imafc/ilp32f\libgcc.a(_clz.o)
                0x0000000080009640                __clz_tab
 .rodata._printf_float.str1.4
                0x0000000080009740       0x12 e:/nucleistudio_ide_202212-win64/nucleistudio/toolchain/gcc/bin/../lib/gcc/riscv-nuclei-elf/10.2.0/../../../../riscv-nuclei-elf/lib/rv32imafc/ilp32f\libg_nano.a(lib_a-nano-vfprintf_float.o)
 *fill*         0x0000000080009752        0x2 
 .rodata._printf_i.str1.4
                0x0000000080009754       0x25 e:/nucleistudio_ide_202212-win64/nucleistudio/toolchain/gcc/bin/../lib/gcc/riscv-nuclei-elf/10.2.0/../../../../riscv-nuclei-elf/lib/rv32imafc/ilp32f\libg_nano.a(lib_a-nano-vfprintf_i.o)
 *fill*         0x0000000080009779        0x3 
 .rodata._printf_i
                0x000000008000977c       0x58 e:/nucleistudio_ide_202212-win64/nucleistudio/toolchain/gcc/bin/../lib/gcc/riscv-nuclei-elf/10.2.0/../../../../riscv-nuclei-elf/lib/rv32imafc/ilp32f\libg_nano.a(lib_a-nano-vfprintf_i.o)
 .rodata._dtoa_r.str1.4
                0x00000000800097d4       0x8d e:/nucleistudio_ide_202212-win64/nucleistudio/toolchain/gcc/bin/../lib/gcc/riscv-nuclei-elf/10.2.0/../../../../riscv-nuclei-elf/lib/rv32imafc/ilp32f\libg_nano.a(lib_a-dtoa.o)
                                         0x91 (size before relaxing)
 *fill*         0x0000000080009861        0x3 
 .rodata.__sf_fake_stderr
                0x0000000080009864       0x20 e:/nucleistudio_ide_202212-win64/nucleistudio/toolchain/gcc/bin/../lib/gcc/riscv-nuclei-elf/10.2.0/../../../../riscv-nuclei-elf/lib/rv32imafc/ilp32f\libg_nano.a(lib_a-findfp.o)
                0x0000000080009864                __sf_fake_stderr
 .rodata.__sf_fake_stdin
                0x0000000080009884       0x20 e:/nucleistudio_ide_202212-win64/nucleistudio/toolchain/gcc/bin/../lib/gcc/riscv-nuclei-elf/10.2.0/../../../../riscv-nuclei-elf/lib/rv32imafc/ilp32f\libg_nano.a(lib_a-findfp.o)
                0x0000000080009884                __sf_fake_stdin
 .rodata.__sf_fake_stdout
                0x00000000800098a4       0x20 e:/nucleistudio_ide_202212-win64/nucleistudio/toolchain/gcc/bin/../lib/gcc/riscv-nuclei-elf/10.2.0/../../../../riscv-nuclei-elf/lib/rv32imafc/ilp32f\libg_nano.a(lib_a-findfp.o)
                0x00000000800098a4                __sf_fake_stdout
 .rodata._Balloc.str1.4
                0x00000000800098c4       0x53 e:/nucleistudio_ide_202212-win64/nucleistudio/toolchain/gcc/bin/../lib/gcc/riscv-nuclei-elf/10.2.0/../../../../riscv-nuclei-elf/lib/rv32imafc/ilp32f\libg_nano.a(lib_a-mprec.o)
                                         0x6b (size before relaxing)
 .rodata.__multadd.str1.4
                0x0000000080009917       0x11 e:/nucleistudio_ide_202212-win64/nucleistudio/toolchain/gcc/bin/../lib/gcc/riscv-nuclei-elf/10.2.0/../../../../riscv-nuclei-elf/lib/rv32imafc/ilp32f\libg_nano.a(lib_a-mprec.o)
 *fill*         0x0000000080009917        0x1 
 .rodata.__mprec_bigtens
                0x0000000080009918       0x28 e:/nucleistudio_ide_202212-win64/nucleistudio/toolchain/gcc/bin/../lib/gcc/riscv-nuclei-elf/10.2.0/../../../../riscv-nuclei-elf/lib/rv32imafc/ilp32f\libg_nano.a(lib_a-mprec.o)
                0x0000000080009918                __mprec_bigtens
 .rodata.__mprec_tens
                0x0000000080009940       0xc8 e:/nucleistudio_ide_202212-win64/nucleistudio/toolchain/gcc/bin/../lib/gcc/riscv-nuclei-elf/10.2.0/../../../../riscv-nuclei-elf/lib/rv32imafc/ilp32f\libg_nano.a(lib_a-mprec.o)
                0x0000000080009940                __mprec_tens
 .rodata.p05.0  0x0000000080009a08        0xc e:/nucleistudio_ide_202212-win64/nucleistudio/toolchain/gcc/bin/../lib/gcc/riscv-nuclei-elf/10.2.0/../../../../riscv-nuclei-elf/lib/rv32imafc/ilp32f\libg_nano.a(lib_a-mprec.o)
 .rodata._vfprintf_r.str1.4
                0x0000000080009a14       0x13 e:/nucleistudio_ide_202212-win64/nucleistudio/toolchain/gcc/bin/../lib/gcc/riscv-nuclei-elf/10.2.0/../../../../riscv-nuclei-elf/lib/rv32imafc/ilp32f\libg_nano.a(lib_a-nano-vfprintf.o)
 *fill*         0x0000000080009a27        0x1 
 .rodata.__assert_func.str1.4
                0x0000000080009a28       0x3f e:/nucleistudio_ide_202212-win64/nucleistudio/toolchain/gcc/bin/../lib/gcc/riscv-nuclei-elf/10.2.0/../../../../riscv-nuclei-elf/lib/rv32imafc/ilp32f\libg_nano.a(lib_a-assert.o)
                                         0x43 (size before relaxing)
 *fill*         0x0000000080009a67        0x1 
 .rodata._setlocale_r.str1.4
                0x0000000080009a68        0xa e:/nucleistudio_ide_202212-win64/nucleistudio/toolchain/gcc/bin/../lib/gcc/riscv-nuclei-elf/10.2.0/../../../../riscv-nuclei-elf/lib/rv32imafc/ilp32f\libg_nano.a(lib_a-locale.o)
                                          0xd (size before relaxing)
 *fill*         0x0000000080009a72        0x2 
 .rodata.str1.4
                0x0000000080009a74        0x2 e:/nucleistudio_ide_202212-win64/nucleistudio/toolchain/gcc/bin/../lib/gcc/riscv-nuclei-elf/10.2.0/../../../../riscv-nuclei-elf/lib/rv32imafc/ilp32f\libg_nano.a(lib_a-locale.o)
 *fill*         0x0000000080009a76        0x2 
 .rodata._ctype_
                0x0000000080009a78      0x101 e:/nucleistudio_ide_202212-win64/nucleistudio/toolchain/gcc/bin/../lib/gcc/riscv-nuclei-elf/10.2.0/../../../../riscv-nuclei-elf/lib/rv32imafc/ilp32f\libg_nano.a(lib_a-ctype_.o)
                0x0000000080009a78                _ctype_
 *fill*         0x0000000080009b79        0x3 
 .rodata.__divdf3
                0x0000000080009b7c       0x3c e:/nucleistudio_ide_202212-win64/nucleistudio/toolchain/gcc/bin/../lib/gcc/riscv-nuclei-elf/10.2.0/rv32imafc/ilp32f\libgcc.a(divdf3.o)
                0x0000000080009bb8                . = ALIGN (0x4)
                0x0000000080009bb8                __rt_init_start = .
 *(SORT_BY_NAME(.rti_fn*))
                0x0000000080009bb8                __rt_init_end = .
                0x0000000080009bb8                . = ALIGN (0x4)
                0x0000000080009bb8                __fsymtab_start = .
 *(FSymTab)
                0x0000000080009bb8                __fsymtab_end = .
                0x0000000080009bb8                . = ALIGN (0x4)
                0x0000000080009bb8                __vsymtab_start = .
 *(VSymTab)
                0x0000000080009bb8                __vsymtab_end = .
 *(.gnu.linkonce.r.*)

.rela.dyn       0x0000000080009bb8        0x0
 .rela.text._sbrk
                0x0000000080009bb8        0x0 ./hbird_sdk/SoC/hbirdv2/Common/Source/Stubs/close.o
 .rela.sdata.curbrk.0
                0x0000000080009bb8        0x0 ./hbird_sdk/SoC/hbirdv2/Common/Source/Stubs/close.o
 .rela.init     0x0000000080009bb8        0x0 ./hbird_sdk/SoC/hbirdv2/Common/Source/Stubs/close.o
 .rela.text.__libc_fini_array
                0x0000000080009bb8        0x0 ./hbird_sdk/SoC/hbirdv2/Common/Source/Stubs/close.o
 .rela.text.__libc_init_array
                0x0000000080009bb8        0x0 ./hbird_sdk/SoC/hbirdv2/Common/Source/Stubs/close.o
 .rela.text.__register_exitproc
                0x0000000080009bb8        0x0 ./hbird_sdk/SoC/hbirdv2/Common/Source/Stubs/close.o
 .rela.text._vfprintf_r
                0x0000000080009bb8        0x0 ./hbird_sdk/SoC/hbirdv2/Common/Source/Stubs/close.o

.fini
 *(SORT_NONE(.fini))
                0x0000000080009bb8                . = ALIGN (0x4)
                [!provide]                        PROVIDE (__etext = .)
                [!provide]                        PROVIDE (_etext = .)
                [!provide]                        PROVIDE (etext = .)
                0x0000000080009bb8                PROVIDE (_eilm = .)

.preinit_array  0x0000000080009bb8        0x0
                0x0000000080009bb8                PROVIDE (__preinit_array_start = .)
 *(.preinit_array)
                0x0000000080009bb8                PROVIDE (__preinit_array_end = .)

.init_array     0x0000000080009bb8        0x0
                0x0000000080009bb8                PROVIDE (__init_array_start = .)
 *(SORT_BY_INIT_PRIORITY(.init_array.*) SORT_BY_INIT_PRIORITY(.ctors.*))
 *(.init_array EXCLUDE_FILE(*crtend?.o *crtend.o *crtbegin?.o *crtbegin.o) .ctors)
                0x0000000080009bb8                PROVIDE (__init_array_end = .)

.fini_array     0x0000000080009bb8        0x0
                0x0000000080009bb8                PROVIDE (__fini_array_start = .)
 *(SORT_BY_INIT_PRIORITY(.fini_array.*) SORT_BY_INIT_PRIORITY(.dtors.*))
 *(.fini_array EXCLUDE_FILE(*crtend?.o *crtend.o *crtbegin?.o *crtbegin.o) .dtors)
                0x0000000080009bb8                PROVIDE (__fini_array_end = .)

.ctors
 *crtbegin.o(.ctors)
 *crtbegin?.o(.ctors)
 *(EXCLUDE_FILE(*crtend?.o *crtend.o) .ctors)
 *(SORT_BY_NAME(.ctors.*))
 *(.ctors)

.dtors
 *crtbegin.o(.dtors)
 *crtbegin?.o(.dtors)
 *(EXCLUDE_FILE(*crtend?.o *crtend.o) .dtors)
 *(SORT_BY_NAME(.dtors.*))
 *(.dtors)

.lalign         0x0000000080009bb8        0x0
                0x0000000080009bb8                . = ALIGN (0x4)
                0x0000000080009bb8                PROVIDE (_data_lma = .)

.dalign         0x0000000090000000        0x0 load address 0x0000000080009bb8
                0x0000000090000000                . = ALIGN (0x4)
                0x0000000090000000                PROVIDE (_data = .)

.data           0x0000000090000000      0x3c4 load address 0x0000000080009bb8
 *(.data .data.*)
 .data.impure_data
                0x0000000090000000       0x60 e:/nucleistudio_ide_202212-win64/nucleistudio/toolchain/gcc/bin/../lib/gcc/riscv-nuclei-elf/10.2.0/../../../../riscv-nuclei-elf/lib/rv32imafc/ilp32f\libg_nano.a(lib_a-impure.o)
 .data.__global_locale
                0x0000000090000060      0x16c e:/nucleistudio_ide_202212-win64/nucleistudio/toolchain/gcc/bin/../lib/gcc/riscv-nuclei-elf/10.2.0/../../../../riscv-nuclei-elf/lib/rv32imafc/ilp32f\libg_nano.a(lib_a-locale.o)
                0x0000000090000060                __global_locale
 *(.gnu.linkonce.d.*)
                0x00000000900001d0                . = ALIGN (0x8)
 *fill*         0x00000000900001cc        0x4 
                0x00000000900009d0                PROVIDE (__global_pointer$ = (. + 0x800))
 *(.sdata .sdata.* .sdata*)
 .sdata.curbrk.0
                0x00000000900001d0        0x4 ./hbird_sdk/SoC/hbirdv2/Common/Source/Stubs/sbrk.o
 .sdata.SystemCoreClock
                0x00000000900001d4        0x4 ./hbird_sdk/SoC/hbirdv2/Common/Source/system_hbirdv2.o
                0x00000000900001d4                SystemCoreClock
 .sdata._impure_ptr
                0x00000000900001d8        0x4 e:/nucleistudio_ide_202212-win64/nucleistudio/toolchain/gcc/bin/../lib/gcc/riscv-nuclei-elf/10.2.0/../../../../riscv-nuclei-elf/lib/rv32imafc/ilp32f\libg_nano.a(lib_a-impure.o)
                0x00000000900001d8                _impure_ptr
 *(.gnu.linkonce.s.*)
                0x00000000900001e0                . = ALIGN (0x8)
 *fill*         0x00000000900001dc        0x4 
 *(.srodata.cst16)
 *(.srodata.cst8)
 .srodata.cst8  0x00000000900001e0        0x8 e:/nucleistudio_ide_202212-win64/nucleistudio/toolchain/gcc/bin/../lib/gcc/riscv-nuclei-elf/10.2.0/rv32imafc/ilp32f\libgcc.a(_floatundisf.o)
 .srodata.cst8  0x00000000900001e8        0x8 e:/nucleistudio_ide_202212-win64/nucleistudio/toolchain/gcc/bin/../lib/gcc/riscv-nuclei-elf/10.2.0/../../../../riscv-nuclei-elf/lib/rv32imafc/ilp32f\libg_nano.a(lib_a-nano-vfprintf_float.o)
 .srodata.cst8  0x00000000900001f0       0x48 e:/nucleistudio_ide_202212-win64/nucleistudio/toolchain/gcc/bin/../lib/gcc/riscv-nuclei-elf/10.2.0/../../../../riscv-nuclei-elf/lib/rv32imafc/ilp32f\libg_nano.a(lib_a-dtoa.o)
 *(.srodata.cst4)
 .srodata.cst4  0x0000000090000238        0x4 ./application/cpuidc.o
 .srodata.cst4  0x000000009000023c       0x64 ./application/whets.o
 .srodata.cst4  0x00000000900002a0       0x3c e:/nucleistudio_ide_202212-win64/nucleistudio/toolchain/gcc/bin/../lib/gcc/riscv-nuclei-elf/10.2.0/../../../../riscv-nuclei-elf/lib/rv32imafc/ilp32f\libm_nano.a(lib_a-sf_atan.o)
                                         0x48 (size before relaxing)
 .srodata.cst4  0x00000000900002dc        0xc e:/nucleistudio_ide_202212-win64/nucleistudio/toolchain/gcc/bin/../lib/gcc/riscv-nuclei-elf/10.2.0/../../../../riscv-nuclei-elf/lib/rv32imafc/ilp32f\libm_nano.a(lib_a-wf_exp.o)
 .srodata.cst4  0x00000000900002e8        0x4 e:/nucleistudio_ide_202212-win64/nucleistudio/toolchain/gcc/bin/../lib/gcc/riscv-nuclei-elf/10.2.0/../../../../riscv-nuclei-elf/lib/rv32imafc/ilp32f\libm_nano.a(lib_a-wf_log.o)
 .srodata.cst4  0x00000000900002ec       0x24 e:/nucleistudio_ide_202212-win64/nucleistudio/toolchain/gcc/bin/../lib/gcc/riscv-nuclei-elf/10.2.0/../../../../riscv-nuclei-elf/lib/rv32imafc/ilp32f\libm_nano.a(lib_a-ef_exp.o)
                                         0x30 (size before relaxing)
 .srodata.cst4  0x0000000090000310       0x24 e:/nucleistudio_ide_202212-win64/nucleistudio/toolchain/gcc/bin/../lib/gcc/riscv-nuclei-elf/10.2.0/../../../../riscv-nuclei-elf/lib/rv32imafc/ilp32f\libm_nano.a(lib_a-ef_log.o)
                                         0x3c (size before relaxing)
 .srodata.cst4  0x0000000090000334       0x20 e:/nucleistudio_ide_202212-win64/nucleistudio/toolchain/gcc/bin/../lib/gcc/riscv-nuclei-elf/10.2.0/../../../../riscv-nuclei-elf/lib/rv32imafc/ilp32f\libm_nano.a(lib_a-ef_rem_pio2.o)
                                         0x24 (size before relaxing)
 .srodata.cst4  0x0000000090000354       0x1c e:/nucleistudio_ide_202212-win64/nucleistudio/toolchain/gcc/bin/../lib/gcc/riscv-nuclei-elf/10.2.0/../../../../riscv-nuclei-elf/lib/rv32imafc/ilp32f\libm_nano.a(lib_a-kf_cos.o)
                                         0x24 (size before relaxing)
 .srodata.cst4  0x0000000090000370        0xc e:/nucleistudio_ide_202212-win64/nucleistudio/toolchain/gcc/bin/../lib/gcc/riscv-nuclei-elf/10.2.0/../../../../riscv-nuclei-elf/lib/rv32imafc/ilp32f\libm_nano.a(lib_a-kf_rem_pio2.o)
                                         0x18 (size before relaxing)
 .srodata.cst4  0x000000009000037c       0x18 e:/nucleistudio_ide_202212-win64/nucleistudio/toolchain/gcc/bin/../lib/gcc/riscv-nuclei-elf/10.2.0/../../../../riscv-nuclei-elf/lib/rv32imafc/ilp32f\libm_nano.a(lib_a-kf_sin.o)
                                         0x20 (size before relaxing)
 .srodata.cst4  0x0000000090000394        0x8 e:/nucleistudio_ide_202212-win64/nucleistudio/toolchain/gcc/bin/../lib/gcc/riscv-nuclei-elf/10.2.0/../../../../riscv-nuclei-elf/lib/rv32imafc/ilp32f\libm_nano.a(lib_a-math_errf.o)
                                         0x10 (size before relaxing)
 .srodata.cst4  0x000000009000039c        0x4 e:/nucleistudio_ide_202212-win64/nucleistudio/toolchain/gcc/bin/../lib/gcc/riscv-nuclei-elf/10.2.0/../../../../riscv-nuclei-elf/lib/rv32imafc/ilp32f\libm_nano.a(lib_a-sf_floor.o)
 .srodata.cst4  0x000000009000039c        0x4 e:/nucleistudio_ide_202212-win64/nucleistudio/toolchain/gcc/bin/../lib/gcc/riscv-nuclei-elf/10.2.0/../../../../riscv-nuclei-elf/lib/rv32imafc/ilp32f\libm_nano.a(lib_a-sf_nan.o)
 .srodata.cst4  0x00000000900003a0        0x8 e:/nucleistudio_ide_202212-win64/nucleistudio/toolchain/gcc/bin/../lib/gcc/riscv-nuclei-elf/10.2.0/../../../../riscv-nuclei-elf/lib/rv32imafc/ilp32f\libm_nano.a(lib_a-sf_scalbn.o)
                                         0x10 (size before relaxing)
 *(.srodata.cst2)
 *(.srodata .srodata.*)
 .srodata.halF  0x00000000900003a8        0x8 e:/nucleistudio_ide_202212-win64/nucleistudio/toolchain/gcc/bin/../lib/gcc/riscv-nuclei-elf/10.2.0/../../../../riscv-nuclei-elf/lib/rv32imafc/ilp32f\libm_nano.a(lib_a-ef_exp.o)
 .srodata.ln2HI
                0x00000000900003b0        0x8 e:/nucleistudio_ide_202212-win64/nucleistudio/toolchain/gcc/bin/../lib/gcc/riscv-nuclei-elf/10.2.0/../../../../riscv-nuclei-elf/lib/rv32imafc/ilp32f\libm_nano.a(lib_a-ef_exp.o)
 .srodata.ln2LO
                0x00000000900003b8        0x8 e:/nucleistudio_ide_202212-win64/nucleistudio/toolchain/gcc/bin/../lib/gcc/riscv-nuclei-elf/10.2.0/../../../../riscv-nuclei-elf/lib/rv32imafc/ilp32f\libm_nano.a(lib_a-ef_exp.o)
 .srodata._global_impure_ptr
                0x00000000900003c0        0x4 e:/nucleistudio_ide_202212-win64/nucleistudio/toolchain/gcc/bin/../lib/gcc/riscv-nuclei-elf/10.2.0/../../../../riscv-nuclei-elf/lib/rv32imafc/ilp32f\libg_nano.a(lib_a-impure.o)
                0x00000000900003c0                _global_impure_ptr
                0x00000000900003c4                . = ALIGN (0x4)
                0x00000000900003c4                PROVIDE (_edata = .)
                [!provide]                        PROVIDE (edata = .)
                [!provide]                        PROVIDE (_fbss = .)
                0x00000000900003c4                PROVIDE (__bss_start = .)

.bss            0x00000000900003c4      0x238
 *(.sbss*)
 .sbss.secs     0x00000000900003c4        0x4 ./application/cpuidc.o
                0x00000000900003c4                secs
 .sbss.startSecs
                0x00000000900003c8        0x4 ./application/cpuidc.o
                0x00000000900003c8                startSecs
 .sbss.theseSecs
                0x00000000900003cc        0x4 ./application/cpuidc.o
                0x00000000900003cc                theseSecs
 .sbss.Check    0x00000000900003d0        0x4 ./application/whets.o
 .sbss.TimeUsed
                0x00000000900003d4        0x4 ./application/whets.o
 .sbss.mwips    0x00000000900003d8        0x4 ./application/whets.o
 .sbss.errno    0x00000000900003dc        0x4 e:/nucleistudio_ide_202212-win64/nucleistudio/toolchain/gcc/bin/../lib/gcc/riscv-nuclei-elf/10.2.0/../../../../riscv-nuclei-elf/lib/rv32imafc/ilp32f\libg_nano.a(lib_a-reent.o)
                0x00000000900003dc                errno
 .sbss._global_atexit
                0x00000000900003e0        0x4 e:/nucleistudio_ide_202212-win64/nucleistudio/toolchain/gcc/bin/../lib/gcc/riscv-nuclei-elf/10.2.0/../../../../riscv-nuclei-elf/lib/rv32imafc/ilp32f\libg_nano.a(lib_a-__call_atexit.o)
                0x00000000900003e0                _global_atexit
 .sbss.__malloc_free_list
                0x00000000900003e4        0x4 e:/nucleistudio_ide_202212-win64/nucleistudio/toolchain/gcc/bin/../lib/gcc/riscv-nuclei-elf/10.2.0/../../../../riscv-nuclei-elf/lib/rv32imafc/ilp32f\libg_nano.a(lib_a-nano-mallocr.o)
                0x00000000900003e4                __malloc_free_list
 .sbss.__malloc_sbrk_start
                0x00000000900003e8        0x4 e:/nucleistudio_ide_202212-win64/nucleistudio/toolchain/gcc/bin/../lib/gcc/riscv-nuclei-elf/10.2.0/../../../../riscv-nuclei-elf/lib/rv32imafc/ilp32f\libg_nano.a(lib_a-nano-mallocr.o)
                0x00000000900003e8                __malloc_sbrk_start
 *(.gnu.linkonce.sb.*)
 *(.bss .bss.*)
 .bss.SystemCoreInterruptHandlers
                0x00000000900003ec       0x28 ./hbird_sdk/SoC/hbirdv2/Common/Source/system_hbirdv2.o
 .bss.SystemExceptionHandlers
                0x0000000090000414       0x2c ./hbird_sdk/SoC/hbirdv2/Common/Source/system_hbirdv2.o
 .bss.SystemExtInterruptHandlers
                0x0000000090000440       0x44 ./hbird_sdk/SoC/hbirdv2/Common/Source/system_hbirdv2.o
 .bss.headings  0x0000000090000484       0xa2 ./application/whets.o
 *fill*         0x0000000090000526        0x2 
 .bss.loop_time
                0x0000000090000528       0x24 ./application/whets.o
 .bss.results   0x000000009000054c       0x24 ./application/whets.o
 .bss._global_atexit0
                0x0000000090000570       0x8c e:/nucleistudio_ide_202212-win64/nucleistudio/toolchain/gcc/bin/../lib/gcc/riscv-nuclei-elf/10.2.0/../../../../riscv-nuclei-elf/lib/rv32imafc/ilp32f\libg_nano.a(lib_a-__atexit.o)
 *(.gnu.linkonce.b.*)
 *(COMMON)
                0x00000000900005fc                . = ALIGN (0x4)
                0x0000000090000600                . = ALIGN (0x8)
                0x0000000090000600                PROVIDE (_end = .)
                [!provide]                        PROVIDE (end = .)

.stack          0x000000009000f800      0x800 load address 0x00000000900005fc
                0x000000009000f800                PROVIDE (_heap_end = .)
                0x0000000000000800                . = __stack_size
 *fill*         0x000000009000f800      0x800 
                0x0000000090010000                PROVIDE (_sp = .)
OUTPUT(e203Whetstone_test.elf elf32-littleriscv)

.debug_info     0x0000000000000000     0x8c19
 .debug_info    0x0000000000000000       0xac ./hbird_sdk/SoC/hbirdv2/Common/Source/Stubs/close.o
 .debug_info    0x00000000000000ac       0xb1 ./hbird_sdk/SoC/hbirdv2/Common/Source/Stubs/exit.o
 .debug_info    0x000000000000015d      0x2c8 ./hbird_sdk/SoC/hbirdv2/Common/Source/Stubs/fstat.o
 .debug_info    0x0000000000000425       0x90 ./hbird_sdk/SoC/hbirdv2/Common/Source/Stubs/getpid.o
 .debug_info    0x00000000000004b5       0xa0 ./hbird_sdk/SoC/hbirdv2/Common/Source/Stubs/isatty.o
 .debug_info    0x0000000000000555       0xbb ./hbird_sdk/SoC/hbirdv2/Common/Source/Stubs/kill.o
 .debug_info    0x0000000000000610       0xbd ./hbird_sdk/SoC/hbirdv2/Common/Source/Stubs/lseek.o
 .debug_info    0x00000000000006cd      0x240 ./hbird_sdk/SoC/hbirdv2/Common/Source/Stubs/read.o
 .debug_info    0x000000000000090d       0xea ./hbird_sdk/SoC/hbirdv2/Common/Source/Stubs/sbrk.o
 .debug_info    0x00000000000009f7      0x2a5 ./hbird_sdk/SoC/hbirdv2/Common/Source/Stubs/write.o
 .debug_info    0x0000000000000c9c       0x26 ./hbird_sdk/SoC/hbirdv2/Common/Source/GCC/intexc_hbirdv2.o
 .debug_info    0x0000000000000cc2       0x26 ./hbird_sdk/SoC/hbirdv2/Common/Source/GCC/startup_hbirdv2.o
 .debug_info    0x0000000000000ce8      0x388 ./hbird_sdk/SoC/hbirdv2/Common/Source/Drivers/hbirdv2_gpio.o
 .debug_info    0x0000000000001070      0x539 ./hbird_sdk/SoC/hbirdv2/Common/Source/Drivers/hbirdv2_uart.o
 .debug_info    0x00000000000015a9      0x4ae ./hbird_sdk/SoC/hbirdv2/Common/Source/hbirdv2_common.o
 .debug_info    0x0000000000001a57      0xf80 ./hbird_sdk/SoC/hbirdv2/Common/Source/system_hbirdv2.o
 .debug_info    0x00000000000029d7      0x2d0 ./application/cpuidc.o
 .debug_info    0x0000000000002ca7     0x1e26 ./application/whets.o
 .debug_info    0x0000000000004acd      0x166 e:/nucleistudio_ide_202212-win64/nucleistudio/toolchain/gcc/bin/../lib/gcc/riscv-nuclei-elf/10.2.0/rv32imafc/ilp32f\libgcc.a(_floatundisf.o)
 .debug_info    0x0000000000004c33      0x7c0 e:/nucleistudio_ide_202212-win64/nucleistudio/toolchain/gcc/bin/../lib/gcc/riscv-nuclei-elf/10.2.0/rv32imafc/ilp32f\libgcc.a(_udivdi3.o)
 .debug_info    0x00000000000053f3      0x5cc e:/nucleistudio_ide_202212-win64/nucleistudio/toolchain/gcc/bin/../lib/gcc/riscv-nuclei-elf/10.2.0/rv32imafc/ilp32f\libgcc.a(adddf3.o)
 .debug_info    0x00000000000059bf      0x7a1 e:/nucleistudio_ide_202212-win64/nucleistudio/toolchain/gcc/bin/../lib/gcc/riscv-nuclei-elf/10.2.0/rv32imafc/ilp32f\libgcc.a(muldf3.o)
 .debug_info    0x0000000000006160      0x28e e:/nucleistudio_ide_202212-win64/nucleistudio/toolchain/gcc/bin/../lib/gcc/riscv-nuclei-elf/10.2.0/rv32imafc/ilp32f\libgcc.a(floatunsidf.o)
 .debug_info    0x00000000000063ee      0x28e e:/nucleistudio_ide_202212-win64/nucleistudio/toolchain/gcc/bin/../lib/gcc/riscv-nuclei-elf/10.2.0/rv32imafc/ilp32f\libgcc.a(extendsfdf2.o)
 .debug_info    0x000000000000667c      0x2c0 e:/nucleistudio_ide_202212-win64/nucleistudio/toolchain/gcc/bin/../lib/gcc/riscv-nuclei-elf/10.2.0/rv32imafc/ilp32f\libgcc.a(truncdfsf2.o)
 .debug_info    0x000000000000693c       0xe5 e:/nucleistudio_ide_202212-win64/nucleistudio/toolchain/gcc/bin/../lib/gcc/riscv-nuclei-elf/10.2.0/rv32imafc/ilp32f\libgcc.a(_clz.o)
 .debug_info    0x0000000000006a21      0x152 e:/nucleistudio_ide_202212-win64/nucleistudio/toolchain/gcc/bin/../lib/gcc/riscv-nuclei-elf/10.2.0/rv32imafc/ilp32f\libgcc.a(_clzsi2.o)
 .debug_info    0x0000000000006b73      0x761 e:/nucleistudio_ide_202212-win64/nucleistudio/toolchain/gcc/bin/../lib/gcc/riscv-nuclei-elf/10.2.0/rv32imafc/ilp32f\libgcc.a(divdf3.o)
 .debug_info    0x00000000000072d4      0x270 e:/nucleistudio_ide_202212-win64/nucleistudio/toolchain/gcc/bin/../lib/gcc/riscv-nuclei-elf/10.2.0/rv32imafc/ilp32f\libgcc.a(eqdf2.o)
 .debug_info    0x0000000000007544      0x259 e:/nucleistudio_ide_202212-win64/nucleistudio/toolchain/gcc/bin/../lib/gcc/riscv-nuclei-elf/10.2.0/rv32imafc/ilp32f\libgcc.a(gedf2.o)
 .debug_info    0x000000000000779d      0x259 e:/nucleistudio_ide_202212-win64/nucleistudio/toolchain/gcc/bin/../lib/gcc/riscv-nuclei-elf/10.2.0/rv32imafc/ilp32f\libgcc.a(ledf2.o)
 .debug_info    0x00000000000079f6      0x5cc e:/nucleistudio_ide_202212-win64/nucleistudio/toolchain/gcc/bin/../lib/gcc/riscv-nuclei-elf/10.2.0/rv32imafc/ilp32f\libgcc.a(subdf3.o)
 .debug_info    0x0000000000007fc2      0x265 e:/nucleistudio_ide_202212-win64/nucleistudio/toolchain/gcc/bin/../lib/gcc/riscv-nuclei-elf/10.2.0/rv32imafc/ilp32f\libgcc.a(unorddf2.o)
 .debug_info    0x0000000000008227      0x1ea e:/nucleistudio_ide_202212-win64/nucleistudio/toolchain/gcc/bin/../lib/gcc/riscv-nuclei-elf/10.2.0/rv32imafc/ilp32f\libgcc.a(fixdfsi.o)
 .debug_info    0x0000000000008411      0x29b e:/nucleistudio_ide_202212-win64/nucleistudio/toolchain/gcc/bin/../lib/gcc/riscv-nuclei-elf/10.2.0/rv32imafc/ilp32f\libgcc.a(floatsidf.o)
 .debug_info    0x00000000000086ac      0x56d e:/nucleistudio_ide_202212-win64/nucleistudio/toolchain/gcc/bin/../lib/gcc/riscv-nuclei-elf/10.2.0/rv32imafc/ilp32f\libgcc.a(trunctfdf2.o)

.debug_abbrev   0x0000000000000000     0x2967
 .debug_abbrev  0x0000000000000000       0x6a ./hbird_sdk/SoC/hbirdv2/Common/Source/Stubs/close.o
 .debug_abbrev  0x000000000000006a       0x7c ./hbird_sdk/SoC/hbirdv2/Common/Source/Stubs/exit.o
 .debug_abbrev  0x00000000000000e6       0xc9 ./hbird_sdk/SoC/hbirdv2/Common/Source/Stubs/fstat.o
 .debug_abbrev  0x00000000000001af       0x46 ./hbird_sdk/SoC/hbirdv2/Common/Source/Stubs/getpid.o
 .debug_abbrev  0x00000000000001f5       0x57 ./hbird_sdk/SoC/hbirdv2/Common/Source/Stubs/isatty.o
 .debug_abbrev  0x000000000000024c       0x7b ./hbird_sdk/SoC/hbirdv2/Common/Source/Stubs/kill.o
 .debug_abbrev  0x00000000000002c7       0x68 ./hbird_sdk/SoC/hbirdv2/Common/Source/Stubs/lseek.o
 .debug_abbrev  0x000000000000032f      0x110 ./hbird_sdk/SoC/hbirdv2/Common/Source/Stubs/read.o
 .debug_abbrev  0x000000000000043f       0xa8 ./hbird_sdk/SoC/hbirdv2/Common/Source/Stubs/sbrk.o
 .debug_abbrev  0x00000000000004e7      0x13a ./hbird_sdk/SoC/hbirdv2/Common/Source/Stubs/write.o
 .debug_abbrev  0x0000000000000621       0x14 ./hbird_sdk/SoC/hbirdv2/Common/Source/GCC/intexc_hbirdv2.o
 .debug_abbrev  0x0000000000000635       0x14 ./hbird_sdk/SoC/hbirdv2/Common/Source/GCC/startup_hbirdv2.o
 .debug_abbrev  0x0000000000000649       0xf2 ./hbird_sdk/SoC/hbirdv2/Common/Source/Drivers/hbirdv2_gpio.o
 .debug_abbrev  0x000000000000073b      0x15f ./hbird_sdk/SoC/hbirdv2/Common/Source/Drivers/hbirdv2_uart.o
 .debug_abbrev  0x000000000000089a      0x20d ./hbird_sdk/SoC/hbirdv2/Common/Source/hbirdv2_common.o
 .debug_abbrev  0x0000000000000aa7      0x4ab ./hbird_sdk/SoC/hbirdv2/Common/Source/system_hbirdv2.o
 .debug_abbrev  0x0000000000000f52      0x142 ./application/cpuidc.o
 .debug_abbrev  0x0000000000001094      0x24f ./application/whets.o
 .debug_abbrev  0x00000000000012e3       0x91 e:/nucleistudio_ide_202212-win64/nucleistudio/toolchain/gcc/bin/../lib/gcc/riscv-nuclei-elf/10.2.0/rv32imafc/ilp32f\libgcc.a(_floatundisf.o)
 .debug_abbrev  0x0000000000001374      0x19d e:/nucleistudio_ide_202212-win64/nucleistudio/toolchain/gcc/bin/../lib/gcc/riscv-nuclei-elf/10.2.0/rv32imafc/ilp32f\libgcc.a(_udivdi3.o)
 .debug_abbrev  0x0000000000001511      0x166 e:/nucleistudio_ide_202212-win64/nucleistudio/toolchain/gcc/bin/../lib/gcc/riscv-nuclei-elf/10.2.0/rv32imafc/ilp32f\libgcc.a(adddf3.o)
 .debug_abbrev  0x0000000000001677      0x17d e:/nucleistudio_ide_202212-win64/nucleistudio/toolchain/gcc/bin/../lib/gcc/riscv-nuclei-elf/10.2.0/rv32imafc/ilp32f\libgcc.a(muldf3.o)
 .debug_abbrev  0x00000000000017f4      0x164 e:/nucleistudio_ide_202212-win64/nucleistudio/toolchain/gcc/bin/../lib/gcc/riscv-nuclei-elf/10.2.0/rv32imafc/ilp32f\libgcc.a(floatunsidf.o)
 .debug_abbrev  0x0000000000001958      0x149 e:/nucleistudio_ide_202212-win64/nucleistudio/toolchain/gcc/bin/../lib/gcc/riscv-nuclei-elf/10.2.0/rv32imafc/ilp32f\libgcc.a(extendsfdf2.o)
 .debug_abbrev  0x0000000000001aa1      0x13e e:/nucleistudio_ide_202212-win64/nucleistudio/toolchain/gcc/bin/../lib/gcc/riscv-nuclei-elf/10.2.0/rv32imafc/ilp32f\libgcc.a(truncdfsf2.o)
 .debug_abbrev  0x0000000000001bdf       0x70 e:/nucleistudio_ide_202212-win64/nucleistudio/toolchain/gcc/bin/../lib/gcc/riscv-nuclei-elf/10.2.0/rv32imafc/ilp32f\libgcc.a(_clz.o)
 .debug_abbrev  0x0000000000001c4f       0xca e:/nucleistudio_ide_202212-win64/nucleistudio/toolchain/gcc/bin/../lib/gcc/riscv-nuclei-elf/10.2.0/rv32imafc/ilp32f\libgcc.a(_clzsi2.o)
 .debug_abbrev  0x0000000000001d19      0x162 e:/nucleistudio_ide_202212-win64/nucleistudio/toolchain/gcc/bin/../lib/gcc/riscv-nuclei-elf/10.2.0/rv32imafc/ilp32f\libgcc.a(divdf3.o)
 .debug_abbrev  0x0000000000001e7b      0x147 e:/nucleistudio_ide_202212-win64/nucleistudio/toolchain/gcc/bin/../lib/gcc/riscv-nuclei-elf/10.2.0/rv32imafc/ilp32f\libgcc.a(eqdf2.o)
 .debug_abbrev  0x0000000000001fc2      0x158 e:/nucleistudio_ide_202212-win64/nucleistudio/toolchain/gcc/bin/../lib/gcc/riscv-nuclei-elf/10.2.0/rv32imafc/ilp32f\libgcc.a(gedf2.o)
 .debug_abbrev  0x000000000000211a      0x158 e:/nucleistudio_ide_202212-win64/nucleistudio/toolchain/gcc/bin/../lib/gcc/riscv-nuclei-elf/10.2.0/rv32imafc/ilp32f\libgcc.a(ledf2.o)
 .debug_abbrev  0x0000000000002272      0x166 e:/nucleistudio_ide_202212-win64/nucleistudio/toolchain/gcc/bin/../lib/gcc/riscv-nuclei-elf/10.2.0/rv32imafc/ilp32f\libgcc.a(subdf3.o)
 .debug_abbrev  0x00000000000023d8      0x138 e:/nucleistudio_ide_202212-win64/nucleistudio/toolchain/gcc/bin/../lib/gcc/riscv-nuclei-elf/10.2.0/rv32imafc/ilp32f\libgcc.a(unorddf2.o)
 .debug_abbrev  0x0000000000002510      0x144 e:/nucleistudio_ide_202212-win64/nucleistudio/toolchain/gcc/bin/../lib/gcc/riscv-nuclei-elf/10.2.0/rv32imafc/ilp32f\libgcc.a(fixdfsi.o)
 .debug_abbrev  0x0000000000002654      0x164 e:/nucleistudio_ide_202212-win64/nucleistudio/toolchain/gcc/bin/../lib/gcc/riscv-nuclei-elf/10.2.0/rv32imafc/ilp32f\libgcc.a(floatsidf.o)
 .debug_abbrev  0x00000000000027b8      0x1af e:/nucleistudio_ide_202212-win64/nucleistudio/toolchain/gcc/bin/../lib/gcc/riscv-nuclei-elf/10.2.0/rv32imafc/ilp32f\libgcc.a(trunctfdf2.o)

.debug_loc      0x0000000000000000     0xec2b
 .debug_loc     0x0000000000000000       0x21 ./hbird_sdk/SoC/hbirdv2/Common/Source/Stubs/close.o
 .debug_loc     0x0000000000000021       0x2e ./hbird_sdk/SoC/hbirdv2/Common/Source/Stubs/fstat.o
 .debug_loc     0x000000000000004f       0x21 ./hbird_sdk/SoC/hbirdv2/Common/Source/Stubs/isatty.o
 .debug_loc     0x0000000000000070       0x21 ./hbird_sdk/SoC/hbirdv2/Common/Source/Stubs/kill.o
 .debug_loc     0x0000000000000091       0x21 ./hbird_sdk/SoC/hbirdv2/Common/Source/Stubs/lseek.o
 .debug_loc     0x00000000000000b2       0xa8 ./hbird_sdk/SoC/hbirdv2/Common/Source/Stubs/read.o
 .debug_loc     0x000000000000015a       0x21 ./hbird_sdk/SoC/hbirdv2/Common/Source/Stubs/sbrk.o
 .debug_loc     0x000000000000017b       0xe9 ./hbird_sdk/SoC/hbirdv2/Common/Source/Stubs/write.o
 .debug_loc     0x0000000000000264      0x3ca ./hbird_sdk/SoC/hbirdv2/Common/Source/Drivers/hbirdv2_gpio.o
 .debug_loc     0x000000000000062e      0x4b4 ./hbird_sdk/SoC/hbirdv2/Common/Source/Drivers/hbirdv2_uart.o
 .debug_loc     0x0000000000000ae2      0x139 ./hbird_sdk/SoC/hbirdv2/Common/Source/hbirdv2_common.o
 .debug_loc     0x0000000000000c1b     0x1043 ./hbird_sdk/SoC/hbirdv2/Common/Source/system_hbirdv2.o
 .debug_loc     0x0000000000001c5e     0x49a7 ./application/whets.o
 .debug_loc     0x0000000000006605       0x50 e:/nucleistudio_ide_202212-win64/nucleistudio/toolchain/gcc/bin/../lib/gcc/riscv-nuclei-elf/10.2.0/rv32imafc/ilp32f\libgcc.a(_floatundisf.o)
 .debug_loc     0x0000000000006655      0xbdd e:/nucleistudio_ide_202212-win64/nucleistudio/toolchain/gcc/bin/../lib/gcc/riscv-nuclei-elf/10.2.0/rv32imafc/ilp32f\libgcc.a(_udivdi3.o)
 .debug_loc     0x0000000000007232     0x1a56 e:/nucleistudio_ide_202212-win64/nucleistudio/toolchain/gcc/bin/../lib/gcc/riscv-nuclei-elf/10.2.0/rv32imafc/ilp32f\libgcc.a(adddf3.o)
 .debug_loc     0x0000000000008c88     0x10e9 e:/nucleistudio_ide_202212-win64/nucleistudio/toolchain/gcc/bin/../lib/gcc/riscv-nuclei-elf/10.2.0/rv32imafc/ilp32f\libgcc.a(muldf3.o)
 .debug_loc     0x0000000000009d71      0x14f e:/nucleistudio_ide_202212-win64/nucleistudio/toolchain/gcc/bin/../lib/gcc/riscv-nuclei-elf/10.2.0/rv32imafc/ilp32f\libgcc.a(floatunsidf.o)
 .debug_loc     0x0000000000009ec0      0x26c e:/nucleistudio_ide_202212-win64/nucleistudio/toolchain/gcc/bin/../lib/gcc/riscv-nuclei-elf/10.2.0/rv32imafc/ilp32f\libgcc.a(extendsfdf2.o)
 .debug_loc     0x000000000000a12c      0x5c5 e:/nucleistudio_ide_202212-win64/nucleistudio/toolchain/gcc/bin/../lib/gcc/riscv-nuclei-elf/10.2.0/rv32imafc/ilp32f\libgcc.a(truncdfsf2.o)
 .debug_loc     0x000000000000a6f1       0x6b e:/nucleistudio_ide_202212-win64/nucleistudio/toolchain/gcc/bin/../lib/gcc/riscv-nuclei-elf/10.2.0/rv32imafc/ilp32f\libgcc.a(_clzsi2.o)
 .debug_loc     0x000000000000a75c     0x15e6 e:/nucleistudio_ide_202212-win64/nucleistudio/toolchain/gcc/bin/../lib/gcc/riscv-nuclei-elf/10.2.0/rv32imafc/ilp32f\libgcc.a(divdf3.o)
 .debug_loc     0x000000000000bd42      0x1a3 e:/nucleistudio_ide_202212-win64/nucleistudio/toolchain/gcc/bin/../lib/gcc/riscv-nuclei-elf/10.2.0/rv32imafc/ilp32f\libgcc.a(eqdf2.o)
 .debug_loc     0x000000000000bee5      0x155 e:/nucleistudio_ide_202212-win64/nucleistudio/toolchain/gcc/bin/../lib/gcc/riscv-nuclei-elf/10.2.0/rv32imafc/ilp32f\libgcc.a(gedf2.o)
 .debug_loc     0x000000000000c03a      0x155 e:/nucleistudio_ide_202212-win64/nucleistudio/toolchain/gcc/bin/../lib/gcc/riscv-nuclei-elf/10.2.0/rv32imafc/ilp32f\libgcc.a(ledf2.o)
 .debug_loc     0x000000000000c18f     0x1c3f e:/nucleistudio_ide_202212-win64/nucleistudio/toolchain/gcc/bin/../lib/gcc/riscv-nuclei-elf/10.2.0/rv32imafc/ilp32f\libgcc.a(subdf3.o)
 .debug_loc     0x000000000000ddce       0xef e:/nucleistudio_ide_202212-win64/nucleistudio/toolchain/gcc/bin/../lib/gcc/riscv-nuclei-elf/10.2.0/rv32imafc/ilp32f\libgcc.a(unorddf2.o)
 .debug_loc     0x000000000000debd      0x2a8 e:/nucleistudio_ide_202212-win64/nucleistudio/toolchain/gcc/bin/../lib/gcc/riscv-nuclei-elf/10.2.0/rv32imafc/ilp32f\libgcc.a(fixdfsi.o)
 .debug_loc     0x000000000000e165      0x159 e:/nucleistudio_ide_202212-win64/nucleistudio/toolchain/gcc/bin/../lib/gcc/riscv-nuclei-elf/10.2.0/rv32imafc/ilp32f\libgcc.a(floatsidf.o)
 .debug_loc     0x000000000000e2be      0x96d e:/nucleistudio_ide_202212-win64/nucleistudio/toolchain/gcc/bin/../lib/gcc/riscv-nuclei-elf/10.2.0/rv32imafc/ilp32f\libgcc.a(trunctfdf2.o)

.debug_aranges  0x0000000000000000      0x600
 .debug_aranges
                0x0000000000000000       0x20 ./hbird_sdk/SoC/hbirdv2/Common/Source/Stubs/close.o
 .debug_aranges
                0x0000000000000020       0x20 ./hbird_sdk/SoC/hbirdv2/Common/Source/Stubs/exit.o
 .debug_aranges
                0x0000000000000040       0x20 ./hbird_sdk/SoC/hbirdv2/Common/Source/Stubs/fstat.o
 .debug_aranges
                0x0000000000000060       0x20 ./hbird_sdk/SoC/hbirdv2/Common/Source/Stubs/getpid.o
 .debug_aranges
                0x0000000000000080       0x20 ./hbird_sdk/SoC/hbirdv2/Common/Source/Stubs/isatty.o
 .debug_aranges
                0x00000000000000a0       0x20 ./hbird_sdk/SoC/hbirdv2/Common/Source/Stubs/kill.o
 .debug_aranges
                0x00000000000000c0       0x20 ./hbird_sdk/SoC/hbirdv2/Common/Source/Stubs/lseek.o
 .debug_aranges
                0x00000000000000e0       0x20 ./hbird_sdk/SoC/hbirdv2/Common/Source/Stubs/read.o
 .debug_aranges
                0x0000000000000100       0x20 ./hbird_sdk/SoC/hbirdv2/Common/Source/Stubs/sbrk.o
 .debug_aranges
                0x0000000000000120       0x20 ./hbird_sdk/SoC/hbirdv2/Common/Source/Stubs/write.o
 .debug_aranges
                0x0000000000000140       0x20 ./hbird_sdk/SoC/hbirdv2/Common/Source/GCC/intexc_hbirdv2.o
 .debug_aranges
                0x0000000000000160       0x20 ./hbird_sdk/SoC/hbirdv2/Common/Source/GCC/startup_hbirdv2.o
 .debug_aranges
                0x0000000000000180       0x60 ./hbird_sdk/SoC/hbirdv2/Common/Source/Drivers/hbirdv2_gpio.o
 .debug_aranges
                0x00000000000001e0       0x98 ./hbird_sdk/SoC/hbirdv2/Common/Source/Drivers/hbirdv2_uart.o
 .debug_aranges
                0x0000000000000278       0x30 ./hbird_sdk/SoC/hbirdv2/Common/Source/hbirdv2_common.o
 .debug_aranges
                0x00000000000002a8       0x98 ./hbird_sdk/SoC/hbirdv2/Common/Source/system_hbirdv2.o
 .debug_aranges
                0x0000000000000340       0x38 ./application/cpuidc.o
 .debug_aranges
                0x0000000000000378       0x50 ./application/whets.o
 .debug_aranges
                0x00000000000003c8       0x20 e:/nucleistudio_ide_202212-win64/nucleistudio/toolchain/gcc/bin/../lib/gcc/riscv-nuclei-elf/10.2.0/rv32imafc/ilp32f\libgcc.a(_floatundisf.o)
 .debug_aranges
                0x00000000000003e8       0x20 e:/nucleistudio_ide_202212-win64/nucleistudio/toolchain/gcc/bin/../lib/gcc/riscv-nuclei-elf/10.2.0/rv32imafc/ilp32f\libgcc.a(_udivdi3.o)
 .debug_aranges
                0x0000000000000408       0x20 e:/nucleistudio_ide_202212-win64/nucleistudio/toolchain/gcc/bin/../lib/gcc/riscv-nuclei-elf/10.2.0/rv32imafc/ilp32f\libgcc.a(adddf3.o)
 .debug_aranges
                0x0000000000000428       0x20 e:/nucleistudio_ide_202212-win64/nucleistudio/toolchain/gcc/bin/../lib/gcc/riscv-nuclei-elf/10.2.0/rv32imafc/ilp32f\libgcc.a(muldf3.o)
 .debug_aranges
                0x0000000000000448       0x20 e:/nucleistudio_ide_202212-win64/nucleistudio/toolchain/gcc/bin/../lib/gcc/riscv-nuclei-elf/10.2.0/rv32imafc/ilp32f\libgcc.a(floatunsidf.o)
 .debug_aranges
                0x0000000000000468       0x20 e:/nucleistudio_ide_202212-win64/nucleistudio/toolchain/gcc/bin/../lib/gcc/riscv-nuclei-elf/10.2.0/rv32imafc/ilp32f\libgcc.a(extendsfdf2.o)
 .debug_aranges
                0x0000000000000488       0x20 e:/nucleistudio_ide_202212-win64/nucleistudio/toolchain/gcc/bin/../lib/gcc/riscv-nuclei-elf/10.2.0/rv32imafc/ilp32f\libgcc.a(truncdfsf2.o)
 .debug_aranges
                0x00000000000004a8       0x18 e:/nucleistudio_ide_202212-win64/nucleistudio/toolchain/gcc/bin/../lib/gcc/riscv-nuclei-elf/10.2.0/rv32imafc/ilp32f\libgcc.a(_clz.o)
 .debug_aranges
                0x00000000000004c0       0x20 e:/nucleistudio_ide_202212-win64/nucleistudio/toolchain/gcc/bin/../lib/gcc/riscv-nuclei-elf/10.2.0/rv32imafc/ilp32f\libgcc.a(_clzsi2.o)
 .debug_aranges
                0x00000000000004e0       0x20 e:/nucleistudio_ide_202212-win64/nucleistudio/toolchain/gcc/bin/../lib/gcc/riscv-nuclei-elf/10.2.0/rv32imafc/ilp32f\libgcc.a(divdf3.o)
 .debug_aranges
                0x0000000000000500       0x20 e:/nucleistudio_ide_202212-win64/nucleistudio/toolchain/gcc/bin/../lib/gcc/riscv-nuclei-elf/10.2.0/rv32imafc/ilp32f\libgcc.a(eqdf2.o)
 .debug_aranges
                0x0000000000000520       0x20 e:/nucleistudio_ide_202212-win64/nucleistudio/toolchain/gcc/bin/../lib/gcc/riscv-nuclei-elf/10.2.0/rv32imafc/ilp32f\libgcc.a(gedf2.o)
 .debug_aranges
                0x0000000000000540       0x20 e:/nucleistudio_ide_202212-win64/nucleistudio/toolchain/gcc/bin/../lib/gcc/riscv-nuclei-elf/10.2.0/rv32imafc/ilp32f\libgcc.a(ledf2.o)
 .debug_aranges
                0x0000000000000560       0x20 e:/nucleistudio_ide_202212-win64/nucleistudio/toolchain/gcc/bin/../lib/gcc/riscv-nuclei-elf/10.2.0/rv32imafc/ilp32f\libgcc.a(subdf3.o)
 .debug_aranges
                0x0000000000000580       0x20 e:/nucleistudio_ide_202212-win64/nucleistudio/toolchain/gcc/bin/../lib/gcc/riscv-nuclei-elf/10.2.0/rv32imafc/ilp32f\libgcc.a(unorddf2.o)
 .debug_aranges
                0x00000000000005a0       0x20 e:/nucleistudio_ide_202212-win64/nucleistudio/toolchain/gcc/bin/../lib/gcc/riscv-nuclei-elf/10.2.0/rv32imafc/ilp32f\libgcc.a(fixdfsi.o)
 .debug_aranges
                0x00000000000005c0       0x20 e:/nucleistudio_ide_202212-win64/nucleistudio/toolchain/gcc/bin/../lib/gcc/riscv-nuclei-elf/10.2.0/rv32imafc/ilp32f\libgcc.a(floatsidf.o)
 .debug_aranges
                0x00000000000005e0       0x20 e:/nucleistudio_ide_202212-win64/nucleistudio/toolchain/gcc/bin/../lib/gcc/riscv-nuclei-elf/10.2.0/rv32imafc/ilp32f\libgcc.a(trunctfdf2.o)

.debug_ranges   0x0000000000000000     0x1f60
 .debug_ranges  0x0000000000000000       0x10 ./hbird_sdk/SoC/hbirdv2/Common/Source/Stubs/close.o
 .debug_ranges  0x0000000000000010       0x10 ./hbird_sdk/SoC/hbirdv2/Common/Source/Stubs/exit.o
 .debug_ranges  0x0000000000000020       0x10 ./hbird_sdk/SoC/hbirdv2/Common/Source/Stubs/fstat.o
 .debug_ranges  0x0000000000000030       0x10 ./hbird_sdk/SoC/hbirdv2/Common/Source/Stubs/getpid.o
 .debug_ranges  0x0000000000000040       0x10 ./hbird_sdk/SoC/hbirdv2/Common/Source/Stubs/isatty.o
 .debug_ranges  0x0000000000000050       0x10 ./hbird_sdk/SoC/hbirdv2/Common/Source/Stubs/kill.o
 .debug_ranges  0x0000000000000060       0x10 ./hbird_sdk/SoC/hbirdv2/Common/Source/Stubs/lseek.o
 .debug_ranges  0x0000000000000070       0x10 ./hbird_sdk/SoC/hbirdv2/Common/Source/Stubs/read.o
 .debug_ranges  0x0000000000000080       0x10 ./hbird_sdk/SoC/hbirdv2/Common/Source/Stubs/sbrk.o
 .debug_ranges  0x0000000000000090       0x28 ./hbird_sdk/SoC/hbirdv2/Common/Source/Stubs/write.o
 .debug_ranges  0x00000000000000b8       0x50 ./hbird_sdk/SoC/hbirdv2/Common/Source/Drivers/hbirdv2_gpio.o
 .debug_ranges  0x0000000000000108       0x88 ./hbird_sdk/SoC/hbirdv2/Common/Source/Drivers/hbirdv2_uart.o
 .debug_ranges  0x0000000000000190      0x128 ./hbird_sdk/SoC/hbirdv2/Common/Source/hbirdv2_common.o
 .debug_ranges  0x00000000000002b8      0x360 ./hbird_sdk/SoC/hbirdv2/Common/Source/system_hbirdv2.o
 .debug_ranges  0x0000000000000618       0xb0 ./application/cpuidc.o
 .debug_ranges  0x00000000000006c8      0x6a0 ./application/whets.o
 .debug_ranges  0x0000000000000d68       0x10 e:/nucleistudio_ide_202212-win64/nucleistudio/toolchain/gcc/bin/../lib/gcc/riscv-nuclei-elf/10.2.0/rv32imafc/ilp32f\libgcc.a(_floatundisf.o)
 .debug_ranges  0x0000000000000d78      0x108 e:/nucleistudio_ide_202212-win64/nucleistudio/toolchain/gcc/bin/../lib/gcc/riscv-nuclei-elf/10.2.0/rv32imafc/ilp32f\libgcc.a(_udivdi3.o)
 .debug_ranges  0x0000000000000e80      0x3c8 e:/nucleistudio_ide_202212-win64/nucleistudio/toolchain/gcc/bin/../lib/gcc/riscv-nuclei-elf/10.2.0/rv32imafc/ilp32f\libgcc.a(adddf3.o)
 .debug_ranges  0x0000000000001248      0x250 e:/nucleistudio_ide_202212-win64/nucleistudio/toolchain/gcc/bin/../lib/gcc/riscv-nuclei-elf/10.2.0/rv32imafc/ilp32f\libgcc.a(muldf3.o)
 .debug_ranges  0x0000000000001498       0x80 e:/nucleistudio_ide_202212-win64/nucleistudio/toolchain/gcc/bin/../lib/gcc/riscv-nuclei-elf/10.2.0/rv32imafc/ilp32f\libgcc.a(floatunsidf.o)
 .debug_ranges  0x0000000000001518       0x30 e:/nucleistudio_ide_202212-win64/nucleistudio/toolchain/gcc/bin/../lib/gcc/riscv-nuclei-elf/10.2.0/rv32imafc/ilp32f\libgcc.a(extendsfdf2.o)
 .debug_ranges  0x0000000000001548       0x98 e:/nucleistudio_ide_202212-win64/nucleistudio/toolchain/gcc/bin/../lib/gcc/riscv-nuclei-elf/10.2.0/rv32imafc/ilp32f\libgcc.a(truncdfsf2.o)
 .debug_ranges  0x00000000000015e0       0x30 e:/nucleistudio_ide_202212-win64/nucleistudio/toolchain/gcc/bin/../lib/gcc/riscv-nuclei-elf/10.2.0/rv32imafc/ilp32f\libgcc.a(_clzsi2.o)
 .debug_ranges  0x0000000000001610      0x1f8 e:/nucleistudio_ide_202212-win64/nucleistudio/toolchain/gcc/bin/../lib/gcc/riscv-nuclei-elf/10.2.0/rv32imafc/ilp32f\libgcc.a(divdf3.o)
 .debug_ranges  0x0000000000001808       0x70 e:/nucleistudio_ide_202212-win64/nucleistudio/toolchain/gcc/bin/../lib/gcc/riscv-nuclei-elf/10.2.0/rv32imafc/ilp32f\libgcc.a(eqdf2.o)
 .debug_ranges  0x0000000000001878       0x48 e:/nucleistudio_ide_202212-win64/nucleistudio/toolchain/gcc/bin/../lib/gcc/riscv-nuclei-elf/10.2.0/rv32imafc/ilp32f\libgcc.a(gedf2.o)
 .debug_ranges  0x00000000000018c0       0x48 e:/nucleistudio_ide_202212-win64/nucleistudio/toolchain/gcc/bin/../lib/gcc/riscv-nuclei-elf/10.2.0/rv32imafc/ilp32f\libgcc.a(ledf2.o)
 .debug_ranges  0x0000000000001908      0x3d8 e:/nucleistudio_ide_202212-win64/nucleistudio/toolchain/gcc/bin/../lib/gcc/riscv-nuclei-elf/10.2.0/rv32imafc/ilp32f\libgcc.a(subdf3.o)
 .debug_ranges  0x0000000000001ce0       0x48 e:/nucleistudio_ide_202212-win64/nucleistudio/toolchain/gcc/bin/../lib/gcc/riscv-nuclei-elf/10.2.0/rv32imafc/ilp32f\libgcc.a(unorddf2.o)
 .debug_ranges  0x0000000000001d28       0x68 e:/nucleistudio_ide_202212-win64/nucleistudio/toolchain/gcc/bin/../lib/gcc/riscv-nuclei-elf/10.2.0/rv32imafc/ilp32f\libgcc.a(fixdfsi.o)
 .debug_ranges  0x0000000000001d90       0x78 e:/nucleistudio_ide_202212-win64/nucleistudio/toolchain/gcc/bin/../lib/gcc/riscv-nuclei-elf/10.2.0/rv32imafc/ilp32f\libgcc.a(floatsidf.o)
 .debug_ranges  0x0000000000001e08      0x158 e:/nucleistudio_ide_202212-win64/nucleistudio/toolchain/gcc/bin/../lib/gcc/riscv-nuclei-elf/10.2.0/rv32imafc/ilp32f\libgcc.a(trunctfdf2.o)

.debug_line     0x0000000000000000    0x13597
 .debug_line    0x0000000000000000       0x88 ./hbird_sdk/SoC/hbirdv2/Common/Source/Stubs/close.o
 .debug_line    0x0000000000000088       0xec ./hbird_sdk/SoC/hbirdv2/Common/Source/Stubs/exit.o
 .debug_line    0x0000000000000174      0x1d8 ./hbird_sdk/SoC/hbirdv2/Common/Source/Stubs/fstat.o
 .debug_line    0x000000000000034c       0x77 ./hbird_sdk/SoC/hbirdv2/Common/Source/Stubs/getpid.o
 .debug_line    0x00000000000003c3       0x77 ./hbird_sdk/SoC/hbirdv2/Common/Source/Stubs/isatty.o
 .debug_line    0x000000000000043a       0x87 ./hbird_sdk/SoC/hbirdv2/Common/Source/Stubs/kill.o
 .debug_line    0x00000000000004c1       0x76 ./hbird_sdk/SoC/hbirdv2/Common/Source/Stubs/lseek.o
 .debug_line    0x0000000000000537      0x2b4 ./hbird_sdk/SoC/hbirdv2/Common/Source/Stubs/read.o
 .debug_line    0x00000000000007eb      0x14f ./hbird_sdk/SoC/hbirdv2/Common/Source/Stubs/sbrk.o
 .debug_line    0x000000000000093a      0x343 ./hbird_sdk/SoC/hbirdv2/Common/Source/Stubs/write.o
 .debug_line    0x0000000000000c7d       0x97 ./hbird_sdk/SoC/hbirdv2/Common/Source/GCC/intexc_hbirdv2.o
 .debug_line    0x0000000000000d14      0x175 ./hbird_sdk/SoC/hbirdv2/Common/Source/GCC/startup_hbirdv2.o
 .debug_line    0x0000000000000e89      0x69c ./hbird_sdk/SoC/hbirdv2/Common/Source/Drivers/hbirdv2_gpio.o
 .debug_line    0x0000000000001525      0x99d ./hbird_sdk/SoC/hbirdv2/Common/Source/Drivers/hbirdv2_uart.o
 .debug_line    0x0000000000001ec2      0x6c3 ./hbird_sdk/SoC/hbirdv2/Common/Source/hbirdv2_common.o
 .debug_line    0x0000000000002585     0x1c2c ./hbird_sdk/SoC/hbirdv2/Common/Source/system_hbirdv2.o
 .debug_line    0x00000000000041b1      0x37b ./application/cpuidc.o
 .debug_line    0x000000000000452c     0x6fc5 ./application/whets.o
 .debug_line    0x000000000000b4f1      0x14b e:/nucleistudio_ide_202212-win64/nucleistudio/toolchain/gcc/bin/../lib/gcc/riscv-nuclei-elf/10.2.0/rv32imafc/ilp32f\libgcc.a(_floatundisf.o)
 .debug_line    0x000000000000b63c      0x769 e:/nucleistudio_ide_202212-win64/nucleistudio/toolchain/gcc/bin/../lib/gcc/riscv-nuclei-elf/10.2.0/rv32imafc/ilp32f\libgcc.a(_udivdi3.o)
 .debug_line    0x000000000000bda5     0x15c1 e:/nucleistudio_ide_202212-win64/nucleistudio/toolchain/gcc/bin/../lib/gcc/riscv-nuclei-elf/10.2.0/rv32imafc/ilp32f\libgcc.a(adddf3.o)
 .debug_line    0x000000000000d366     0x1046 e:/nucleistudio_ide_202212-win64/nucleistudio/toolchain/gcc/bin/../lib/gcc/riscv-nuclei-elf/10.2.0/rv32imafc/ilp32f\libgcc.a(muldf3.o)
 .debug_line    0x000000000000e3ac      0x288 e:/nucleistudio_ide_202212-win64/nucleistudio/toolchain/gcc/bin/../lib/gcc/riscv-nuclei-elf/10.2.0/rv32imafc/ilp32f\libgcc.a(floatunsidf.o)
 .debug_line    0x000000000000e634      0x3cf e:/nucleistudio_ide_202212-win64/nucleistudio/toolchain/gcc/bin/../lib/gcc/riscv-nuclei-elf/10.2.0/rv32imafc/ilp32f\libgcc.a(extendsfdf2.o)
 .debug_line    0x000000000000ea03      0x6a3 e:/nucleistudio_ide_202212-win64/nucleistudio/toolchain/gcc/bin/../lib/gcc/riscv-nuclei-elf/10.2.0/rv32imafc/ilp32f\libgcc.a(truncdfsf2.o)
 .debug_line    0x000000000000f0a6       0x73 e:/nucleistudio_ide_202212-win64/nucleistudio/toolchain/gcc/bin/../lib/gcc/riscv-nuclei-elf/10.2.0/rv32imafc/ilp32f\libgcc.a(_clz.o)
 .debug_line    0x000000000000f119       0xff e:/nucleistudio_ide_202212-win64/nucleistudio/toolchain/gcc/bin/../lib/gcc/riscv-nuclei-elf/10.2.0/rv32imafc/ilp32f\libgcc.a(_clzsi2.o)
 .debug_line    0x000000000000f218     0x1236 e:/nucleistudio_ide_202212-win64/nucleistudio/toolchain/gcc/bin/../lib/gcc/riscv-nuclei-elf/10.2.0/rv32imafc/ilp32f\libgcc.a(divdf3.o)
 .debug_line    0x000000000001044e      0x2f8 e:/nucleistudio_ide_202212-win64/nucleistudio/toolchain/gcc/bin/../lib/gcc/riscv-nuclei-elf/10.2.0/rv32imafc/ilp32f\libgcc.a(eqdf2.o)
 .debug_line    0x0000000000010746      0x317 e:/nucleistudio_ide_202212-win64/nucleistudio/toolchain/gcc/bin/../lib/gcc/riscv-nuclei-elf/10.2.0/rv32imafc/ilp32f\libgcc.a(gedf2.o)
 .debug_line    0x0000000000010a5d      0x317 e:/nucleistudio_ide_202212-win64/nucleistudio/toolchain/gcc/bin/../lib/gcc/riscv-nuclei-elf/10.2.0/rv32imafc/ilp32f\libgcc.a(ledf2.o)