Archive member included to satisfy reference by file (symbol)

E:\NucleiStudio_Workspace\e203cifar10_test\hbird_sdk\NMSIS\Library\NN\GCC\libnmsis_nn_rv32imafc.a(riscv_softmax_q7.c.o)
                              ./application/main.o (riscv_softmax_q7)
E:\NucleiStudio_Workspace\e203cifar10_test\hbird_sdk\NMSIS\Library\NN\GCC\libnmsis_nn_rv32imafc.a(riscv_convolve_HWC_q7_fast.c.o)
                              ./application/main.o (riscv_convolve_HWC_q7_fast)
E:\NucleiStudio_Workspace\e203cifar10_test\hbird_sdk\NMSIS\Library\NN\GCC\libnmsis_nn_rv32imafc.a(riscv_convolve_HWC_q7_RGB.c.o)
                              ./application/main.o (riscv_convolve_HWC_q7_RGB)
E:\NucleiStudio_Workspace\e203cifar10_test\hbird_sdk\NMSIS\Library\NN\GCC\libnmsis_nn_rv32imafc.a(riscv_relu_q7.c.o)
                              ./application/main.o (riscv_relu_q7)
E:\NucleiStudio_Workspace\e203cifar10_test\hbird_sdk\NMSIS\Library\NN\GCC\libnmsis_nn_rv32imafc.a(riscv_fully_connected_q7_opt.c.o)
                              ./application/main.o (riscv_fully_connected_q7_opt)
E:\NucleiStudio_Workspace\e203cifar10_test\hbird_sdk\NMSIS\Library\NN\GCC\libnmsis_nn_rv32imafc.a(riscv_pool_q7_HWC.c.o)
                              ./application/main.o (riscv_maxpool_q7_HWC)
e:/nucleistudio_ide_202212-win64/nucleistudio/toolchain/gcc/bin/../lib/gcc/riscv-nuclei-elf/10.2.0/../../../../riscv-nuclei-elf/lib/rv32imafc/ilp32f\libm_nano.a(lib_a-w_log10.o)
                              ./application/math_helper.o (log10)
e:/nucleistudio_ide_202212-win64/nucleistudio/toolchain/gcc/bin/../lib/gcc/riscv-nuclei-elf/10.2.0/../../../../riscv-nuclei-elf/lib/rv32imafc/ilp32f\libm_nano.a(lib_a-e_log10.o)
                              e:/nucleistudio_ide_202212-win64/nucleistudio/toolchain/gcc/bin/../lib/gcc/riscv-nuclei-elf/10.2.0/../../../../riscv-nuclei-elf/lib/rv32imafc/ilp32f\libm_nano.a(lib_a-w_log10.o) (__ieee754_log10)
e:/nucleistudio_ide_202212-win64/nucleistudio/toolchain/gcc/bin/../lib/gcc/riscv-nuclei-elf/10.2.0/../../../../riscv-nuclei-elf/lib/rv32imafc/ilp32f\libm_nano.a(lib_a-s_nan.o)
                              e:/nucleistudio_ide_202212-win64/nucleistudio/toolchain/gcc/bin/../lib/gcc/riscv-nuclei-elf/10.2.0/../../../../riscv-nuclei-elf/lib/rv32imafc/ilp32f\libm_nano.a(lib_a-w_log10.o) (nan)
e:/nucleistudio_ide_202212-win64/nucleistudio/toolchain/gcc/bin/../lib/gcc/riscv-nuclei-elf/10.2.0/../../../../riscv-nuclei-elf/lib/rv32imafc/ilp32f\libm_nano.a(lib_a-e_log.o)
                              e:/nucleistudio_ide_202212-win64/nucleistudio/toolchain/gcc/bin/../lib/gcc/riscv-nuclei-elf/10.2.0/../../../../riscv-nuclei-elf/lib/rv32imafc/ilp32f\libm_nano.a(lib_a-e_log10.o) (__ieee754_log)
e:/nucleistudio_ide_202212-win64/nucleistudio/toolchain/gcc/bin/../lib/gcc/riscv-nuclei-elf/10.2.0/rv32imafc/ilp32f\libgcc.a(_udivdi3.o)
                              ./hbird_sdk/SoC/hbirdv2/Common/Source/Stubs/gettimeofday.o (__udivdi3)
e:/nucleistudio_ide_202212-win64/nucleistudio/toolchain/gcc/bin/../lib/gcc/riscv-nuclei-elf/10.2.0/rv32imafc/ilp32f\libgcc.a(_umoddi3.o)
                              ./hbird_sdk/SoC/hbirdv2/Common/Source/Stubs/gettimeofday.o (__umoddi3)
e:/nucleistudio_ide_202212-win64/nucleistudio/toolchain/gcc/bin/../lib/gcc/riscv-nuclei-elf/10.2.0/rv32imafc/ilp32f\libgcc.a(adddf3.o)
                              ./application/math_helper.o (__adddf3)
e:/nucleistudio_ide_202212-win64/nucleistudio/toolchain/gcc/bin/../lib/gcc/riscv-nuclei-elf/10.2.0/rv32imafc/ilp32f\libgcc.a(divdf3.o)
                              ./application/main.o (__divdf3)
e:/nucleistudio_ide_202212-win64/nucleistudio/toolchain/gcc/bin/../lib/gcc/riscv-nuclei-elf/10.2.0/rv32imafc/ilp32f\libgcc.a(eqdf2.o)
                              e:/nucleistudio_ide_202212-win64/nucleistudio/toolchain/gcc/bin/../lib/gcc/riscv-nuclei-elf/10.2.0/../../../../riscv-nuclei-elf/lib/rv32imafc/ilp32f\libm_nano.a(lib_a-w_log10.o) (__eqdf2)
e:/nucleistudio_ide_202212-win64/nucleistudio/toolchain/gcc/bin/../lib/gcc/riscv-nuclei-elf/10.2.0/rv32imafc/ilp32f\libgcc.a(ledf2.o)
                              e:/nucleistudio_ide_202212-win64/nucleistudio/toolchain/gcc/bin/../lib/gcc/riscv-nuclei-elf/10.2.0/../../../../riscv-nuclei-elf/lib/rv32imafc/ilp32f\libm_nano.a(lib_a-w_log10.o) (__ledf2)
e:/nucleistudio_ide_202212-win64/nucleistudio/toolchain/gcc/bin/../lib/gcc/riscv-nuclei-elf/10.2.0/rv32imafc/ilp32f\libgcc.a(muldf3.o)
                              ./application/main.o (__muldf3)
e:/nucleistudio_ide_202212-win64/nucleistudio/toolchain/gcc/bin/../lib/gcc/riscv-nuclei-elf/10.2.0/rv32imafc/ilp32f\libgcc.a(subdf3.o)
                              e:/nucleistudio_ide_202212-win64/nucleistudio/toolchain/gcc/bin/../lib/gcc/riscv-nuclei-elf/10.2.0/../../../../riscv-nuclei-elf/lib/rv32imafc/ilp32f\libm_nano.a(lib_a-e_log10.o) (__subdf3)
e:/nucleistudio_ide_202212-win64/nucleistudio/toolchain/gcc/bin/../lib/gcc/riscv-nuclei-elf/10.2.0/rv32imafc/ilp32f\libgcc.a(unorddf2.o)
[...]
Memory Configuration

Name             Origin             Length             Attributes
ilm              0x0000000080000000 0x0000000000020000 axrl !w
ram              0x0000000090000000 0x0000000000040000 axw !rl
*default*        0x0000000000000000 0xffffffffffffffff

Linker script and memory map

LOAD ./hbird_sdk/SoC/hbirdv2/Common/Source/Stubs/clock_getres.o
LOAD ./hbird_sdk/SoC/hbirdv2/Common/Source/Stubs/clock_gettime.o
LOAD ./hbird_sdk/SoC/hbirdv2/Common/Source/Stubs/clock_settime.o
LOAD ./hbird_sdk/SoC/hbirdv2/Common/Source/Stubs/close.o
LOAD ./hbird_sdk/SoC/hbirdv2/Common/Source/Stubs/execve.o
LOAD ./hbird_sdk/SoC/hbirdv2/Common/Source/Stubs/exit.o
LOAD ./hbird_sdk/SoC/hbirdv2/Common/Source/Stubs/fork.o
LOAD ./hbird_sdk/SoC/hbirdv2/Common/Source/Stubs/fstat.o
LOAD ./hbird_sdk/SoC/hbirdv2/Common/Source/Stubs/getpid.o
LOAD ./hbird_sdk/SoC/hbirdv2/Common/Source/Stubs/gettimeofday.o
LOAD ./hbird_sdk/SoC/hbirdv2/Common/Source/Stubs/isatty.o
LOAD ./hbird_sdk/SoC/hbirdv2/Common/Source/Stubs/kill.o
LOAD ./hbird_sdk/SoC/hbirdv2/Common/Source/Stubs/link.o
LOAD ./hbird_sdk/SoC/hbirdv2/Common/Source/Stubs/lseek.o
LOAD ./hbird_sdk/SoC/hbirdv2/Common/Source/Stubs/open.o
LOAD ./hbird_sdk/SoC/hbirdv2/Common/Source/Stubs/read.o
LOAD ./hbird_sdk/SoC/hbirdv2/Common/Source/Stubs/sbrk.o
LOAD ./hbird_sdk/SoC/hbirdv2/Common/Source/Stubs/stat.o
LOAD ./hbird_sdk/SoC/hbirdv2/Common/Source/Stubs/times.o
LOAD ./hbird_sdk/SoC/hbirdv2/Common/Source/Stubs/unlink.o
LOAD ./hbird_sdk/SoC/hbirdv2/Common/Source/Stubs/wait.o
LOAD ./hbird_sdk/SoC/hbirdv2/Common/Source/Stubs/write.o
LOAD ./hbird_sdk/SoC/hbirdv2/Common/Source/GCC/intexc_hbirdv2.o
LOAD ./hbird_sdk/SoC/hbirdv2/Common/Source/GCC/startup_hbirdv2.o
LOAD ./hbird_sdk/SoC/hbirdv2/Common/Source/Drivers/hbirdv2_gpio.o
LOAD ./hbird_sdk/SoC/hbirdv2/Common/Source/Drivers/hbirdv2_i2c.o
LOAD ./hbird_sdk/SoC/hbirdv2/Common/Source/Drivers/hbirdv2_pwm.o
LOAD ./hbird_sdk/SoC/hbirdv2/Common/Source/Drivers/hbirdv2_spi.o
LOAD ./hbird_sdk/SoC/hbirdv2/Common/Source/Drivers/hbirdv2_uart.o
LOAD ./hbird_sdk/SoC/hbirdv2/Common/Source/Drivers/htif.o
LOAD ./hbird_sdk/SoC/hbirdv2/Common/Source/hbirdv2_common.o
LOAD ./hbird_sdk/SoC/hbirdv2/Common/Source/system_hbirdv2.o
LOAD ./application/main.o
LOAD ./application/math_helper.o
LOAD ./application/ref_conv.o
LOAD ./application/ref_helper.o
LOAD E:\NucleiStudio_Workspace\e203cifar10_test\hbird_sdk\NMSIS\Library\DSP\GCC\libnmsis_dsp_rv32imafc.a
LOAD E:\NucleiStudio_Workspace\e203cifar10_test\hbird_sdk\NMSIS\Library\NN\GCC\libnmsis_nn_rv32imafc.a
LOAD e:/nucleistudio_ide_202212-win64/nucleistudio/toolchain/gcc/bin/../lib/gcc/riscv-nuclei-elf/10.2.0/../../../../riscv-nuclei-elf/lib/rv32imafc/ilp32f\libstdc++.a
LOAD e:/nucleistudio_ide_202212-win64/nucleistudio/toolchain/gcc/bin/../lib/gcc/riscv-nuclei-elf/10.2.0/../../../../riscv-nuclei-elf/lib/rv32imafc/ilp32f\libstdc++.a
LOAD e:/nucleistudio_ide_202212-win64/nucleistudio/toolchain/gcc/bin/../lib/gcc/riscv-nuclei-elf/10.2.0/../../../../riscv-nuclei-elf/lib/rv32imafc/ilp32f\libm_nano.a
LOAD e:/nucleistudio_ide_202212-win64/nucleistudio/toolchain/gcc/bin/../lib/gcc/riscv-nuclei-elf/10.2.0/rv32imafc/ilp32f\libgcc.a
LOAD e:/nucleistudio_ide_202212-win64/nucleistudio/toolchain/gcc/bin/../lib/gcc/riscv-nuclei-elf/10.2.0/../../../../riscv-nuclei-elf/lib/rv32imafc/ilp32f\libg_nano.a
LOAD e:/nucleistudio_ide_202212-win64/nucleistudio/toolchain/gcc/bin/../lib/gcc/riscv-nuclei-elf/10.2.0/../../../../riscv-nuclei-elf/lib/rv32imafc/ilp32f\libc_nano.a
LOAD e:/nucleistudio_ide_202212-win64/nucleistudio/toolchain/gcc/bin/../lib/gcc/riscv-nuclei-elf/10.2.0/rv32imafc/ilp32f\libgcc.a
START GROUP
LOAD e:/nucleistudio_ide_202212-win64/nucleistudio/toolchain/gcc/bin/../lib/gcc/riscv-nuclei-elf/10.2.0/rv32imafc/ilp32f\libgcc.a
LOAD e:/nucleistudio_ide_202212-win64/nucleistudio/toolchain/gcc/bin/../lib/gcc/riscv-nuclei-elf/10.2.0/../../../../riscv-nuclei-elf/lib/rv32imafc/ilp32f\libc_nano.a
LOAD e:/nucleistudio_ide_202212-win64/nucleistudio/toolchain/gcc/bin/../lib/gcc/riscv-nuclei-elf/10.2.0/../../../../riscv-nuclei-elf/lib/rv32imafc/ilp32f\libnosys.a
END GROUP
START GROUP
LOAD e:/nucleistudio_ide_202212-win64/nucleistudio/toolchain/gcc/bin/../lib/gcc/riscv-nuclei-elf/10.2.0/rv32imafc/ilp32f\libgcc.a
LOAD e:/nucleistudio_ide_202212-win64/nucleistudio/toolchain/gcc/bin/../lib/gcc/riscv-nuclei-elf/10.2.0/../../../../riscv-nuclei-elf/lib/rv32imafc/ilp32f\libc_nano.a
LOAD e:/nucleistudio_ide_202212-win64/nucleistudio/toolchain/gcc/bin/../lib/gcc/riscv-nuclei-elf/10.2.0/../../../../riscv-nuclei-elf/lib/rv32imafc/ilp32f\libnosys.a
END GROUP
                0x0000000000000800                __stack_size = DEFINED (__stack_size)?__stack_size:0x800

.init           0x0000000080000000       0xc8
 *(.vtable)
 *(SORT_NONE(.init))
 .init          0x0000000080000000       0xc8 ./hbird_sdk/SoC/hbirdv2/Common/Source/GCC/startup_hbirdv2.o
                0x0000000080000000                _start

.ilalign        0x00000000800000c8        0x0
                0x00000000800000c8                . = ALIGN (0x4)
 *fill*         0x00000000800000c8        0x0 
                0x00000000800000c8                PROVIDE (_ilm_lma = .)

.ialign         0x00000000800000c8        0x0
                0x00000000800000c8                PROVIDE (_ilm = .)

.text           0x00000000800000c8     0x88b6
 *(.text.unlikely .text.unlikely.*)
 *(.text.startup .text.startup.*)
 *(.text .text.*)
 .text._close   0x00000000800000c8       0x1c ./hbird_sdk/SoC/hbirdv2/Common/Source/Stubs/close.o
                0x00000000800000c8                _close
 .text._exit    0x00000000800000e4       0x12 ./hbird_sdk/SoC/hbirdv2/Common/Source/Stubs/exit.o
                0x00000000800000e4                _exit
 .text._fstat   0x00000000800000f6       0x40 ./hbird_sdk/SoC/hbirdv2/Common/Source/Stubs/fstat.o
                0x00000000800000f6                _fstat
 .text._getpid  0x0000000080000136       0x10 ./hbird_sdk/SoC/hbirdv2/Common/Source/Stubs/getpid.o
                0x0000000080000136                _getpid
 .text._isatty  0x0000000080000146       0x14 ./hbird_sdk/SoC/hbirdv2/Common/Source/Stubs/isatty.o
                0x0000000080000146                _isatty
 .text._kill    0x000000008000015a       0x20 ./hbird_sdk/SoC/hbirdv2/Common/Source/Stubs/kill.o
                0x000000008000015a                _kill
 .text._lseek   0x000000008000017a       0x1c ./hbird_sdk/SoC/hbirdv2/Common/Source/Stubs/lseek.o
                0x000000008000017a                _lseek
 .text._read    0x0000000080000196       0x44 ./hbird_sdk/SoC/hbirdv2/Common/Source/Stubs/read.o
                0x0000000080000196                _read
 .text._sbrk    0x00000000800001da       0x7c ./hbird_sdk/SoC/hbirdv2/Common/Source/Stubs/sbrk.o
                0x00000000800001da                _sbrk
 .text._write   0x0000000080000256       0x88 ./hbird_sdk/SoC/hbirdv2/Common/Source/Stubs/write.o
                0x0000000080000256                _write
 *fill*         0x00000000800002de        0x2 
 .text.trap     0x00000000800002e0       0x78 ./hbird_sdk/SoC/hbirdv2/Common/Source/GCC/intexc_hbirdv2.o
                0x00000000800002e0                trap_entry
 .text.gpio_iof_config
                0x0000000080000358       0x3c ./hbird_sdk/SoC/hbirdv2/Common/Source/Drivers/hbirdv2_gpio.o
                0x0000000080000358                gpio_iof_config
 .text.uart_init
                0x0000000080000394       0x7c ./hbird_sdk/SoC/hbirdv2/Common/Source/Drivers/hbirdv2_uart.o
                0x0000000080000394                uart_init
 .text.uart_write
                0x0000000080000410       0x44 ./hbird_sdk/SoC/hbirdv2/Common/Source/Drivers/hbirdv2_uart.o
                0x0000000080000410                uart_write
 .text.uart_read
                0x0000000080000454       0x44 ./hbird_sdk/SoC/hbirdv2/Common/Source/Drivers/hbirdv2_uart.o
                0x0000000080000454                uart_read
 .text.measure_cpu_freq
                0x0000000080000498      0x108 ./hbird_sdk/SoC/hbirdv2/Common/Source/hbirdv2_common.o
                0x0000000080000498                measure_cpu_freq
 .text.get_cpu_freq
                0x00000000800005a0       0x24 ./hbird_sdk/SoC/hbirdv2/Common/Source/hbirdv2_common.o
                0x00000000800005a0                get_cpu_freq
 .text.SystemInit
                0x00000000800005c4       0x20 ./hbird_sdk/SoC/hbirdv2/Common/Source/system_hbirdv2.o
                0x00000000800005c4                SystemInit
 .text.system_default_exception_handler
                0x00000000800005e4       0x5a ./hbird_sdk/SoC/hbirdv2/Common/Source/system_hbirdv2.o
 .text.system_default_interrupt_handler
                0x000000008000063e       0x62 ./hbird_sdk/SoC/hbirdv2/Common/Source/system_hbirdv2.o
 .text.Exception_Init
                0x00000000800006a0       0x40 ./hbird_sdk/SoC/hbirdv2/Common/Source/system_hbirdv2.o
 .text.Interrupt_Init
                0x00000000800006e0       0x70 ./hbird_sdk/SoC/hbirdv2/Common/Source/system_hbirdv2.o
 .text.core_trap_handler
                0x0000000080000750      0x106 ./hbird_sdk/SoC/hbirdv2/Common/Source/system_hbirdv2.o
                0x0000000080000750                core_trap_handler
 .text.core_exception_handler
                0x0000000080000856       0x68 ./hbird_sdk/SoC/hbirdv2/Common/Source/system_hbirdv2.o
 .text.SystemBannerPrint
                0x00000000800008be       0x5a ./hbird_sdk/SoC/hbirdv2/Common/Source/system_hbirdv2.o
                0x00000000800008be                SystemBannerPrint
 .text._premain_init
                0x0000000080000918      0x11e ./hbird_sdk/SoC/hbirdv2/Common/Source/system_hbirdv2.o
                0x0000000080000918                _premain_init
 .text._postmain_fini
                0x0000000080000a36       0x12 ./hbird_sdk/SoC/hbirdv2/Common/Source/system_hbirdv2.o
                0x0000000080000a36                _postmain_fini
 .text._init    0x0000000080000a48        0xe ./hbird_sdk/SoC/hbirdv2/Common/Source/system_hbirdv2.o
                0x0000000080000a48                _init
 .text._fini    0x0000000080000a56        0xe ./hbird_sdk/SoC/hbirdv2/Common/Source/system_hbirdv2.o
                0x0000000080000a56                _fini
 .text.main     0x0000000080000a64     0x175a ./application/main.o
                0x0000000080000a64                main
 .text          0x00000000800021be       0xd2 E:\NucleiStudio_Workspace\e203cifar10_test\hbird_sdk\NMSIS\Library\NN\GCC\libnmsis_nn_rv32imafc.a(riscv_softmax_q7.c.o)
                0x00000000800021be                riscv_softmax_q7
 .text          0x0000000080002290      0x1ce E:\NucleiStudio_Workspace\e203cifar10_test\hbird_sdk\NMSIS\Library\NN\GCC\libnmsis_nn_rv32imafc.a(riscv_convolve_HWC_q7_fast.c.o)
                0x0000000080002290                riscv_convolve_HWC_q7_fast
 .text          0x000000008000245e      0x1b0 E:\NucleiStudio_Workspace\e203cifar10_test\hbird_sdk\NMSIS\Library\NN\GCC\libnmsis_nn_rv32imafc.a(riscv_convolve_HWC_q7_RGB.c.o)
                0x000000008000245e                riscv_convolve_HWC_q7_RGB
 .text          0x000000008000260e       0x22 E:\NucleiStudio_Workspace\e203cifar10_test\hbird_sdk\NMSIS\Library\NN\GCC\libnmsis_nn_rv32imafc.a(riscv_relu_q7.c.o)
                0x000000008000260e                riscv_relu_q7
 .text          0x0000000080002630      0x30a E:\NucleiStudio_Workspace\e203cifar10_test\hbird_sdk\NMSIS\Library\NN\GCC\libnmsis_nn_rv32imafc.a(riscv_fully_connected_q7_opt.c.o)
                0x0000000080002630                riscv_fully_connected_q7_opt
 .text          0x000000008000293a      0x272 E:\NucleiStudio_Workspace\e203cifar10_test\hbird_sdk\NMSIS\Library\NN\GCC\libnmsis_nn_rv32imafc.a(riscv_pool_q7_HWC.c.o)
                0x000000008000293a                riscv_maxpool_q7_HWC
                0x0000000080002a7c                riscv_avepool_q7_HWC
 .text.__udivdi3
                0x0000000080002bac      0x360 e:/nucleistudio_ide_202212-win64/nucleistudio/toolchain/gcc/bin/../lib/gcc/riscv-nuclei-elf/10.2.0/rv32imafc/ilp32f\libgcc.a(_udivdi3.o)
                0x0000000080002bac                __udivdi3
 .text.__adddf3
                0x0000000080002f0c      0x8aa e:/nucleistudio_ide_202212-win64/nucleistudio/toolchain/gcc/bin/../lib/gcc/riscv-nuclei-elf/10.2.0/rv32imafc/ilp32f\libgcc.a(adddf3.o)
                0x0000000080002f0c                __adddf3
 .text.__divdf3
                0x00000000800037b6      0x68a e:/nucleistudio_ide_202212-win64/nucleistudio/toolchain/gcc/bin/../lib/gcc/riscv-nuclei-elf/10.2.0/rv32imafc/ilp32f\libgcc.a(divdf3.o)
                0x00000000800037b6                __divdf3
 .text.__eqdf2  0x0000000080003e40       0xa4 e:/nucleistudio_ide_202212-win64/nucleistudio/toolchain/gcc/bin/../lib/gcc/riscv-nuclei-elf/10.2.0/rv32imafc/ilp32f\libgcc.a(eqdf2.o)
                0x0000000080003e40                __nedf2
                0x0000000080003e40                __eqdf2
 .text.__ledf2  0x0000000080003ee4       0xae e:/nucleistudio_ide_202212-win64/nucleistudio/toolchain/gcc/bin/../lib/gcc/riscv-nuclei-elf/10.2.0/rv32imafc/ilp32f\libgcc.a(ledf2.o)
                0x0000000080003ee4                __ledf2
                0x0000000080003ee4                __ltdf2
 .text.__muldf3
                0x0000000080003f92      0x59c e:/nucleistudio_ide_202212-win64/nucleistudio/toolchain/gcc/bin/../lib/gcc/riscv-nuclei-elf/10.2.0/rv32imafc/ilp32f\libgcc.a(muldf3.o)
                0x0000000080003f92                __muldf3
 .text.__subdf3
                0x000000008000452e      0x8b4 e:/nucleistudio_ide_202212-win64/nucleistudio/toolchain/gcc/bin/../lib/gcc/riscv-nuclei-elf/10.2.0/rv32imafc/ilp32f\libgcc.a(subdf3.o)
                0x000000008000452e                __subdf3
 .text.__unorddf2
                0x0000000080004de2       0x7a e:/nucleistudio_ide_202212-win64/nucleistudio/toolchain/gcc/bin/../lib/gcc/riscv-nuclei-elf/10.2.0/rv32imafc/ilp32f\libgcc.a(unorddf2.o)
                0x0000000080004de2                __unorddf2
 .text.__floatsidf
                0x0000000080004e5c       0x66 e:/nucleistudio_ide_202212-win64/nucleistudio/toolchain/gcc/bin/../lib/gcc/riscv-nuclei-elf/10.2.0/rv32imafc/ilp32f\libgcc.a(floatsidf.o)
                0x0000000080004e5c                __floatsidf
 .text.__extendsfdf2
                0x0000000080004ec2       0xbe e:/nucleistudio_ide_202212-win64/nucleistudio/toolchain/gcc/bin/../lib/gcc/riscv-nuclei-elf/10.2.0/rv32imafc/ilp32f\libgcc.a(extendsfdf2.o)
                0x0000000080004ec2                __extendsfdf2
 .text.__truncdfsf2
                0x0000000080004f80      0x220 e:/nucleistudio_ide_202212-win64/nucleistudio/toolchain/gcc/bin/../lib/gcc/riscv-nuclei-elf/10.2.0/rv32imafc/ilp32f\libgcc.a(truncdfsf2.o)
                0x0000000080004f80                __truncdfsf2
 .text.__clzsi2
                0x00000000800051a0       0x3c e:/nucleistudio_ide_202212-win64/nucleistudio/toolchain/gcc/bin/../lib/gcc/riscv-nuclei-elf/10.2.0/rv32imafc/ilp32f\libgcc.a(_clzsi2.o)
                0x00000000800051a0                __clzsi2
 .text.atexit   0x00000000800051dc        0xc e:/nucleistudio_ide_202212-win64/nucleistudio/toolchain/gcc/bin/../lib/gcc/riscv-nuclei-elf/10.2.0/../../../../riscv-nuclei-elf/lib/rv32imafc/ilp32f\libg_nano.a(lib_a-atexit.o)
                0x00000000800051dc                atexit
 .text.__libc_fini_array
                0x00000000800051e8       0x36 e:/nucleistudio_ide_202212-win64/nucleistudio/toolchain/gcc/bin/../lib/gcc/riscv-nuclei-elf/10.2.0/../../../../riscv-nuclei-elf/lib/rv32imafc/ilp32f\libg_nano.a(lib_a-fini.o)
                0x00000000800051e8                __libc_fini_array
 .text.__libc_init_array
                0x000000008000521e       0x5e e:/nucleistudio_ide_202212-win64/nucleistudio/toolchain/gcc/bin/../lib/gcc/riscv-nuclei-elf/10.2.0/../../../../riscv-nuclei-elf/lib/rv32imafc/ilp32f\libg_nano.a(lib_a-init.o)
                0x000000008000521e                __libc_init_array
 .text.__cvt    0x000000008000527c       0xec e:/nucleistudio_ide_202212-win64/nucleistudio/toolchain/gcc/bin/../lib/gcc/riscv-nuclei-elf/10.2.0/../../../../riscv-nuclei-elf/lib/rv32imafc/ilp32f\libg_nano.a(lib_a-nano-vfprintf_float.o)
                0x000000008000527c                __cvt
 .text.__exponent
                0x0000000080005368       0x9c e:/nucleistudio_ide_202212-win64/nucleistudio/toolchain/gcc/bin/../lib/gcc/riscv-nuclei-elf/10.2.0/../../../../riscv-nuclei-elf/lib/rv32imafc/ilp32f\libg_nano.a(lib_a-nano-vfprintf_float.o)
                0x0000000080005368                __exponent
 .text._printf_float
                0x0000000080005404      0x4d4 e:/nucleistudio_ide_202212-win64/nucleistudio/toolchain/gcc/bin/../lib/gcc/riscv-nuclei-elf/10.2.0/../../../../riscv-nuclei-elf/lib/rv32imafc/ilp32f\libg_nano.a(lib_a-nano-vfprintf_float.o)
                0x0000000080005404                _printf_float
 .text._printf_common
                0x00000000800058d8      0x10c e:/nucleistudio_ide_202212-win64/nucleistudio/toolchain/gcc/bin/../lib/gcc/riscv-nuclei-elf/10.2.0/../../../../riscv-nuclei-elf/lib/rv32imafc/ilp32f\libg_nano.a(lib_a-nano-vfprintf_i.o)
                0x00000000800058d8                _printf_common
 .text._printf_i
                0x00000000800059e4      0x272 e:/nucleistudio_ide_202212-win64/nucleistudio/toolchain/gcc/bin/../lib/gcc/riscv-nuclei-elf/10.2.0/../../../../riscv-nuclei-elf/lib/rv32imafc/ilp32f\libg_nano.a(lib_a-nano-vfprintf_i.o)
                0x00000000800059e4                _printf_i
 .text.printf   0x0000000080005c56       0x3c e:/nucleistudio_ide_202212-win64/nucleistudio/toolchain/gcc/bin/../lib/gcc/riscv-nuclei-elf/10.2.0/../../../../riscv-nuclei-elf/lib/rv32imafc/ilp32f\libg_nano.a(lib_a-printf.o)
                0x0000000080005c56                iprintf
                0x0000000080005c56                printf
 .text._puts_r  0x0000000080005c92       0xde e:/nucleistudio_ide_202212-win64/nucleistudio/toolchain/gcc/bin/../lib/gcc/riscv-nuclei-elf/10.2.0/../../../../riscv-nuclei-elf/lib/rv32imafc/ilp32f\libg_nano.a(lib_a-puts.o)
                0x0000000080005c92                _puts_r
 .text.puts     0x0000000080005d70        0x8 e:/nucleistudio_ide_202212-win64/nucleistudio/toolchain/gcc/bin/../lib/gcc/riscv-nuclei-elf/10.2.0/../../../../riscv-nuclei-elf/lib/rv32imafc/ilp32f\libg_nano.a(lib_a-puts.o)
                0x0000000080005d70                puts
 .text.strlen   0x0000000080005d78       0x12 e:/nucleistudio_ide_202212-win64/nucleistudio/toolchain/gcc/bin/../lib/gcc/riscv-nuclei-elf/10.2.0/../../../../riscv-nuclei-elf/lib/rv32imafc/ilp32f\libg_nano.a(lib_a-strlen.o)
                0x0000000080005d78                strlen
 .text.isatty   0x0000000080005d8a        0x4 e:/nucleistudio_ide_202212-win64/nucleistudio/toolchain/gcc/bin/../lib/gcc/riscv-nuclei-elf/10.2.0/../../../../riscv-nuclei-elf/lib/rv32imafc/ilp32f\libg_nano.a(lib_a-sysisatty.o)
                0x0000000080005d8a                isatty
 .text.__swbuf_r
                0x0000000080005d8e       0xc6 e:/nucleistudio_ide_202212-win64/nucleistudio/toolchain/gcc/bin/../lib/gcc/riscv-nuclei-elf/10.2.0/../../../../riscv-nuclei-elf/lib/rv32imafc/ilp32f\libg_nano.a(lib_a-wbuf.o)
                0x0000000080005d8e                __swbuf_r
 .text.__swsetup_r
                0x0000000080005e54      0x10c e:/nucleistudio_ide_202212-win64/nucleistudio/toolchain/gcc/bin/../lib/gcc/riscv-nuclei-elf/10.2.0/../../../../riscv-nuclei-elf/lib/rv32imafc/ilp32f\libg_nano.a(lib_a-wsetup.o)
                0x0000000080005e54                __swsetup_r
 .text.__register_exitproc
                0x0000000080005f60       0x78 e:/nucleistudio_ide_202212-win64/nucleistudio/toolchain/gcc/bin/../lib/gcc/riscv-nuclei-elf/10.2.0/../../../../riscv-nuclei-elf/lib/rv32imafc/ilp32f\libg_nano.a(lib_a-__atexit.o)
                0x0000000080005f60                __register_exitproc
 .text.quorem   0x0000000080005fd8      0x12c e:/nucleistudio_ide_202212-win64/nucleistudio/toolchain/gcc/bin/../lib/gcc/riscv-nuclei-elf/10.2.0/../../../../riscv-nuclei-elf/lib/rv32imafc/ilp32f\libg_nano.a(lib_a-dtoa.o)
 .text._dtoa_r  0x0000000080006104      0xc4c e:/nucleistudio_ide_202212-win64/nucleistudio/toolchain/gcc/bin/../lib/gcc/riscv-nuclei-elf/10.2.0/../../../../riscv-nuclei-elf/lib/rv32imafc/ilp32f\libg_nano.a(lib_a-dtoa.o)
                0x0000000080006104                _dtoa_r
 .text.__sflush_r
                0x0000000080006d50      0x148 e:/nucleistudio_ide_202212-win64/nucleistudio/toolchain/gcc/bin/../lib/gcc/riscv-nuclei-elf/10.2.0/../../../../riscv-nuclei-elf/lib/rv32imafc/ilp32f\libg_nano.a(lib_a-fflush.o)
                0x0000000080006d50                __sflush_r
 .text._fflush_r
                0x0000000080006e98       0x64 e:/nucleistudio_ide_202212-win64/nucleistudio/toolchain/gcc/bin/../lib/gcc/riscv-nuclei-elf/10.2.0/../../../../riscv-nuclei-elf/lib/rv32imafc/ilp32f\libg_nano.a(lib_a-fflush.o)
                0x0000000080006e98                _fflush_r
 .text.std      0x0000000080006efc       0x68 e:/nucleistudio_ide_202212-win64/nucleistudio/toolchain/gcc/bin/../lib/gcc/riscv-nuclei-elf/10.2.0/../../../../riscv-nuclei-elf/lib/rv32imafc/ilp32f\libg_nano.a(lib_a-findfp.o)
 .text._cleanup_r
                0x0000000080006f64        0xa e:/nucleistudio_ide_202212-win64/nucleistudio/toolchain/gcc/bin/../lib/gcc/riscv-nuclei-elf/10.2.0/../../../../riscv-nuclei-elf/lib/rv32imafc/ilp32f\libg_nano.a(lib_a-findfp.o)
                0x0000000080006f64                _cleanup_r
 .text.__sfmoreglue
                0x0000000080006f6e       0x46 e:/nucleistudio_ide_202212-win64/nucleistudio/toolchain/gcc/bin/../lib/gcc/riscv-nuclei-elf/10.2.0/../../../../riscv-nuclei-elf/lib/rv32imafc/ilp32f\libg_nano.a(lib_a-findfp.o)
                0x0000000080006f6e                __sfmoreglue
 .text.__sinit  0x0000000080006fb4       0x66 e:/nucleistudio_ide_202212-win64/nucleistudio/toolchain/gcc/bin/../lib/gcc/riscv-nuclei-elf/10.2.0/../../../../riscv-nuclei-elf/lib/rv32imafc/ilp32f\libg_nano.a(lib_a-findfp.o)
                0x0000000080006fb4                __sinit
 .text.__sfp    0x000000008000701a       0x98 e:/nucleistudio_ide_202212-win64/nucleistudio/toolchain/gcc/bin/../lib/gcc/riscv-nuclei-elf/10.2.0/../../../../riscv-nuclei-elf/lib/rv32imafc/ilp32f\libg_nano.a(lib_a-findfp.o)
                0x000000008000701a                __sfp
 .text._fwalk_reent
                0x00000000800070b2       0x6a e:/nucleistudio_ide_202212-win64/nucleistudio/toolchain/gcc/bin/../lib/gcc/riscv-nuclei-elf/10.2.0/../../../../riscv-nuclei-elf/lib/rv32imafc/ilp32f\libg_nano.a(lib_a-fwalk.o)
                0x00000000800070b2                _fwalk_reent
 .text._localeconv_r
                0x000000008000711c        0xa e:/nucleistudio_ide_202212-win64/nucleistudio/toolchain/gcc/bin/../lib/gcc/riscv-nuclei-elf/10.2.0/../../../../riscv-nuclei-elf/lib/rv32imafc/ilp32f\libg_nano.a(lib_a-localeconv.o)
                0x000000008000711c                _localeconv_r
 .text.__swhatbuf_r
                0x0000000080007126       0x5c e:/nucleistudio_ide_202212-win64/nucleistudio/toolchain/gcc/bin/../lib/gcc/riscv-nuclei-elf/10.2.0/../../../../riscv-nuclei-elf/lib/rv32imafc/ilp32f\libg_nano.a(lib_a-makebuf.o)
                0x0000000080007126                __swhatbuf_r
 .text.__smakebuf_r
                0x0000000080007182       0xa0 e:/nucleistudio_ide_202212-win64/nucleistudio/toolchain/gcc/bin/../lib/gcc/riscv-nuclei-elf/10.2.0/../../../../riscv-nuclei-elf/lib/rv32imafc/ilp32f\libg_nano.a(lib_a-makebuf.o)
                0x0000000080007182                __smakebuf_r
 .text.malloc   0x0000000080007222        0xa e:/nucleistudio_ide_202212-win64/nucleistudio/toolchain/gcc/bin/../lib/gcc/riscv-nuclei-elf/10.2.0/../../../../riscv-nuclei-elf/lib/rv32imafc/ilp32f\libg_nano.a(lib_a-malloc.o)
                0x0000000080007222                malloc
 .text.memchr   0x000000008000722c       0x1a e:/nucleistudio_ide_202212-win64/nucleistudio/toolchain/gcc/bin/../lib/gcc/riscv-nuclei-elf/10.2.0/../../../../riscv-nuclei-elf/lib/rv32imafc/ilp32f\libg_nano.a(lib_a-memchr.o)
                0x000000008000722c                memchr
 .text.memcpy   0x0000000080007246       0xdc e:/nucleistudio_ide_202212-win64/nucleistudio/toolchain/gcc/bin/../lib/gcc/riscv-nuclei-elf/10.2.0/../../../../riscv-nuclei-elf/lib/rv32imafc/ilp32f\libg_nano.a(lib_a-memcpy.o)
                0x0000000080007246                memcpy
 .text          0x0000000080007322       0xa8 e:/nucleistudio_ide_202212-win64/nucleistudio/toolchain/gcc/bin/../lib/gcc/riscv-nuclei-elf/10.2.0/../../../../riscv-nuclei-elf/lib/rv32imafc/ilp32f\libg_nano.a(lib_a-memset.o)
                0x0000000080007322                memset
 .text._Balloc  0x00000000800073ca       0xac e:/nucleistudio_ide_202212-win64/nucleistudio/toolchain/gcc/bin/../lib/gcc/riscv-nuclei-elf/10.2.0/../../../../riscv-nuclei-elf/lib/rv32imafc/ilp32f\libg_nano.a(lib_a-mprec.o)
                0x00000000800073ca                _Balloc
 .text._Bfree   0x0000000080007476       0x60 e:/nucleistudio_ide_202212-win64/nucleistudio/toolchain/gcc/bin/../lib/gcc/riscv-nuclei-elf/10.2.0/../../../../riscv-nuclei-elf/lib/rv32imafc/ilp32f\libg_nano.a(lib_a-mprec.o)
                0x0000000080007476                _Bfree
 .text.__multadd
                0x00000000800074d6       0xba e:/nucleistudio_ide_202212-win64/nucleistudio/toolchain/gcc/bin/../lib/gcc/riscv-nuclei-elf/10.2.0/../../../../riscv-nuclei-elf/lib/rv32imafc/ilp32f\libg_nano.a(lib_a-mprec.o)
                0x00000000800074d6                __multadd
 .text.__hi0bits
                0x0000000080007590       0x46 e:/nucleistudio_ide_202212-win64/nucleistudio/toolchain/gcc/bin/../lib/gcc/riscv-nuclei-elf/10.2.0/../../../../riscv-nuclei-elf/lib/rv32imafc/ilp32f\libg_nano.a(lib_a-mprec.o)
                0x0000000080007590                __hi0bits
 .text.__lo0bits
                0x00000000800075d6       0x6a e:/nucleistudio_ide_202212-win64/nucleistudio/toolchain/gcc/bin/../lib/gcc/riscv-nuclei-elf/10.2.0/../../../../riscv-nuclei-elf/lib/rv32imafc/ilp32f\libg_nano.a(lib_a-mprec.o)
                0x00000000800075d6                __lo0bits
 .text.__i2b    0x0000000080007640       0x36 e:/nucleistudio_ide_202212-win64/nucleistudio/toolchain/gcc/bin/../lib/gcc/riscv-nuclei-elf/10.2.0/../../../../riscv-nuclei-elf/lib/rv32imafc/ilp32f\libg_nano.a(lib_a-mprec.o)
                0x0000000080007640                __i2b
 .text.__multiply
                0x0000000080007676      0x17e e:/nucleistudio_ide_202212-win64/nucleistudio/toolchain/gcc/bin/../lib/gcc/riscv-nuclei-elf/10.2.0/../../../../riscv-nuclei-elf/lib/rv32imafc/ilp32f\libg_nano.a(lib_a-mprec.o)
                0x0000000080007676                __multiply
 .text.__pow5mult
                0x00000000800077f4       0xd2 e:/nucleistudio_ide_202212-win64/nucleistudio/toolchain/gcc/bin/../lib/gcc/riscv-nuclei-elf/10.2.0/../../../../riscv-nuclei-elf/lib/rv32imafc/ilp32f\libg_nano.a(lib_a-mprec.o)
                0x00000000800077f4                __pow5mult
 .text.__lshift
                0x00000000800078c6      0x104 e:/nucleistudio_ide_202212-win64/nucleistudio/toolchain/gcc/bin/../lib/gcc/riscv-nuclei-elf/10.2.0/../../../../riscv-nuclei-elf/lib/rv32imafc/ilp32f\libg_nano.a(lib_a-mprec.o)
                0x00000000800078c6                __lshift
 .text.__mcmp   0x00000000800079ca       0x36 e:/nucleistudio_ide_202212-win64/nucleistudio/toolchain/gcc/bin/../lib/gcc/riscv-nuclei-elf/10.2.0/../../../../riscv-nuclei-elf/lib/rv32imafc/ilp32f\libg_nano.a(lib_a-mprec.o)
                0x00000000800079ca                __mcmp
 .text.__mdiff  0x0000000080007a00      0x15c e:/nucleistudio_ide_202212-win64/nucleistudio/toolchain/gcc/bin/../lib/gcc/riscv-nuclei-elf/10.2.0/../../../../riscv-nuclei-elf/lib/rv32imafc/ilp32f\libg_nano.a(lib_a-mprec.o)
                0x0000000080007a00                __mdiff
 .text.__d2b    0x0000000080007b5c       0xee e:/nucleistudio_ide_202212-win64/nucleistudio/toolchain/gcc/bin/../lib/gcc/riscv-nuclei-elf/10.2.0/../../../../riscv-nuclei-elf/lib/rv32imafc/ilp32f\libg_nano.a(lib_a-mprec.o)
                0x0000000080007b5c                __d2b
 .text._calloc_r
                0x0000000080007c4a       0x36 e:/nucleistudio_ide_202212-win64/nucleistudio/toolchain/gcc/bin/../lib/gcc/riscv-nuclei-elf/10.2.0/../../../../riscv-nuclei-elf/lib/rv32imafc/ilp32f\libg_nano.a(lib_a-nano-callocr.o)
                0x0000000080007c4a                _calloc_r
 .text._free_r  0x0000000080007c80       0x9e e:/nucleistudio_ide_202212-win64/nucleistudio/toolchain/gcc/bin/../lib/gcc/riscv-nuclei-elf/10.2.0/../../../../riscv-nuclei-elf/lib/rv32imafc/ilp32f\libg_nano.a(lib_a-nano-freer.o)
                0x0000000080007c80                _free_r
 .text._malloc_r
                0x0000000080007d1e       0xd0 e:/nucleistudio_ide_202212-win64/nucleistudio/toolchain/gcc/bin/../lib/gcc/riscv-nuclei-elf/10.2.0/../../../../riscv-nuclei-elf/lib/rv32imafc/ilp32f\libg_nano.a(lib_a-nano-mallocr.o)
                0x0000000080007d1e                _malloc_r
 .text.__sfputc_r
                0x0000000080007dee       0x2a e:/nucleistudio_ide_202212-win64/nucleistudio/toolchain/gcc/bin/../lib/gcc/riscv-nuclei-elf/10.2.0/../../../../riscv-nuclei-elf/lib/rv32imafc/ilp32f\libg_nano.a(lib_a-nano-vfprintf.o)
 .text.__sfputs_r
                0x0000000080007e18       0x42 e:/nucleistudio_ide_202212-win64/nucleistudio/toolchain/gcc/bin/../lib/gcc/riscv-nuclei-elf/10.2.0/../../../../riscv-nuclei-elf/lib/rv32imafc/ilp32f\libg_nano.a(lib_a-nano-vfprintf.o)
                0x0000000080007e18                __sfputs_r
 .text._vfprintf_r
                0x0000000080007e5a      0x29e e:/nucleistudio_ide_202212-win64/nucleistudio/toolchain/gcc/bin/../lib/gcc/riscv-nuclei-elf/10.2.0/../../../../riscv-nuclei-elf/lib/rv32imafc/ilp32f\libg_nano.a(lib_a-nano-vfprintf.o)
                0x0000000080007e5a                _vfprintf_r
                0x0000000080007e5a                _vfiprintf_r
 .text._sbrk_r  0x00000000800080f8       0x28 e:/nucleistudio_ide_202212-win64/nucleistudio/toolchain/gcc/bin/../lib/gcc/riscv-nuclei-elf/10.2.0/../../../../riscv-nuclei-elf/lib/rv32imafc/ilp32f\libg_nano.a(lib_a-sbrkr.o)
                0x00000000800080f8                _sbrk_r
 .text.__sread  0x0000000080008120       0x30 e:/nucleistudio_ide_202212-win64/nucleistudio/toolchain/gcc/bin/../lib/gcc/riscv-nuclei-elf/10.2.0/../../../../riscv-nuclei-elf/lib/rv32imafc/ilp32f\libg_nano.a(lib_a-stdio.o)
                0x0000000080008120                __sread
 .text.__swrite
                0x0000000080008150       0x4e e:/nucleistudio_ide_202212-win64/nucleistudio/toolchain/gcc/bin/../lib/gcc/riscv-nuclei-elf/10.2.0/../../../../riscv-nuclei-elf/lib/rv32imafc/ilp32f\libg_nano.a(lib_a-stdio.o)
                0x0000000080008150                __swrite
 .text.__sseek  0x000000008000819e       0x36 e:/nucleistudio_ide_202212-win64/nucleistudio/toolchain/gcc/bin/../lib/gcc/riscv-nuclei-elf/10.2.0/../../../../riscv-nuclei-elf/lib/rv32imafc/ilp32f\libg_nano.a(lib_a-stdio.o)
                0x000000008000819e                __sseek
 .text.__sclose
                0x00000000800081d4        0x6 e:/nucleistudio_ide_202212-win64/nucleistudio/toolchain/gcc/bin/../lib/gcc/riscv-nuclei-elf/10.2.0/../../../../riscv-nuclei-elf/lib/rv32imafc/ilp32f\libg_nano.a(lib_a-stdio.o)
                0x00000000800081d4                __sclose
 .text._write_r
                0x00000000800081da       0x2c e:/nucleistudio_ide_202212-win64/nucleistudio/toolchain/gcc/bin/../lib/gcc/riscv-nuclei-elf/10.2.0/../../../../riscv-nuclei-elf/lib/rv32imafc/ilp32f\libg_nano.a(lib_a-writer.o)
                0x00000000800081da                _write_r
 .text.__assert_func
                0x0000000080008206       0x36 e:/nucleistudio_ide_202212-win64/nucleistudio/toolchain/gcc/bin/../lib/gcc/riscv-nuclei-elf/10.2.0/../../../../riscv-nuclei-elf/lib/rv32imafc/ilp32f\libg_nano.a(lib_a-assert.o)
                0x0000000080008206                __assert_func
 .text._close_r
                0x000000008000823c       0x28 e:/nucleistudio_ide_202212-win64/nucleistudio/toolchain/gcc/bin/../lib/gcc/riscv-nuclei-elf/10.2.0/../../../../riscv-nuclei-elf/lib/rv32imafc/ilp32f\libg_nano.a(lib_a-closer.o)
                0x000000008000823c                _close_r
 .text.fprintf  0x0000000080008264       0x26 e:/nucleistudio_ide_202212-win64/nucleistudio/toolchain/gcc/bin/../lib/gcc/riscv-nuclei-elf/10.2.0/../../../../riscv-nuclei-elf/lib/rv32imafc/ilp32f\libg_nano.a(lib_a-fprintf.o)
                0x0000000080008264                fiprintf
                0x0000000080008264                fprintf
 .text._fstat_r
                0x000000008000828a       0x2a e:/nucleistudio_ide_202212-win64/nucleistudio/toolchain/gcc/bin/../lib/gcc/riscv-nuclei-elf/10.2.0/../../../../riscv-nuclei-elf/lib/rv32imafc/ilp32f\libg_nano.a(lib_a-fstatr.o)
                0x000000008000828a                _fstat_r
 .text._isatty_r
                0x00000000800082b4       0x28 e:/nucleistudio_ide_202212-win64/nucleistudio/toolchain/gcc/bin/../lib/gcc/riscv-nuclei-elf/10.2.0/../../../../riscv-nuclei-elf/lib/rv32imafc/ilp32f\libg_nano.a(lib_a-isattyr.o)
                0x00000000800082b4                _isatty_r
 .text._lseek_r
                0x00000000800082dc       0x2c e:/nucleistudio_ide_202212-win64/nucleistudio/toolchain/gcc/bin/../lib/gcc/riscv-nuclei-elf/10.2.0/../../../../riscv-nuclei-elf/lib/rv32imafc/ilp32f\libg_nano.a(lib_a-lseekr.o)
                0x00000000800082dc                _lseek_r
 .text.__ascii_mbtowc
                0x0000000080008308       0x3a e:/nucleistudio_ide_202212-win64/nucleistudio/toolchain/gcc/bin/../lib/gcc/riscv-nuclei-elf/10.2.0/../../../../riscv-nuclei-elf/lib/rv32imafc/ilp32f\libg_nano.a(lib_a-mbtowc_r.o)
                0x0000000080008308                __ascii_mbtowc
 .text.__malloc_lock
                0x0000000080008342        0x2 e:/nucleistudio_ide_202212-win64/nucleistudio/toolchain/gcc/bin/../lib/gcc/riscv-nuclei-elf/10.2.0/../../../../riscv-nuclei-elf/lib/rv32imafc/ilp32f\libg_nano.a(lib_a-mlock.o)
                0x0000000080008342                __malloc_lock
 .text.__malloc_unlock
                0x0000000080008344        0x2 e:/nucleistudio_ide_202212-win64/nucleistudio/toolchain/gcc/bin/../lib/gcc/riscv-nuclei-elf/10.2.0/../../../../riscv-nuclei-elf/lib/rv32imafc/ilp32f\libg_nano.a(lib_a-mlock.o)
                0x0000000080008344                __malloc_unlock
 .text._read_r  0x0000000080008346       0x2c e:/nucleistudio_ide_202212-win64/nucleistudio/toolchain/gcc/bin/../lib/gcc/riscv-nuclei-elf/10.2.0/../../../../riscv-nuclei-elf/lib/rv32imafc/ilp32f\libg_nano.a(lib_a-readr.o)
                0x0000000080008346                _read_r
 .text.__ascii_wctomb
                0x0000000080008372       0x20 e:/nucleistudio_ide_202212-win64/nucleistudio/toolchain/gcc/bin/../lib/gcc/riscv-nuclei-elf/10.2.0/../../../../riscv-nuclei-elf/lib/rv32imafc/ilp32f\libg_nano.a(lib_a-wctomb_r.o)
                0x0000000080008372                __ascii_wctomb
 .text.abort    0x0000000080008392        0xe e:/nucleistudio_ide_202212-win64/nucleistudio/toolchain/gcc/bin/../lib/gcc/riscv-nuclei-elf/10.2.0/../../../../riscv-nuclei-elf/lib/rv32imafc/ilp32f\libg_nano.a(lib_a-abort.o)
                0x0000000080008392                abort
 .text._raise_r
                0x00000000800083a0       0x62 e:/nucleistudio_ide_202212-win64/nucleistudio/toolchain/gcc/bin/../lib/gcc/riscv-nuclei-elf/10.2.0/../../../../riscv-nuclei-elf/lib/rv32imafc/ilp32f\libg_nano.a(lib_a-signal.o)
                0x00000000800083a0                _raise_r
 .text.raise    0x0000000080008402        0x8 e:/nucleistudio_ide_202212-win64/nucleistudio/toolchain/gcc/bin/../lib/gcc/riscv-nuclei-elf/10.2.0/../../../../riscv-nuclei-elf/lib/rv32imafc/ilp32f\libg_nano.a(lib_a-signal.o)
                0x0000000080008402                raise
 .text._kill_r  0x000000008000840a       0x2a e:/nucleistudio_ide_202212-win64/nucleistudio/toolchain/gcc/bin/../lib/gcc/riscv-nuclei-elf/10.2.0/../../../../riscv-nuclei-elf/lib/rv32imafc/ilp32f\libg_nano.a(lib_a-signalr.o)
                0x000000008000840a                _kill_r
 .text._getpid_r
                0x0000000080008434        0x4 e:/nucleistudio_ide_202212-win64/nucleistudio/toolchain/gcc/bin/../lib/gcc/riscv-nuclei-elf/10.2.0/../../../../riscv-nuclei-elf/lib/rv32imafc/ilp32f\libg_nano.a(lib_a-signalr.o)
                0x0000000080008434                _getpid_r
 .text.__gedf2  0x0000000080008438       0xae e:/nucleistudio_ide_202212-win64/nucleistudio/toolchain/gcc/bin/../lib/gcc/riscv-nuclei-elf/10.2.0/rv32imafc/ilp32f\libgcc.a(gedf2.o)
                0x0000000080008438                __gedf2
                0x0000000080008438                __gtdf2
 .text.__fixdfsi
                0x00000000800084e6       0xc4 e:/nucleistudio_ide_202212-win64/nucleistudio/toolchain/gcc/bin/../lib/gcc/riscv-nuclei-elf/10.2.0/rv32imafc/ilp32f\libgcc.a(fixdfsi.o)
                0x00000000800084e6                __fixdfsi
 .text.__floatunsidf
                0x00000000800085aa       0x50 e:/nucleistudio_ide_202212-win64/nucleistudio/toolchain/gcc/bin/../lib/gcc/riscv-nuclei-elf/10.2.0/rv32imafc/ilp32f\libgcc.a(floatunsidf.o)
                0x00000000800085aa                __floatunsidf
 .text.__trunctfdf2
                0x00000000800085fa      0x384 e:/nucleistudio_ide_202212-win64/nucleistudio/toolchain/gcc/bin/../lib/gcc/riscv-nuclei-elf/10.2.0/rv32imafc/ilp32f\libgcc.a(trunctfdf2.o)
                0x00000000800085fa                __trunctfdf2
 *(.gnu.linkonce.t.*)

.rodata         0x0000000080008980      0x7d4
                0x0000000080008980                . = ALIGN (0x4)
 *(.rdata)
 *(.rodata .rodata.*)
 .rodata        0x0000000080008980       0xc7 ./hbird_sdk/SoC/hbirdv2/Common/Source/system_hbirdv2.o
 *fill*         0x0000000080008a47        0x1 
 .rodata        0x0000000080008a48      0x158 ./application/main.o
 .rodata.__divdf3
                0x0000000080008ba0       0x3c e:/nucleistudio_ide_202212-win64/nucleistudio/toolchain/gcc/bin/../lib/gcc/riscv-nuclei-elf/10.2.0/rv32imafc/ilp32f\libgcc.a(divdf3.o)
 .rodata.__muldf3
                0x0000000080008bdc       0x3c e:/nucleistudio_ide_202212-win64/nucleistudio/toolchain/gcc/bin/../lib/gcc/riscv-nuclei-elf/10.2.0/rv32imafc/ilp32f\libgcc.a(muldf3.o)
 .rodata.__clz_tab
                0x0000000080008c18      0x100 e:/nucleistudio_ide_202212-win64/nucleistudio/toolchain/gcc/bin/../lib/gcc/riscv-nuclei-elf/10.2.0/rv32imafc/ilp32f\libgcc.a(_clz.o)
                0x0000000080008c18                __clz_tab
 .rodata._printf_float.str1.4
                0x0000000080008d18       0x12 e:/nucleistudio_ide_202212-win64/nucleistudio/toolchain/gcc/bin/../lib/gcc/riscv-nuclei-elf/10.2.0/../../../../riscv-nuclei-elf/lib/rv32imafc/ilp32f\libg_nano.a(lib_a-nano-vfprintf_float.o)
 *fill*         0x0000000080008d2a        0x2 
 .rodata._printf_i.str1.4
                0x0000000080008d2c       0x25 e:/nucleistudio_ide_202212-win64/nucleistudio/toolchain/gcc/bin/../lib/gcc/riscv-nuclei-elf/10.2.0/../../../../riscv-nuclei-elf/lib/rv32imafc/ilp32f\libg_nano.a(lib_a-nano-vfprintf_i.o)
 *fill*         0x0000000080008d51        0x3 
 .rodata._printf_i
                0x0000000080008d54       0x58 e:/nucleistudio_ide_202212-win64/nucleistudio/toolchain/gcc/bin/../lib/gcc/riscv-nuclei-elf/10.2.0/../../../../riscv-nuclei-elf/lib/rv32imafc/ilp32f\libg_nano.a(lib_a-nano-vfprintf_i.o)
 .rodata._dtoa_r.str1.4
                0x0000000080008dac       0x8d e:/nucleistudio_ide_202212-win64/nucleistudio/toolchain/gcc/bin/../lib/gcc/riscv-nuclei-elf/10.2.0/../../../../riscv-nuclei-elf/lib/rv32imafc/ilp32f\libg_nano.a(lib_a-dtoa.o)
                                         0x91 (size before relaxing)
 *fill*         0x0000000080008e39        0x3 
 .rodata.__sf_fake_stderr
                0x0000000080008e3c       0x20 e:/nucleistudio_ide_202212-win64/nucleistudio/toolchain/gcc/bin/../lib/gcc/riscv-nuclei-elf/10.2.0/../../../../riscv-nuclei-elf/lib/rv32imafc/ilp32f\libg_nano.a(lib_a-findfp.o)
                0x0000000080008e3c                __sf_fake_stderr
 .rodata.__sf_fake_stdin
                0x0000000080008e5c       0x20 e:/nucleistudio_ide_202212-win64/nucleistudio/toolchain/gcc/bin/../lib/gcc/riscv-nuclei-elf/10.2.0/../../../../riscv-nuclei-elf/lib/rv32imafc/ilp32f\libg_nano.a(lib_a-findfp.o)
                0x0000000080008e5c                __sf_fake_stdin
 .rodata.__sf_fake_stdout
                0x0000000080008e7c       0x20 e:/nucleistudio_ide_202212-win64/nucleistudio/toolchain/gcc/bin/../lib/gcc/riscv-nuclei-elf/10.2.0/../../../../riscv-nuclei-elf/lib/rv32imafc/ilp32f\libg_nano.a(lib_a-findfp.o)
                0x0000000080008e7c                __sf_fake_stdout
 .rodata._Balloc.str1.4
                0x0000000080008e9c       0x53 e:/nucleistudio_ide_202212-win64/nucleistudio/toolchain/gcc/bin/../lib/gcc/riscv-nuclei-elf/10.2.0/../../../../riscv-nuclei-elf/lib/rv32imafc/ilp32f\libg_nano.a(lib_a-mprec.o)
                                         0x6b (size before relaxing)
 .rodata.__multadd.str1.4
                0x0000000080008eef       0x11 e:/nucleistudio_ide_202212-win64/nucleistudio/toolchain/gcc/bin/../lib/gcc/riscv-nuclei-elf/10.2.0/../../../../riscv-nuclei-elf/lib/rv32imafc/ilp32f\libg_nano.a(lib_a-mprec.o)
 *fill*         0x0000000080008eef        0x1 
 .rodata.__mprec_bigtens
                0x0000000080008ef0       0x28 e:/nucleistudio_ide_202212-win64/nucleistudio/toolchain/gcc/bin/../lib/gcc/riscv-nuclei-elf/10.2.0/../../../../riscv-nuclei-elf/lib/rv32imafc/ilp32f\libg_nano.a(lib_a-mprec.o)
                0x0000000080008ef0                __mprec_bigtens
 .rodata.__mprec_tens
                0x0000000080008f18       0xc8 e:/nucleistudio_ide_202212-win64/nucleistudio/toolchain/gcc/bin/../lib/gcc/riscv-nuclei-elf/10.2.0/../../../../riscv-nuclei-elf/lib/rv32imafc/ilp32f\libg_nano.a(lib_a-mprec.o)
                0x0000000080008f18                __mprec_tens
 .rodata.p05.0  0x0000000080008fe0        0xc e:/nucleistudio_ide_202212-win64/nucleistudio/toolchain/gcc/bin/../lib/gcc/riscv-nuclei-elf/10.2.0/../../../../riscv-nuclei-elf/lib/rv32imafc/ilp32f\libg_nano.a(lib_a-mprec.o)
 .rodata._vfprintf_r.str1.4
                0x0000000080008fec       0x13 e:/nucleistudio_ide_202212-win64/nucleistudio/toolchain/gcc/bin/../lib/gcc/riscv-nuclei-elf/10.2.0/../../../../riscv-nuclei-elf/lib/rv32imafc/ilp32f\libg_nano.a(lib_a-nano-vfprintf.o)
 *fill*         0x0000000080008fff        0x1 
 .rodata.__assert_func.str1.4
                0x0000000080009000       0x3f e:/nucleistudio_ide_202212-win64/nucleistudio/toolchain/gcc/bin/../lib/gcc/riscv-nuclei-elf/10.2.0/../../../../riscv-nuclei-elf/lib/rv32imafc/ilp32f\libg_nano.a(lib_a-assert.o)
                                         0x43 (size before relaxing)
 *fill*         0x000000008000903f        0x1 
 .rodata._setlocale_r.str1.4
                0x0000000080009040        0xa e:/nucleistudio_ide_202212-win64/nucleistudio/toolchain/gcc/bin/../lib/gcc/riscv-nuclei-elf/10.2.0/../../../../riscv-nuclei-elf/lib/rv32imafc/ilp32f\libg_nano.a(lib_a-locale.o)
                                          0xd (size before relaxing)
 *fill*         0x000000008000904a        0x2 
 .rodata.str1.4
                0x000000008000904c        0x2 e:/nucleistudio_ide_202212-win64/nucleistudio/toolchain/gcc/bin/../lib/gcc/riscv-nuclei-elf/10.2.0/../../../../riscv-nuclei-elf/lib/rv32imafc/ilp32f\libg_nano.a(lib_a-locale.o)
 *fill*         0x000000008000904e        0x2 
 .rodata._ctype_
                0x0000000080009050      0x101 e:/nucleistudio_ide_202212-win64/nucleistudio/toolchain/gcc/bin/../lib/gcc/riscv-nuclei-elf/10.2.0/../../../../riscv-nuclei-elf/lib/rv32imafc/ilp32f\libg_nano.a(lib_a-ctype_.o)
                0x0000000080009050                _ctype_
                0x0000000080009154                . = ALIGN (0x4)
 *fill*         0x0000000080009151        0x3 
                0x0000000080009154                __rt_init_start = .
 *(SORT_BY_NAME(.rti_fn*))
                0x0000000080009154                __rt_init_end = .
                0x0000000080009154                . = ALIGN (0x4)
                0x0000000080009154                __fsymtab_start = .
 *(FSymTab)
                0x0000000080009154                __fsymtab_end = .
                0x0000000080009154                . = ALIGN (0x4)
                0x0000000080009154                __vsymtab_start = .
 *(VSymTab)
                0x0000000080009154                __vsymtab_end = .
 *(.gnu.linkonce.r.*)

.rela.dyn       0x0000000080009154        0x0
 .rela.sdata.curbrk.0
                0x0000000080009154        0x0 ./hbird_sdk/SoC/hbirdv2/Common/Source/Stubs/close.o
 .rela.text._sbrk
                0x0000000080009154        0x0 ./hbird_sdk/SoC/hbirdv2/Common/Source/Stubs/close.o
 .rela.init     0x0000000080009154        0x0 ./hbird_sdk/SoC/hbirdv2/Common/Source/Stubs/close.o
 .rela.text.__libc_fini_array
                0x0000000080009154        0x0 ./hbird_sdk/SoC/hbirdv2/Common/Source/Stubs/close.o
 .rela.text.__libc_init_array
                0x0000000080009154        0x0 ./hbird_sdk/SoC/hbirdv2/Common/Source/Stubs/close.o
 .rela.text.__register_exitproc
                0x0000000080009154        0x0 ./hbird_sdk/SoC/hbirdv2/Common/Source/Stubs/close.o
 .rela.text._vfprintf_r
                0x0000000080009154        0x0 ./hbird_sdk/SoC/hbirdv2/Common/Source/Stubs/close.o

.fini
 *(SORT_NONE(.fini))
                0x0000000080009154                . = ALIGN (0x4)
                [!provide]                        PROVIDE (__etext = .)
                [!provide]                        PROVIDE (_etext = .)
                [!provide]                        PROVIDE (etext = .)
                0x0000000080009154                PROVIDE (_eilm = .)

.preinit_array  0x0000000080009154        0x0
                0x0000000080009154                PROVIDE (__preinit_array_start = .)
 *(.preinit_array)
                0x0000000080009154                PROVIDE (__preinit_array_end = .)

.init_array     0x0000000080009154        0x0
                0x0000000080009154                PROVIDE (__init_array_start = .)
 *(SORT_BY_INIT_PRIORITY(.init_array.*) SORT_BY_INIT_PRIORITY(.ctors.*))
 *(.init_array EXCLUDE_FILE(*crtend?.o *crtend.o *crtbegin?.o *crtbegin.o) .ctors)
                0x0000000080009154                PROVIDE (__init_array_end = .)

.fini_array     0x0000000080009154        0x0
                0x0000000080009154                PROVIDE (__fini_array_start = .)
 *(SORT_BY_INIT_PRIORITY(.fini_array.*) SORT_BY_INIT_PRIORITY(.dtors.*))
 *(.fini_array EXCLUDE_FILE(*crtend?.o *crtend.o *crtbegin?.o *crtbegin.o) .dtors)
                0x0000000080009154                PROVIDE (__fini_array_end = .)

.ctors
 *crtbegin.o(.ctors)
 *crtbegin?.o(.ctors)
 *(EXCLUDE_FILE(*crtend?.o *crtend.o) .ctors)
 *(SORT_BY_NAME(.ctors.*))
 *(.ctors)

.dtors
 *crtbegin.o(.dtors)
 *crtbegin?.o(.dtors)
 *(EXCLUDE_FILE(*crtend?.o *crtend.o) .dtors)
 *(SORT_BY_NAME(.dtors.*))
 *(.dtors)

.lalign         0x0000000080009154        0x0
                0x0000000080009154                . = ALIGN (0x4)
                0x0000000080009154                PROVIDE (_data_lma = .)

.dalign         0x0000000090000000        0x0 load address 0x0000000080009154
                0x0000000090000000                . = ALIGN (0x4)
                0x0000000090000000                PROVIDE (_data = .)

.data           0x0000000090000000     0x9014 load address 0x0000000080009154
 *(.data .data.*)
 .data.conv1_wt
                0x0000000090000000      0x960 ./application/main.o
 .data.conv1_bias
                0x0000000090000960       0x20 ./application/main.o
 .data.conv2_wt
                0x0000000090000980     0x3200 ./application/main.o
 .data.conv2_bias
                0x0000000090003b80       0x10 ./application/main.o
 .data.conv3_wt
                0x0000000090003b90     0x3200 ./application/main.o
 .data.conv3_bias
                0x0000000090006d90       0x20 ./application/main.o
 .data.ip1_wt   0x0000000090006db0     0x1400 ./application/main.o
 .data.ip1_bias
                0x00000000900081b0        0xa ./application/main.o
 *fill*         0x00000000900081ba        0x2 
 .data.image_data
                0x00000000900081bc      0xc00 ./application/main.o
 .data.cifar10_label
                0x0000000090008dbc       0x28 ./application/main.o
                0x0000000090008dbc                cifar10_label
 .data.impure_data
                0x0000000090008de4       0x60 e:/nucleistudio_ide_202212-win64/nucleistudio/toolchain/gcc/bin/../lib/gcc/riscv-nuclei-elf/10.2.0/../../../../riscv-nuclei-elf/lib/rv32imafc/ilp32f\libg_nano.a(lib_a-impure.o)
 .data.__global_locale
                0x0000000090008e44      0x16c e:/nucleistudio_ide_202212-win64/nucleistudio/toolchain/gcc/bin/../lib/gcc/riscv-nuclei-elf/10.2.0/../../../../riscv-nuclei-elf/lib/rv32imafc/ilp32f\libg_nano.a(lib_a-locale.o)
                0x0000000090008e44                __global_locale
 *(.gnu.linkonce.d.*)
                0x0000000090008fb0                . = ALIGN (0x8)
                0x00000000900097b0                PROVIDE (__global_pointer$ = (. + 0x800))
 *(.sdata .sdata.* .sdata*)
 .sdata.curbrk.0
                0x0000000090008fb0        0x4 ./hbird_sdk/SoC/hbirdv2/Common/Source/Stubs/sbrk.o
 .sdata.SystemCoreClock
                0x0000000090008fb4        0x4 ./hbird_sdk/SoC/hbirdv2/Common/Source/system_hbirdv2.o
                0x0000000090008fb4                SystemCoreClock
 .sdata.image_name
                0x0000000090008fb8        0x4 ./application/main.o
                0x0000000090008fb8                image_name
 .sdata._impure_ptr
                0x0000000090008fbc        0x4 e:/nucleistudio_ide_202212-win64/nucleistudio/toolchain/gcc/bin/../lib/gcc/riscv-nuclei-elf/10.2.0/../../../../riscv-nuclei-elf/lib/rv32imafc/ilp32f\libg_nano.a(lib_a-impure.o)
                0x0000000090008fbc                _impure_ptr
 *(.gnu.linkonce.s.*)
                0x0000000090008fc0                . = ALIGN (0x8)
 *(.srodata.cst16)
 *(.srodata.cst8)
 .srodata.cst8  0x0000000090008fc0        0x8 e:/nucleistudio_ide_202212-win64/nucleistudio/toolchain/gcc/bin/../lib/gcc/riscv-nuclei-elf/10.2.0/../../../../riscv-nuclei-elf/lib/rv32imafc/ilp32f\libg_nano.a(lib_a-nano-vfprintf_float.o)
 .srodata.cst8  0x0000000090008fc8       0x48 e:/nucleistudio_ide_202212-win64/nucleistudio/toolchain/gcc/bin/../lib/gcc/riscv-nuclei-elf/10.2.0/../../../../riscv-nuclei-elf/lib/rv32imafc/ilp32f\libg_nano.a(lib_a-dtoa.o)
 *(.srodata.cst4)
 *(.srodata.cst2)
 *(.srodata .srodata.*)
 .srodata._global_impure_ptr
                0x0000000090009010        0x4 e:/nucleistudio_ide_202212-win64/nucleistudio/toolchain/gcc/bin/../lib/gcc/riscv-nuclei-elf/10.2.0/../../../../riscv-nuclei-elf/lib/rv32imafc/ilp32f\libg_nano.a(lib_a-impure.o)
                0x0000000090009010                _global_impure_ptr
                0x0000000090009014                . = ALIGN (0x4)
                0x0000000090009014                PROVIDE (_edata = .)
                [!provide]                        PROVIDE (edata = .)
                [!provide]                        PROVIDE (_fbss = .)
                0x0000000090009014                PROVIDE (__bss_start = .)

.bss            0x0000000090009018     0xaddc
 *(.sbss*)
 .sbss.start_cycle
                0x0000000090009018        0x8 ./application/main.o
 .sbss.end_cycle
                0x0000000090009020        0x8 ./application/main.o
 .sbss.cycle    0x0000000090009028        0x8 ./application/main.o
 .sbss.bench_ercd
                0x0000000090009030        0x4 ./application/main.o
 .sbss.errno    0x0000000090009034        0x4 e:/nucleistudio_ide_202212-win64/nucleistudio/toolchain/gcc/bin/../lib/gcc/riscv-nuclei-elf/10.2.0/../../../../riscv-nuclei-elf/lib/rv32imafc/ilp32f\libg_nano.a(lib_a-reent.o)
                0x0000000090009034                errno
 .sbss._global_atexit
                0x0000000090009038        0x4 e:/nucleistudio_ide_202212-win64/nucleistudio/toolchain/gcc/bin/../lib/gcc/riscv-nuclei-elf/10.2.0/../../../../riscv-nuclei-elf/lib/rv32imafc/ilp32f\libg_nano.a(lib_a-__call_atexit.o)
                0x0000000090009038                _global_atexit
 .sbss.__malloc_free_list
                0x000000009000903c        0x4 e:/nucleistudio_ide_202212-win64/nucleistudio/toolchain/gcc/bin/../lib/gcc/riscv-nuclei-elf/10.2.0/../../../../riscv-nuclei-elf/lib/rv32imafc/ilp32f\libg_nano.a(lib_a-nano-mallocr.o)
                0x000000009000903c                __malloc_free_list
 .sbss.__malloc_sbrk_start
                0x0000000090009040        0x4 e:/nucleistudio_ide_202212-win64/nucleistudio/toolchain/gcc/bin/../lib/gcc/riscv-nuclei-elf/10.2.0/../../../../riscv-nuclei-elf/lib/rv32imafc/ilp32f\libg_nano.a(lib_a-nano-mallocr.o)
                0x0000000090009040                __malloc_sbrk_start
 *(.gnu.linkonce.sb.*)
 *(.bss .bss.*)
 .bss.SystemExceptionHandlers
                0x0000000090009044       0x2c ./hbird_sdk/SoC/hbirdv2/Common/Source/system_hbirdv2.o
 .bss.SystemExtInterruptHandlers
                0x0000000090009070       0x44 ./hbird_sdk/SoC/hbirdv2/Common/Source/system_hbirdv2.o
 .bss.SystemCoreInterruptHandlers
                0x00000000900090b4       0x28 ./hbird_sdk/SoC/hbirdv2/Common/Source/system_hbirdv2.o
 .bss.output_data
                0x00000000900090dc        0xa ./application/main.o
                0x00000000900090dc                output_data
 *fill*         0x00000000900090e6        0x2 
 .bss.col_buffer
                0x00000000900090e8      0xc80 ./application/main.o
                0x00000000900090e8                col_buffer
 .bss.scratch_buffer
                0x0000000090009d68     0xa000 ./application/main.o
                0x0000000090009d68                scratch_buffer
 .bss._global_atexit0
                0x0000000090013d68       0x8c e:/nucleistudio_ide_202212-win64/nucleistudio/toolchain/gcc/bin/../lib/gcc/riscv-nuclei-elf/10.2.0/../../../../riscv-nuclei-elf/lib/rv32imafc/ilp32f\libg_nano.a(lib_a-__atexit.o)
 *(.gnu.linkonce.b.*)
 *(COMMON)
                0x0000000090013df4                . = ALIGN (0x4)
                0x0000000090013df8                . = ALIGN (0x8)
                0x0000000090013df8                PROVIDE (_end = .)
                [!provide]                        PROVIDE (end = .)

.stack          0x000000009003f800      0x800 load address 0x0000000090013df4
                0x000000009003f800                PROVIDE (_heap_end = .)
                0x0000000000000800                . = __stack_size
 *fill*         0x000000009003f800      0x800 
                0x0000000090040000                PROVIDE (_sp = .)
OUTPUT(e203cifar10_test.elf elf32-littleriscv)

.debug_info     0x0000000000000000     0x785e
 .debug_info    0x0000000000000000       0xab ./hbird_sdk/SoC/hbirdv2/Common/Source/Stubs/close.o
 .debug_info    0x00000000000000ab       0xb2 ./hbird_sdk/SoC/hbirdv2/Common/Source/Stubs/exit.o
 .debug_info    0x000000000000015d      0x2c8 ./hbird_sdk/SoC/hbirdv2/Common/Source/Stubs/fstat.o
 .debug_info    0x0000000000000425       0x90 ./hbird_sdk/SoC/hbirdv2/Common/Source/Stubs/getpid.o
 .debug_info    0x00000000000004b5       0x9f ./hbird_sdk/SoC/hbirdv2/Common/Source/Stubs/isatty.o
 .debug_info    0x0000000000000554       0xbb ./hbird_sdk/SoC/hbirdv2/Common/Source/Stubs/kill.o
 .debug_info    0x000000000000060f       0xbe ./hbird_sdk/SoC/hbirdv2/Common/Source/Stubs/lseek.o
 .debug_info    0x00000000000006cd      0x21d ./hbird_sdk/SoC/hbirdv2/Common/Source/Stubs/read.o
 .debug_info    0x00000000000008ea       0xe9 ./hbird_sdk/SoC/hbirdv2/Common/Source/Stubs/sbrk.o
 .debug_info    0x00000000000009d3      0x23e ./hbird_sdk/SoC/hbirdv2/Common/Source/Stubs/write.o
 .debug_info    0x0000000000000c11       0x26 ./hbird_sdk/SoC/hbirdv2/Common/Source/GCC/intexc_hbirdv2.o
 .debug_info    0x0000000000000c37       0x26 ./hbird_sdk/SoC/hbirdv2/Common/Source/GCC/startup_hbirdv2.o
 .debug_info    0x0000000000000c5d      0x379 ./hbird_sdk/SoC/hbirdv2/Common/Source/Drivers/hbirdv2_gpio.o
 .debug_info    0x0000000000000fd6      0x524 ./hbird_sdk/SoC/hbirdv2/Common/Source/Drivers/hbirdv2_uart.o
 .debug_info    0x00000000000014fa      0x2f1 ./hbird_sdk/SoC/hbirdv2/Common/Source/hbirdv2_common.o
 .debug_info    0x00000000000017eb      0xc57 ./hbird_sdk/SoC/hbirdv2/Common/Source/system_hbirdv2.o
 .debug_info    0x0000000000002442     0x1436 ./application/main.o
 .debug_info    0x0000000000003878      0x7c0 e:/nucleistudio_ide_202212-win64/nucleistudio/toolchain/gcc/bin/../lib/gcc/riscv-nuclei-elf/10.2.0/rv32imafc/ilp32f\libgcc.a(_udivdi3.o)
 .debug_info    0x0000000000004038      0x5cc e:/nucleistudio_ide_202212-win64/nucleistudio/toolchain/gcc/bin/../lib/gcc/riscv-nuclei-elf/10.2.0/rv32imafc/ilp32f\libgcc.a(adddf3.o)
 .debug_info    0x0000000000004604      0x761 e:/nucleistudio_ide_202212-win64/nucleistudio/toolchain/gcc/bin/../lib/gcc/riscv-nuclei-elf/10.2.0/rv32imafc/ilp32f\libgcc.a(divdf3.o)
 .debug_info    0x0000000000004d65      0x270 e:/nucleistudio_ide_202212-win64/nucleistudio/toolchain/gcc/bin/../lib/gcc/riscv-nuclei-elf/10.2.0/rv32imafc/ilp32f\libgcc.a(eqdf2.o)
 .debug_info    0x0000000000004fd5      0x259 e:/nucleistudio_ide_202212-win64/nucleistudio/toolchain/gcc/bin/../lib/gcc/riscv-nuclei-elf/10.2.0/rv32imafc/ilp32f\libgcc.a(ledf2.o)
 .debug_info    0x000000000000522e      0x7a1 e:/nucleistudio_ide_202212-win64/nucleistudio/toolchain/gcc/bin/../lib/gcc/riscv-nuclei-elf/10.2.0/rv32imafc/ilp32f\libgcc.a(muldf3.o)
 .debug_info    0x00000000000059cf      0x5cc e:/nucleistudio_ide_202212-win64/nucleistudio/toolchain/gcc/bin/../lib/gcc/riscv-nuclei-elf/10.2.0/rv32imafc/ilp32f\libgcc.a(subdf3.o)
 .debug_info    0x0000000000005f9b      0x265 e:/nucleistudio_ide_202212-win64/nucleistudio/toolchain/gcc/bin/../lib/gcc/riscv-nuclei-elf/10.2.0/rv32imafc/ilp32f\libgcc.a(unorddf2.o)
 .debug_info    0x0000000000006200      0x29b e:/nucleistudio_ide_202212-win64/nucleistudio/toolchain/gcc/bin/../lib/gcc/riscv-nuclei-elf/10.2.0/rv32imafc/ilp32f\libgcc.a(floatsidf.o)
 .debug_info    0x000000000000649b      0x28e e:/nucleistudio_ide_202212-win64/nucleistudio/toolchain/gcc/bin/../lib/gcc/riscv-nuclei-elf/10.2.0/rv32imafc/ilp32f\libgcc.a(extendsfdf2.o)
 .debug_info    0x0000000000006729      0x2c0 e:/nucleistudio_ide_202212-win64/nucleistudio/toolchain/gcc/bin/../lib/gcc/riscv-nuclei-elf/10.2.0/rv32imafc/ilp32f\libgcc.a(truncdfsf2.o)
 .debug_info    0x00000000000069e9       0xe5 e:/nucleistudio_ide_202212-win64/nucleistudio/toolchain/gcc/bin/../lib/gcc/riscv-nuclei-elf/10.2.0/rv32imafc/ilp32f\libgcc.a(_clz.o)
 .debug_info    0x0000000000006ace      0x152 e:/nucleistudio_ide_202212-win64/nucleistudio/toolchain/gcc/bin/../lib/gcc/riscv-nuclei-elf/10.2.0/rv32imafc/ilp32f\libgcc.a(_clzsi2.o)
 .debug_info    0x0000000000006c20      0x259 e:/nucleistudio_ide_202212-win64/nucleistudio/toolchain/gcc/bin/../lib/gcc/riscv-nuclei-elf/10.2.0/rv32imafc/ilp32f\libgcc.a(gedf2.o)
 .debug_info    0x0000000000006e79      0x1ea e:/nucleistudio_ide_202212-win64/nucleistudio/toolchain/gcc/bin/../lib/gcc/riscv-nuclei-elf/10.2.0/rv32imafc/ilp32f\libgcc.a(fixdfsi.o)
 .debug_info    0x0000000000007063      0x28e e:/nucleistudio_ide_202212-win64/nucleistudio/toolchain/gcc/bin/../lib/gcc/riscv-nuclei-elf/10.2.0/rv32imafc/ilp32f\libgcc.a(floatunsidf.o)
 .debug_info    0x00000000000072f1      0x56d e:/nucleistudio_ide_202212-win64/nucleistudio/toolchain/gcc/bin/../lib/gcc/riscv-nuclei-elf/10.2.0/rv32imafc/ilp32f\libgcc.a(trunctfdf2.o)

.debug_abbrev   0x0000000000000000     0x246c
 .debug_abbrev  0x0000000000000000       0x6a ./hbird_sdk/SoC/hbirdv2/Common/Source/Stubs/close.o
 .debug_abbrev  0x000000000000006a       0x7c ./hbird_sdk/SoC/hbirdv2/Common/Source/Stubs/exit.o
 .debug_abbrev  0x00000000000000e6       0xc9 ./hbird_sdk/SoC/hbirdv2/Common/Source/Stubs/fstat.o
 .debug_abbrev  0x00000000000001af       0x46 ./hbird_sdk/SoC/hbirdv2/Common/Source/Stubs/getpid.o
 .debug_abbrev  0x00000000000001f5       0x57 ./hbird_sdk/SoC/hbirdv2/Common/Source/Stubs/isatty.o
 .debug_abbrev  0x000000000000024c       0x6a ./hbird_sdk/SoC/hbirdv2/Common/Source/Stubs/kill.o
 .debug_abbrev  0x00000000000002b6       0x57 ./hbird_sdk/SoC/hbirdv2/Common/Source/Stubs/lseek.o
 .debug_abbrev  0x000000000000030d       0xe6 ./hbird_sdk/SoC/hbirdv2/Common/Source/Stubs/read.o
 .debug_abbrev  0x00000000000003f3       0xa8 ./hbird_sdk/SoC/hbirdv2/Common/Source/Stubs/sbrk.o
 .debug_abbrev  0x000000000000049b      0x105 ./hbird_sdk/SoC/hbirdv2/Common/Source/Stubs/write.o
 .debug_abbrev  0x00000000000005a0       0x14 ./hbird_sdk/SoC/hbirdv2/Common/Source/GCC/intexc_hbirdv2.o
 .debug_abbrev  0x00000000000005b4       0x14 ./hbird_sdk/SoC/hbirdv2/Common/Source/GCC/startup_hbirdv2.o
 .debug_abbrev  0x00000000000005c8       0xe1 ./hbird_sdk/SoC/hbirdv2/Common/Source/Drivers/hbirdv2_gpio.o
 .debug_abbrev  0x00000000000006a9      0x14e ./hbird_sdk/SoC/hbirdv2/Common/Source/Drivers/hbirdv2_uart.o
 .debug_abbrev  0x00000000000007f7      0x130 ./hbird_sdk/SoC/hbirdv2/Common/Source/hbirdv2_common.o
 .debug_abbrev  0x0000000000000927      0x3be ./hbird_sdk/SoC/hbirdv2/Common/Source/system_hbirdv2.o
 .debug_abbrev  0x0000000000000ce5      0x194 ./application/main.o
 .debug_abbrev  0x0000000000000e79      0x19d e:/nucleistudio_ide_202212-win64/nucleistudio/toolchain/gcc/bin/../lib/gcc/riscv-nuclei-elf/10.2.0/rv32imafc/ilp32f\libgcc.a(_udivdi3.o)
 .debug_abbrev  0x0000000000001016      0x166 e:/nucleistudio_ide_202212-win64/nucleistudio/toolchain/gcc/bin/../lib/gcc/riscv-nuclei-elf/10.2.0/rv32imafc/ilp32f\libgcc.a(adddf3.o)
 .debug_abbrev  0x000000000000117c      0x162 e:/nucleistudio_ide_202212-win64/nucleistudio/toolchain/gcc/bin/../lib/gcc/riscv-nuclei-elf/10.2.0/rv32imafc/ilp32f\libgcc.a(divdf3.o)
 .debug_abbrev  0x00000000000012de      0x147 e:/nucleistudio_ide_202212-win64/nucleistudio/toolchain/gcc/bin/../lib/gcc/riscv-nuclei-elf/10.2.0/rv32imafc/ilp32f\libgcc.a(eqdf2.o)
 .debug_abbrev  0x0000000000001425      0x158 e:/nucleistudio_ide_202212-win64/nucleistudio/toolchain/gcc/bin/../lib/gcc/riscv-nuclei-elf/10.2.0/rv32imafc/ilp32f\libgcc.a(ledf2.o)
 .debug_abbrev  0x000000000000157d      0x17d e:/nucleistudio_ide_202212-win64/nucleistudio/toolchain/gcc/bin/../lib/gcc/riscv-nuclei-elf/10.2.0/rv32imafc/ilp32f\libgcc.a(muldf3.o)
 .debug_abbrev  0x00000000000016fa      0x166 e:/nucleistudio_ide_202212-win64/nucleistudio/toolchain/gcc/bin/../lib/gcc/riscv-nuclei-elf/10.2.0/rv32imafc/ilp32f\libgcc.a(subdf3.o)
 .debug_abbrev  0x0000000000001860      0x138 e:/nucleistudio_ide_202212-win64/nucleistudio/toolchain/gcc/bin/../lib/gcc/riscv-nuclei-elf/10.2.0/rv32imafc/ilp32f\libgcc.a(unorddf2.o)
 .debug_abbrev  0x0000000000001998      0x164 e:/nucleistudio_ide_202212-win64/nucleistudio/toolchain/gcc/bin/../lib/gcc/riscv-nuclei-elf/10.2.0/rv32imafc/ilp32f\libgcc.a(floatsidf.o)
 .debug_abbrev  0x0000000000001afc      0x149 e:/nucleistudio_ide_202212-win64/nucleistudio/toolchain/gcc/bin/../lib/gcc/riscv-nuclei-elf/10.2.0/rv32imafc/ilp32f\libgcc.a(extendsfdf2.o)
 .debug_abbrev  0x0000000000001c45      0x13e e:/nucleistudio_ide_202212-win64/nucleistudio/toolchain/gcc/bin/../lib/gcc/riscv-nuclei-elf/10.2.0/rv32imafc/ilp32f\libgcc.a(truncdfsf2.o)
 .debug_abbrev  0x0000000000001d83       0x70 e:/nucleistudio_ide_202212-win64/nucleistudio/toolchain/gcc/bin/../lib/gcc/riscv-nuclei-elf/10.2.0/rv32imafc/ilp32f\libgcc.a(_clz.o)
 .debug_abbrev  0x0000000000001df3       0xca e:/nucleistudio_ide_202212-win64/nucleistudio/toolchain/gcc/bin/../lib/gcc/riscv-nuclei-elf/10.2.0/rv32imafc/ilp32f\libgcc.a(_clzsi2.o)
 .debug_abbrev  0x0000000000001ebd      0x158 e:/nucleistudio_ide_202212-win64/nucleistudio/toolchain/gcc/bin/../lib/gcc/riscv-nuclei-elf/10.2.0/rv32imafc/ilp32f\libgcc.a(gedf2.o)
 .debug_abbrev  0x0000000000002015      0x144 e:/nucleistudio_ide_202212-win64/nucleistudio/toolchain/gcc/bin/../lib/gcc/riscv-nuclei-elf/10.2.0/rv32imafc/ilp32f\libgcc.a(fixdfsi.o)
 .debug_abbrev  0x0000000000002159      0x164 e:/nucleistudio_ide_202212-win64/nucleistudio/toolchain/gcc/bin/../lib/gcc/riscv-nuclei-elf/10.2.0/rv32imafc/ilp32f\libgcc.a(floatunsidf.o)
 .debug_abbrev  0x00000000000022bd      0x1af e:/nucleistudio_ide_202212-win64/nucleistudio/toolchain/gcc/bin/../lib/gcc/riscv-nuclei-elf/10.2.0/rv32imafc/ilp32f\libgcc.a(trunctfdf2.o)

.debug_aranges  0x0000000000000000      0x5a0
 .debug_aranges
                0x0000000000000000       0x20 ./hbird_sdk/SoC/hbirdv2/Common/Source/Stubs/close.o
 .debug_aranges
                0x0000000000000020       0x20 ./hbird_sdk/SoC/hbirdv2/Common/Source/Stubs/exit.o
 .debug_aranges
                0x0000000000000040       0x20 ./hbird_sdk/SoC/hbirdv2/Common/Source/Stubs/fstat.o
 .debug_aranges
                0x0000000000000060       0x20 ./hbird_sdk/SoC/hbirdv2/Common/Source/Stubs/getpid.o
 .debug_aranges
                0x0000000000000080       0x20 ./hbird_sdk/SoC/hbirdv2/Common/Source/Stubs/isatty.o
 .debug_aranges
                0x00000000000000a0       0x20 ./hbird_sdk/SoC/hbirdv2/Common/Source/Stubs/kill.o
 .debug_aranges
                0x00000000000000c0       0x20 ./hbird_sdk/SoC/hbirdv2/Common/Source/Stubs/lseek.o
 .debug_aranges
                0x00000000000000e0       0x20 ./hbird_sdk/SoC/hbirdv2/Common/Source/Stubs/read.o
 .debug_aranges
                0x0000000000000100       0x20 ./hbird_sdk/SoC/hbirdv2/Common/Source/Stubs/sbrk.o
 .debug_aranges
                0x0000000000000120       0x20 ./hbird_sdk/SoC/hbirdv2/Common/Source/Stubs/write.o
 .debug_aranges
                0x0000000000000140       0x20 ./hbird_sdk/SoC/hbirdv2/Common/Source/GCC/intexc_hbirdv2.o
 .debug_aranges
                0x0000000000000160       0x20 ./hbird_sdk/SoC/hbirdv2/Common/Source/GCC/startup_hbirdv2.o
 .debug_aranges
                0x0000000000000180       0x60 ./hbird_sdk/SoC/hbirdv2/Common/Source/Drivers/hbirdv2_gpio.o
 .debug_aranges
                0x00000000000001e0       0x98 ./hbird_sdk/SoC/hbirdv2/Common/Source/Drivers/hbirdv2_uart.o
 .debug_aranges
                0x0000000000000278       0x30 ./hbird_sdk/SoC/hbirdv2/Common/Source/hbirdv2_common.o
 .debug_aranges
                0x00000000000002a8       0xc0 ./hbird_sdk/SoC/hbirdv2/Common/Source/system_hbirdv2.o
 .debug_aranges
                0x0000000000000368       0x20 ./application/main.o
 .debug_aranges
                0x0000000000000388       0x20 e:/nucleistudio_ide_202212-win64/nucleistudio/toolchain/gcc/bin/../lib/gcc/riscv-nuclei-elf/10.2.0/rv32imafc/ilp32f\libgcc.a(_udivdi3.o)
 .debug_aranges
                0x00000000000003a8       0x20 e:/nucleistudio_ide_202212-win64/nucleistudio/toolchain/gcc/bin/../lib/gcc/riscv-nuclei-elf/10.2.0/rv32imafc/ilp32f\libgcc.a(adddf3.o)
 .debug_aranges
                0x00000000000003c8       0x20 e:/nucleistudio_ide_202212-win64/nucleistudio/toolchain/gcc/bin/../lib/gcc/riscv-nuclei-elf/10.2.0/rv32imafc/ilp32f\libgcc.a(divdf3.o)
 .debug_aranges
                0x00000000000003e8       0x20 e:/nucleistudio_ide_202212-win64/nucleistudio/toolchain/gcc/bin/../lib/gcc/riscv-nuclei-elf/10.2.0/rv32imafc/ilp32f\libgcc.a(eqdf2.o)
 .debug_aranges
                0x0000000000000408       0x20 e:/nucleistudio_ide_202212-win64/nucleistudio/toolchain/gcc/bin/../lib/gcc/riscv-nuclei-elf/10.2.0/rv32imafc/ilp32f\libgcc.a(ledf2.o)
 .debug_aranges
                0x0000000000000428       0x20 e:/nucleistudio_ide_202212-win64/nucleistudio/toolchain/gcc/bin/../lib/gcc/riscv-nuclei-elf/10.2.0/rv32imafc/ilp32f\libgcc.a(muldf3.o)
 .debug_aranges
                0x0000000000000448       0x20 e:/nucleistudio_ide_202212-win64/nucleistudio/toolchain/gcc/bin/../lib/gcc/riscv-nuclei-elf/10.2.0/rv32imafc/ilp32f\libgcc.a(subdf3.o)
 .debug_aranges
                0x0000000000000468       0x20 e:/nucleistudio_ide_202212-win64/nucleistudio/toolchain/gcc/bin/../lib/gcc/riscv-nuclei-elf/10.2.0/rv32imafc/ilp32f\libgcc.a(unorddf2.o)
 .debug_aranges
                0x0000000000000488       0x20 e:/nucleistudio_ide_202212-win64/nucleistudio/toolchain/gcc/bin/../lib/gcc/riscv-nuclei-elf/10.2.0/rv32imafc/ilp32f\libgcc.a(floatsidf.o)
 .debug_aranges
                0x00000000000004a8       0x20 e:/nucleistudio_ide_202212-win64/nucleistudio/toolchain/gcc/bin/../lib/gcc/riscv-nuclei-elf/10.2.0/rv32imafc/ilp32f\libgcc.a(extendsfdf2.o)
 .debug_aranges
                0x00000000000004c8       0x20 e:/nucleistudio_ide_202212-win64/nucleistudio/toolchain/gcc/bin/../lib/gcc/riscv-nuclei-elf/10.2.0/rv32imafc/ilp32f\libgcc.a(truncdfsf2.o)
 .debug_aranges
                0x00000000000004e8       0x18 e:/nucleistudio_ide_202212-win64/nucleistudio/toolchain/gcc/bin/../lib/gcc/riscv-nuclei-elf/10.2.0/rv32imafc/ilp32f\libgcc.a(_clz.o)
 .debug_aranges
                0x0000000000000500       0x20 e:/nucleistudio_ide_202212-win64/nucleistudio/toolchain/gcc/bin/../lib/gcc/riscv-nuclei-elf/10.2.0/rv32imafc/ilp32f\libgcc.a(_clzsi2.o)
 .debug_aranges
                0x0000000000000520       0x20 e:/nucleistudio_ide_202212-win64/nucleistudio/toolchain/gcc/bin/../lib/gcc/riscv-nuclei-elf/10.2.0/rv32imafc/ilp32f\libgcc.a(gedf2.o)
 .debug_aranges
                0x0000000000000540       0x20 e:/nucleistudio_ide_202212-win64/nucleistudio/toolchain/gcc/bin/../lib/gcc/riscv-nuclei-elf/10.2.0/rv32imafc/ilp32f\libgcc.a(fixdfsi.o)
 .debug_aranges
                0x0000000000000560       0x20 e:/nucleistudio_ide_202212-win64/nucleistudio/toolchain/gcc/bin/../lib/gcc/riscv-nuclei-elf/10.2.0/rv32imafc/ilp32f\libgcc.a(floatunsidf.o)
 .debug_aranges
                0x0000000000000580       0x20 e:/nucleistudio_ide_202212-win64/nucleistudio/toolchain/gcc/bin/../lib/gcc/riscv-nuclei-elf/10.2.0/rv32imafc/ilp32f\libgcc.a(trunctfdf2.o)

.debug_ranges   0x0000000000000000     0x1440
 .debug_ranges  0x0000000000000000       0x10 ./hbird_sdk/SoC/hbirdv2/Common/Source/Stubs/close.o
 .debug_ranges  0x0000000000000010       0x10 ./hbird_sdk/SoC/hbirdv2/Common/Source/Stubs/exit.o
 .debug_ranges  0x0000000000000020       0x10 ./hbird_sdk/SoC/hbirdv2/Common/Source/Stubs/fstat.o
 .debug_ranges  0x0000000000000030       0x10 ./hbird_sdk/SoC/hbirdv2/Common/Source/Stubs/getpid.o
 .debug_ranges  0x0000000000000040       0x10 ./hbird_sdk/SoC/hbirdv2/Common/Source/Stubs/isatty.o
 .debug_ranges  0x0000000000000050       0x10 ./hbird_sdk/SoC/hbirdv2/Common/Source/Stubs/kill.o
 .debug_ranges  0x0000000000000060       0x10 ./hbird_sdk/SoC/hbirdv2/Common/Source/Stubs/lseek.o
 .debug_ranges  0x0000000000000070       0x10 ./hbird_sdk/SoC/hbirdv2/Common/Source/Stubs/read.o
 .debug_ranges  0x0000000000000080       0x10 ./hbird_sdk/SoC/hbirdv2/Common/Source/Stubs/sbrk.o
 .debug_ranges  0x0000000000000090       0x10 ./hbird_sdk/SoC/hbirdv2/Common/Source/Stubs/write.o
 .debug_ranges  0x00000000000000a0       0x50 ./hbird_sdk/SoC/hbirdv2/Common/Source/Drivers/hbirdv2_gpio.o
 .debug_ranges  0x00000000000000f0       0x88 ./hbird_sdk/SoC/hbirdv2/Common/Source/Drivers/hbirdv2_uart.o
 .debug_ranges  0x0000000000000178       0x20 ./hbird_sdk/SoC/hbirdv2/Common/Source/hbirdv2_common.o
 .debug_ranges  0x0000000000000198       0xb0 ./hbird_sdk/SoC/hbirdv2/Common/Source/system_hbirdv2.o
 .debug_ranges  0x0000000000000248       0x10 ./application/main.o
 .debug_ranges  0x0000000000000258      0x108 e:/nucleistudio_ide_202212-win64/nucleistudio/toolchain/gcc/bin/../lib/gcc/riscv-nuclei-elf/10.2.0/rv32imafc/ilp32f\libgcc.a(_udivdi3.o)
 .debug_ranges  0x0000000000000360      0x3c8 e:/nucleistudio_ide_202212-win64/nucleistudio/toolchain/gcc/bin/../lib/gcc/riscv-nuclei-elf/10.2.0/rv32imafc/ilp32f\libgcc.a(adddf3.o)
 .debug_ranges  0x0000000000000728      0x1f8 e:/nucleistudio_ide_202212-win64/nucleistudio/toolchain/gcc/bin/../lib/gcc/riscv-nuclei-elf/10.2.0/rv32imafc/ilp32f\libgcc.a(divdf3.o)
 .debug_ranges  0x0000000000000920       0x70 e:/nucleistudio_ide_202212-win64/nucleistudio/toolchain/gcc/bin/../lib/gcc/riscv-nuclei-elf/10.2.0/rv32imafc/ilp32f\libgcc.a(eqdf2.o)
 .debug_ranges  0x0000000000000990       0x48 e:/nucleistudio_ide_202212-win64/nucleistudio/toolchain/gcc/bin/../lib/gcc/riscv-nuclei-elf/10.2.0/rv32imafc/ilp32f\libgcc.a(ledf2.o)
 .debug_ranges  0x00000000000009d8      0x250 e:/nucleistudio_ide_202212-win64/nucleistudio/toolchain/gcc/bin/../lib/gcc/riscv-nuclei-elf/10.2.0/rv32imafc/ilp32f\libgcc.a(muldf3.o)
 .debug_ranges  0x0000000000000c28      0x3d8 e:/nucleistudio_ide_202212-win64/nucleistudio/toolchain/gcc/bin/../lib/gcc/riscv-nuclei-elf/10.2.0/rv32imafc/ilp32f\libgcc.a(subdf3.o)
 .debug_ranges  0x0000000000001000       0x48 e:/nucleistudio_ide_202212-win64/nucleistudio/toolchain/gcc/bin/../lib/gcc/riscv-nuclei-elf/10.2.0/rv32imafc/ilp32f\libgcc.a(unorddf2.o)
 .debug_ranges  0x0000000000001048       0x78 e:/nucleistudio_ide_202212-win64/nucleistudio/toolchain/gcc/bin/../lib/gcc/riscv-nuclei-elf/10.2.0/rv32imafc/ilp32f\libgcc.a(floatsidf.o)
 .debug_ranges  0x00000000000010c0       0x30 e:/nucleistudio_ide_202212-win64/nucleistudio/toolchain/gcc/bin/../lib/gcc/riscv-nuclei-elf/10.2.0/rv32imafc/ilp32f\libgcc.a(extendsfdf2.o)
 .debug_ranges  0x00000000000010f0       0x98 e:/nucleistudio_ide_202212-win64/nucleistudio/toolchain/gcc/bin/../lib/gcc/riscv-nuclei-elf/10.2.0/rv32imafc/ilp32f\libgcc.a(truncdfsf2.o)
 .debug_ranges  0x0000000000001188       0x30 e:/nucleistudio_ide_202212-win64/nucleistudio/toolchain/gcc/bin/../lib/gcc/riscv-nuclei-elf/10.2.0/rv32imafc/ilp32f\libgcc.a(_clzsi2.o)
 .debug_ranges  0x00000000000011b8       0x48 e:/nucleistudio_ide_202212-win64/nucleistudio/toolchain/gcc/bin/../lib/gcc/riscv-nuclei-elf/10.2.0/rv32imafc/ilp32f\libgcc.a(gedf2.o)
 .debug_ranges  0x0000000000001200       0x68 e:/nucleistudio_ide_202212-win64/nucleistudio/toolchain/gcc/bin/../lib/gcc/riscv-nuclei-elf/10.2.0/rv32imafc/ilp32f\libgcc.a(fixdfsi.o)
 .debug_ranges  0x0000000000001268       0x80 e:/nucleistudio_ide_202212-win64/nucleistudio/toolchain/gcc/bin/../lib/gcc/riscv-nuclei-elf/10.2.0/rv32imafc/ilp32f\libgcc.a(floatunsidf.o)
 .debug_ranges  0x00000000000012e8      0x158 e:/nucleistudio_ide_202212-win64/nucleistudio/toolchain/gcc/bin/../lib/gcc/riscv-nuclei-elf/10.2.0/rv32imafc/ilp32f\libgcc.a(trunctfdf2.o)

.debug_line     0x0000000000000000     0xb720
 .debug_line    0x0000000000000000       0x7d ./hbird_sdk/SoC/hbirdv2/Common/Source/Stubs/close.o
 .debug_line    0x000000000000007d       0xed ./hbird_sdk/SoC/hbirdv2/Common/Source/Stubs/exit.o
 .debug_line    0x000000000000016a      0x1ab ./hbird_sdk/SoC/hbirdv2/Common/Source/Stubs/fstat.o
 .debug_line    0x0000000000000315       0x76 ./hbird_sdk/SoC/hbirdv2/Common/Source/Stubs/getpid.o
 .debug_line    0x000000000000038b       0x76 ./hbird_sdk/SoC/hbirdv2/Common/Source/Stubs/isatty.o
 .debug_line    0x0000000000000401       0x7c ./hbird_sdk/SoC/hbirdv2/Common/Source/Stubs/kill.o
 .debug_line    0x000000000000047d       0x75 ./hbird_sdk/SoC/hbirdv2/Common/Source/Stubs/lseek.o
 .debug_line    0x00000000000004f2      0x259 ./hbird_sdk/SoC/hbirdv2/Common/Source/Stubs/read.o
 .debug_line    0x000000000000074b      0x124 ./hbird_sdk/SoC/hbirdv2/Common/Source/Stubs/sbrk.o
 .debug_line    0x000000000000086f      0x2a8 ./hbird_sdk/SoC/hbirdv2/Common/Source/Stubs/write.o
 .debug_line    0x0000000000000b17       0x97 ./hbird_sdk/SoC/hbirdv2/Common/Source/GCC/intexc_hbirdv2.o
 .debug_line    0x0000000000000bae      0x175 ./hbird_sdk/SoC/hbirdv2/Common/Source/GCC/startup_hbirdv2.o
 .debug_line    0x0000000000000d23      0x4e7 ./hbird_sdk/SoC/hbirdv2/Common/Source/Drivers/hbirdv2_gpio.o
 .debug_line    0x000000000000120a      0x6bb ./hbird_sdk/SoC/hbirdv2/Common/Source/Drivers/hbirdv2_uart.o
 .debug_line    0x00000000000018c5      0x338 ./hbird_sdk/SoC/hbirdv2/Common/Source/hbirdv2_common.o
 .debug_line    0x0000000000001bfd      0x9b4 ./hbird_sdk/SoC/hbirdv2/Common/Source/system_hbirdv2.o
 .debug_line    0x00000000000025b1     0x1214 ./application/main.o
 .debug_line    0x00000000000037c5      0x769 e:/nucleistudio_ide_202212-win64/nucleistudio/toolchain/gcc/bin/../lib/gcc/riscv-nuclei-elf/10.2.0/rv32imafc/ilp32f\libgcc.a(_udivdi3.o)
 .debug_line    0x0000000000003f2e     0x15c1 e:/nucleistudio_ide_202212-win64/nucleistudio/toolchain/gcc/bin/../lib/gcc/riscv-nuclei-elf/10.2.0/rv32imafc/ilp32f\libgcc.a(adddf3.o)
 .debug_line    0x00000000000054ef     0x1236 e:/nucleistudio_ide_202212-win64/nucleistudio/toolchain/gcc/bin/../lib/gcc/riscv-nuclei-elf/10.2.0/rv32imafc/ilp32f\libgcc.a(divdf3.o)
 .debug_line    0x0000000000006725      0x2f8 e:/nucleistudio_ide_202212-win64/nucleistudio/toolchain/gcc/bin/../lib/gcc/riscv-nuclei-elf/10.2.0/rv32imafc/ilp32f\libgcc.a(eqdf2.o)
 .debug_line    0x0000000000006a1d      0x317 e:/nucleistudio_ide_202212-win64/nucleistudio/toolchain/gcc/bin/../lib/gcc/riscv-nuclei-elf/10.2.0/rv32imafc/ilp32f\libgcc.a(ledf2.o)
 .debug_line    0x0000000000006d34     0x1046 e:/nucleistudio_ide_202212-win64/nucleistudio/toolchain/gcc/bin/../lib/gcc/riscv-nuclei-elf/10.2.0/rv32imafc/ilp32f\libgcc.a(muldf3.o)
 .debug_line    0x0000000000007d7a     0x1613 e:/nucleistudio_ide_202212-win64/nucleistudio/toolchain/gcc/bin/../lib/gcc/riscv-nuclei-elf/10.2.0/rv32imafc/ilp32f\libgcc.a(subdf3.o)
 .debug_line    0x000000000000938d      0x243 e:/nucleistudio_ide_202212-win64/nucleistudio/toolchain/gcc/bin/../lib/gcc/riscv-nuclei-elf/10.2.0/rv32imafc/ilp32f\libgcc.a(unorddf2.o)
 .debug_line    0x00000000000095d0      0x268 e:/nucleistudio_ide_202212-win64/nucleistudio/toolchain/gcc/bin/../lib/gcc/riscv-nuclei-elf/10.2.0/rv32imafc/ilp32f\libgcc.a(floatsidf.o)
 .debug_line    0x0000000000009838      0x3cf e:/nucleistudio_ide_202212-win64/nucleistudio/toolchain/gcc/bin/../lib/gcc/riscv-nuclei-elf/10.2.0/rv32imafc/ilp32f\libgcc.a(extendsfdf2.o)
 .debug_line    0x0000000000009c07      0x6a3 e:/nucleistudio_ide_202212-win64/nucleistudio/toolchain/gcc/bin/../lib/gcc/riscv-nuclei-elf/10.2.0/rv32imafc/ilp32f\libgcc.a(truncdfsf2.o)
 .debug_line    0x000000000000a2aa       0x73 e:/nucleistudio_ide_202212-win64/nucleistudio/toolchain/gcc/bin/../lib/gcc/riscv-nuclei-elf/10.2.0/rv32imafc/ilp32f\libgcc.a(_clz.o)
 .debug_line    0x000000000000a31d       0xff e:/nucleistudio_ide_202212-win64/nucleistudio/toolchain/gcc/bin/../lib/gcc/riscv-nuclei-elf/10.2.0/rv32imafc/ilp32f\libgcc.a(_clzsi2.o)
 .debug_line    0x000000000000a41c      0x317 e:/nucleistudio_ide_202212-win64/nucleistudio/toolchain/gcc/bin/../lib/gcc/riscv-nuclei-elf/10.2.0/rv32imafc/ilp32f\libgcc.a(gedf2.o)
 .debug_line    0x000000000000a733      0x2f2 e:/nucleistudio_ide_202212-win64/nucleistudio/toolchain/gcc/bin/../lib/gcc/riscv-nuclei-elf/10.2.0/rv32imafc/ilp32f\libgcc.a(fixdfsi.o)
 .debug_line    0x000000000000aa25      0x288 e:/nucleistudio_ide_202212-win64/nucleistudio/toolchain/gcc/bin/../lib/gcc/riscv-nuclei-elf/10.2.0/rv32imafc/ilp32f\libgcc.a(floatunsidf.o)
 .debug_line    0x000000000000acad      0xa73 e:/nucleistudio_ide_202212-win64/nucleistudio/toolchain/gcc/bin/../lib/gcc/riscv-nuclei-elf/10.2.0/rv32imafc/ilp32f\libgcc.a(trunctfdf2.o)

.debug_str      0x0000000000000000     0x1f31
 .debug_str     0x0000000000000000      0x173 ./hbird_sdk/SoC/hbirdv2/Common/Source/Stubs/close.o
                                        0x1b8 (size before relaxing)
 .debug_str     0x0000000000000173       0x40 ./hbird_sdk/SoC/hbirdv2/Common/Source/Stubs/exit.o
                                        0x1b1 (size before relaxing)
 .debug_str     0x00000000000001b3      0x141 ./hbird_sdk/SoC/hbirdv2/Common/Source/Stubs/fstat.o
                                        0x309 (size before relaxing)
 .debug_str     0x00000000000002f4       0x3e ./hbird_sdk/SoC/hbirdv2/Common/Source/Stubs/getpid.o
                                        0x1b4 (size before relaxing)
 .debug_str     0x0000000000000332       0x3e ./hbird_sdk/SoC/hbirdv2/Common/Source/Stubs/isatty.o
                                        0x1b4 (size before relaxing)
 .debug_str     0x0000000000000370       0x3a ./hbird_sdk/SoC/hbirdv2/Common/Source/Stubs/kill.o
                                        0x1b6 (size before relaxing)
 .debug_str     0x00000000000003aa       0x4a ./hbird_sdk/SoC/hbirdv2/Common/Source/Stubs/lseek.o
                                        0x1c5 (size before relaxing)
 .debug_str     0x00000000000003f4       0x5c ./hbird_sdk/SoC/hbirdv2/Common/Source/Stubs/read.o
                                        0x203 (size before relaxing)
 .debug_str     0x0000000000000450       0x5a ./hbird_sdk/SoC/hbirdv2/Common/Source/Stubs/sbrk.o
                                        0x1d5 (size before relaxing)
 .debug_str     0x00000000000004aa       0x3e ./hbird_sdk/SoC/hbirdv2/Common/Source/Stubs/write.o
                                        0x206 (size before relaxing)
 .debug_str     0x00000000000004e8       0x4a ./hbird_sdk/SoC/hbirdv2/Common/Source/GCC/intexc_hbirdv2.o
                                         0x7b (size before relaxing)
 .debug_str     0x0000000000000532       0x3d ./hbird_sdk/SoC/hbirdv2/Common/Source/GCC/startup_hbirdv2.o
                                         0x7c (size before relaxing)
 .debug_str     0x000000000000056f      0x18d ./hbird_sdk/SoC/hbirdv2/Common/Source/Drivers/hbirdv2_gpio.o
                                        0x31f (size before relaxing)
 .debug_str     0x00000000000006fc      0x219 ./hbird_sdk/SoC/hbirdv2/Common/Source/Drivers/hbirdv2_uart.o
                                        0x3e1 (size before relaxing)
 .debug_str     0x0000000000000915      0x11e ./hbird_sdk/SoC/hbirdv2/Common/Source/hbirdv2_common.o
                                        0x2b5 (size before relaxing)
 .debug_str     0x0000000000000a33      0x580 ./hbird_sdk/SoC/hbirdv2/Common/Source/system_hbirdv2.o
                                        0x7be (size before relaxing)
 .debug_str     0x0000000000000fb3      0x170 ./application/main.o
                                        0x366 (size before relaxing)
 .debug_str     0x0000000000001123      0x2a7 e:/nucleistudio_ide_202212-win64/nucleistudio/toolchain/gcc/bin/../lib/gcc/riscv-nuclei-elf/10.2.0/rv32imafc/ilp32f\libgcc.a(_udivdi3.o)
                                        0x365 (size before relaxing)
 .debug_str     0x00000000000013ca      0x298 e:/nucleistudio_ide_202212-win64/nucleistudio/toolchain/gcc/bin/../lib/gcc/riscv-nuclei-elf/10.2.0/rv32imafc/ilp32f\libgcc.a(adddf3.o)
                                        0x3a6 (size before relaxing)
 .debug_str     0x0000000000001662      0x1b8 e:/nucleistudio_ide_202212-win64/nucleistudio/toolchain/gcc/bin/../lib/gcc/riscv-nuclei-elf/10.2.0/rv32imafc/ilp32f\libgcc.a(divdf3.o)
                                        0x468 (size before relaxing)
 .debug_str     0x000000000000181a       0x73 e:/nucleistudio_ide_202212-win64/nucleistudio/toolchain/gcc/bin/../lib/gcc/riscv-nuclei-elf/10.2.0/rv32imafc/ilp32f\libgcc.a(eqdf2.o)
                                        0x2b7 (size before relaxing)
 .debug_str     0x000000000000188d       0x78 e:/nucleistudio_ide_202212-win64/nucleistudio/toolchain/gcc/bin/../lib/gcc/riscv-nuclei-elf/10.2.0/rv32imafc/ilp32f\libgcc.a(ledf2.o)
                                        0x2db (size before relaxing)
 .debug_str     0x0000000000001905      0x17b e:/nucleistudio_ide_202212-win64/nucleistudio/toolchain/gcc/bin/../lib/gcc/riscv-nuclei-elf/10.2.0/rv32imafc/ilp32f\libgcc.a(muldf3.o)
                                        0x4c0 (size before relaxing)
 .debug_str     0x0000000000001a80       0x56 e:/nucleistudio_ide_202212-win64/nucleistudio/toolchain/gcc/bin/../lib/gcc/riscv-nuclei-elf/10.2.0/rv32imafc/ilp32f\libgcc.a(subdf3.o)
                                        0x3a6 (size before relaxing)
 .debug_str     0x0000000000001ad6       0x5a e:/nucleistudio_ide_202212-win64/nucleistudio/toolchain/gcc/bin/../lib/gcc/riscv-nuclei-elf/10.2.0/rv32imafc/ilp32f\libgcc.a(unorddf2.o)
                                        0x2bd (size before relaxing)
 .debug_str     0x0000000000001b30       0x89 e:/nucleistudio_ide_202212-win64/nucleistudio/toolchain/gcc/bin/../lib/gcc/riscv-nuclei-elf/10.2.0/rv32imafc/ilp32f\libgcc.a(floatsidf.o)
                                        0x353 (size before relaxing)
 .debug_str     0x0000000000001bb9       0x9a e:/nucleistudio_ide_202212-win64/nucleistudio/toolchain/gcc/bin/../lib/gcc/riscv-nuclei-elf/10.2.0/rv32imafc/ilp32f\libgcc.a(extendsfdf2.o)
                                        0x2e1 (size before relaxing)
 .debug_str     0x0000000000001c53       0x86 e:/nucleistudio_ide_202212-win64/nucleistudio/toolchain/gcc/bin/../lib/gcc/riscv-nuclei-elf/10.2.0/rv32imafc/ilp32f\libgcc.a(truncdfsf2.o)
                                        0x336 (size before relaxing)
 .debug_str     0x0000000000001cd9      0x2ac e:/nucleistudio_ide_202212-win64/nucleistudio/toolchain/gcc/bin/../lib/gcc/riscv-nuclei-elf/10.2.0/rv32imafc/ilp32f\libgcc.a(_clz.o)
 .debug_str     0x0000000000001cd9      0x2c9 e:/nucleistudio_ide_202212-win64/nucleistudio/toolchain/gcc/bin/../lib/gcc/riscv-nuclei-elf/10.2.0/rv32imafc/ilp32f\libgcc.a(_clzsi2.o)
 .debug_str     0x0000000000001cd9       0x54 e:/nucleistudio_ide_202212-win64/nucleistudio/toolchain/gcc/bin/../lib/gcc/riscv-nuclei-elf/10.2.0/rv32imafc/ilp32f\libgcc.a(gedf2.o)
                                        0x2db (size before relaxing)
 .debug_str     0x0000000000001d2d       0x6b e:/nucleistudio_ide_202212-win64/nucleistudio/toolchain/gcc/bin/../lib/gcc/riscv-nuclei-elf/10.2.0/rv32imafc/ilp32f\libgcc.a(fixdfsi.o)
                                        0x2b4 (size before relaxing)
 .debug_str     0x0000000000001d98       0x60 e:/nucleistudio_ide_202212-win64/nucleistudio/toolchain/gcc/bin/../lib/gcc/riscv-nuclei-elf/10.2.0/rv32imafc/ilp32f\libgcc.a(floatunsidf.o)
                                        0x350 (size before relaxing)
 .debug_str     0x0000000000001df8      0x139 e:/nucleistudio_ide_202212-win64/nucleistudio/toolchain/gcc/bin/../lib/gcc/riscv-nuclei-elf/10.2.0/rv32imafc/ilp32f\libgcc.a(trunctfdf2.o)
                                        0x47f (size before relaxing)

.comment        0x0000000000000000       0x23
 .comment       0x0000000000000000       0x12 ./hbird_sdk/SoC/hbirdv2/Common/Source/Stubs/close.o
                                         0x13 (size before relaxing)
 .comment       0x0000000000000012       0x13 ./hbird_sdk/SoC/hbirdv2/Common/Source/Stubs/exit.o
 .comment       0x0000000000000012       0x13 ./hbird_sdk/SoC/hbirdv2/Common/Source/Stubs/fstat.o
 .comment       0x0000000000000012       0x13 ./hbird_sdk/SoC/hbirdv2/Common/Source/Stubs/getpid.o
 .comment       0x0000000000000012       0x13 ./hbird_sdk/SoC/hbirdv2/Common/Source/Stubs/isatty.o
 .comment       0x0000000000000012       0x13 ./hbird_sdk/SoC/hbirdv2/Common/Source/Stubs/kill.o
 .comment       0x0000000000000012       0x13 ./hbird_sdk/SoC/hbirdv2/Common/Source/Stubs/lseek.o
 .comment       0x0000000000000012       0x13 ./hbird_sdk/SoC/hbirdv2/Common/Source/Stubs/read.o
 .comment       0x0000000000000012       0x13 ./hbird_sdk/SoC/hbirdv2/Common/Source/Stubs/sbrk.o
 .comment       0x0000000000000012       0x13 ./hbird_sdk/SoC/hbirdv2/Common/Source/Stubs/write.o
 .comment       0x0000000000000012       0x13 ./hbird_sdk/SoC/hbirdv2/Common/Source/Drivers/hbirdv2_gpio.o
 .comment       0x0000000000000012       0x13 ./hbird_sdk/SoC/hbirdv2/Common/Source/Drivers/hbirdv2_uart.o
 .comment       0x0000000000000012       0x13 ./hbird_sdk/SoC/hbirdv2/Common/Source/hbirdv2_common.o
 .comment       0x0000000000000012       0x13 ./hbird_sdk/SoC/hbirdv2/Common/Source/system_hbirdv2.o
 .comment       0x0000000000000012       0x13 ./application/main.o
 .comment       0x0000000000000012       0x11 E:\NucleiStudio_Workspace\e203cifar10_test\hbird_sdk\NMSIS\Library\NN\GCC\libnmsis_nn_rv32imafc.a(riscv_softmax_q7.c.o)
                                         0x12 (size before relaxing)
 .comment       0x0000000000000023       0x12 E:\NucleiStudio_Workspace\e203cifar10_test\hbird_sdk\NMSIS\Library\NN\GCC\libnmsis_nn_rv32imafc.a(riscv_convolve_HWC_q7_fast.c.o)
 .comment       0x0000000000000023       0x12 E:\NucleiStudio_Workspace\e203cifar10_test\hbird_sdk\NMSIS\Library\NN\GCC\libnmsis_nn_rv32imafc.a(riscv_convolve_HWC_q7_RGB.c.o)
 .comment       0x0000000000000023       0x12 E:\NucleiStudio_Workspace\e203cifar10_test\hbird_sdk\NMSIS\Library\NN\GCC\libnmsis_nn_rv32imafc.a(riscv_relu_q7.c.o)
 .comment       0x0000000000000023       0x12 E:\NucleiStudio_Workspace\e203cifar10_test\hbird_sdk\NMSIS\Library\NN\GCC\libnmsis_nn_rv32imafc.a(riscv_fully_connected_q7_opt.c.o)
 .comment       0x0000000000000023       0x12 E:\NucleiStudio_Workspace\e203cifar10_test\hbird_sdk\NMSIS\Library\NN\GCC\libnmsis_nn_rv32imafc.a(riscv_pool_q7_HWC.c.o)
 .comment       0x0000000000000023       0x13 e:/nucleistudio_ide_202212-win64/nucleistudio/toolchain/gcc/bin/../lib/gcc/riscv-nuclei-elf/10.2.0/rv32imafc/ilp32f\libgcc.a(_udivdi3.o)
 .comment       0x0000000000000023       0x13 e:/nucleistudio_ide_202212-win64/nucleistudio/toolchain/gcc/bin/../lib/gcc/riscv-nuclei-elf/10.2.0/rv32imafc/ilp32f\libgcc.a(adddf3.o)
 .comment       0x0000000000000023       0x13 e:/nucleistudio_ide_202212-win64/nucleistudio/toolchain/gcc/bin/../lib/gcc/riscv-nuclei-elf/10.2.0/rv32imafc/ilp32f\libgcc.a(divdf3.o)
 .comment       0x0000000000000023       0x13 e:/nucleistudio_ide_202212-win64/nucleistudio/toolchain/gcc/bin/../lib/gcc/riscv-nuclei-elf/10.2.0/rv32imafc/ilp32f\libgcc.a(eqdf2.o)
 .comment       0x0000000000000023       0x13 e:/nucleistudio_ide_202212-win64/nucleistudio/toolchain/gcc/bin/../lib/gcc/riscv-nuclei-elf/10.2.0/rv32imafc/ilp32f\libgcc.a(ledf2.o)
 .comment       0x0000000000000023       0x13 e:/nucleistudio_ide_202212-win64/nucleistudio/toolchain/gcc/bin/../lib/gcc/riscv-nuclei-elf/10.2.0/rv32imafc/ilp32f\libgcc.a(muldf3.o)
 .comment       0x0000000000000023       0x13 e:/nucleistudio_ide_202212-win64/nucleistudio/toolchain/gcc/bin/../lib/gcc/riscv-nuclei-elf/10.2.0/rv32imafc/ilp32f\libgcc.a(subdf3.o)
 .comment       0x0000000000000023       0x13 e:/nucleistudio_ide_202212-win64/nucleistudio/toolchain/gcc/bin/../lib/gcc/riscv-nuclei-elf/10.2.0/rv32imafc/ilp32f\libgcc.a(unorddf2.o)
 .comment       0x0000000000000023       0x13 e:/nucleistudio_ide_202212-win64/nucleistudio/toolchain/gcc/bin/../lib/gcc/riscv-nuclei-elf/10.2.0/rv32imafc/ilp32f\libgcc.a(floatsidf.o)
 .comment       0x0000000000000023       0x13 e:/nucleistudio_ide_202212-win64/nucleistudio/toolchain/gcc/bin/../lib/gcc/riscv-nuclei-elf/10.2.0/rv32imafc/ilp32f\libgcc.a(extendsfdf2.o)
 .comment       0x0000000000000023       0x13 e:/nucleistudio_ide_202212-win64/nucleistudio/toolchain/gcc/bin/../lib/gcc/riscv-nuclei-elf/10.2.0/rv32imafc/ilp32f\libgcc.a(truncdfsf2.o)
 .comment       0x0000000000000023       0x13 e:/nucleistudio_ide_202212-win64/nucleistudio/toolchain/gcc/bin/../lib/gcc/riscv-nuclei-elf/10.2.0/rv32imafc/ilp32f\libgcc.a(_clz.o)
 .comment       0x0000000000000023       0x13 e:/nucleistudio_ide_202212-win64/nucleistudio/toolchain/gcc/bin/../lib/gcc/riscv-nuclei-elf/10.2.0/rv32imafc/ilp32f\libgcc.a(_clzsi2.o)
 .comment       0x0000000000000023       0x13 e:/nucleistudio_ide_202212-win64/nucleistudio/toolchain/gcc/bin/../lib/gcc/riscv-nuclei-elf/10.2.0/../../../../riscv-nuclei-elf/lib/rv32imafc/ilp32f\libg_nano.a(lib_a-atexit.o)
 .comment       0x0000000000000023       0x13 e:/nucleistudio_ide_202212-win64/nucleistudio/toolchain/gcc/bin/../lib/gcc/riscv-nuclei-elf/10.2.0/../../../../riscv-nuclei-elf/lib/rv32imafc/ilp32f\libg_nano.a(lib_a-fini.o)
 .comment       0x0000000000000023       0x13 e:/nucleistudio_ide_202212-win64/nucleistudio/toolchain/gcc/bin/../lib/gcc/riscv-nuclei-elf/10.2.0/../../../../riscv-nuclei-elf/lib/rv32imafc/ilp32f\libg_nano.a(lib_a-impure.o)
 .comment       0x0000000000000023       0x13 e:/nucleistudio_ide_202212-win64/nucleistudio/toolchain/gcc/bin/../lib/gcc/riscv-nuclei-elf/10.2.0/../../../../riscv-nuclei-elf/lib/rv32imafc/ilp32f\libg_nano.a(lib_a-init.o)
 .comment       0x0000000000000023       0x13 e:/nucleistudio_ide_202212-win64/nucleistudio/toolchain/gcc/bin/../lib/gcc/riscv-nuclei-elf/10.2.0/../../../../riscv-nuclei-elf/lib/rv32imafc/ilp32f\libg_nano.a(lib_a-nano-vfprintf_float.o)
 .comment       0x0000000000000023       0x13 e:/nucleistudio_ide_202212-win64/nucleistudio/toolchain/gcc/bin/../lib/gcc/riscv-nuclei-elf/10.2.0/../../../../riscv-nuclei-elf/lib/rv32imafc/ilp32f\libg_nano.a(lib_a-nano-vfprintf_i.o)
 .comment       0x0000000000000023       0x13 e:/nucleistudio_ide_202212-win64/nucleistudio/toolchain/gcc/bin/../lib/gcc/riscv-nuclei-elf/10.2.0/../../../../riscv-nuclei-elf/lib/rv32imafc/ilp32f\libg_nano.a(lib_a-printf.o)
 .comment       0x0000000000000023       0x13 e:/nucleistudio_ide_202212-win64/nucleistudio/toolchain/gcc/bin/../lib/gcc/riscv-nuclei-elf/10.2.0/../../../../riscv-nuclei-elf/lib/rv32imafc/ilp32f\libg_nano.a(lib_a-puts.o)
 .comment       0x0000000000000023       0x13 e:/nucleistudio_ide_202212-win64/nucleistudio/toolchain/gcc/bin/../lib/gcc/riscv-nuclei-elf/10.2.0/../../../../riscv-nuclei-elf/lib/rv32imafc/ilp32f\libg_nano.a(lib_a-reent.o)
 .comment       0x0000000000000023       0x13 e:/nucleistudio_ide_202212-win64/nucleistudio/toolchain/gcc/bin/../lib/gcc/riscv-nuclei-elf/10.2.0/../../../../riscv-nuclei-elf/lib/rv32imafc/ilp32f\libg_nano.a(lib_a-strlen.o)
 .comment       0x0000000000000023       0x13 e:/nucleistudio_ide_202212-win64/nucleistudio/toolchain/gcc/bin/../lib/gcc/riscv-nuclei-elf/10.2.0/../../../../riscv-nuclei-elf/lib/rv32imafc/ilp32f\libg_nano.a(lib_a-sysisatty.o)
 .comment       0x0000000000000023       0x13 e:/nucleistudio_ide_202212-win64/nucleistudio/toolchain/gcc/bin/../lib/gcc/riscv-nuclei-elf/10.2.0/../../../../riscv-nuclei-elf/lib/rv32imafc/ilp32f\libg_nano.a(lib_a-wbuf.o)
 .comment       0x0000000000000023       0x13 e:/nucleistudio_ide_202212-win64/nucleistudio/toolchain/gcc/bin/../lib/gcc/riscv-nuclei-elf/10.2.0/../../../../riscv-nuclei-elf/lib/rv32imafc/ilp32f\libg_nano.a(lib_a-wsetup.o)
 .comment       0x0000000000000023       0x13 e:/nucleistudio_ide_202212-win64/nucleistudio/toolchain/gcc/bin/../lib/gcc/riscv-nuclei-elf/10.2.0/../../../../riscv-nuclei-elf/lib/rv32imafc/ilp32f\libg_nano.a(lib_a-__atexit.o)
 .comment       0x0000000000000023       0x13 e:/nucleistudio_ide_202212-win64/nucleistudio/toolchain/gcc/bin/../lib/gcc/riscv-nuclei-elf/10.2.0/../../../../riscv-nuclei-elf/lib/rv32imafc/ilp32f\libg_nano.a(lib_a-__call_atexit.o)
 .comment       0x0000000000000023       0x13 e:/nucleistudio_ide_202212-win64/nucleistudio/toolchain/gcc/bin/../lib/gcc/riscv-nuclei-elf/10.2.0/../../../../riscv-nuclei-elf/lib/rv32imafc/ilp32f\libg_nano.a(lib_a-dtoa.o)